<html>
<body>
<pre>
<h1>µVision Build Log</h1>
<h2>Tool Versions:</h2>
IDE-Version: ¦ÌVision V5.38.0.0
Copyright (C) 2022 ARM Ltd and ARM Germany GmbH. All rights reserved.
License Information: Cossiant Cossiant, Cossiant, LIC=EXJT4-FJJDJ-FWQ2N-YHQGR-PN10D-HMAKK
 
Tool Versions:
Toolchain:       MDK-ARM Plus  Version: 5.14.0.0
Toolchain Path:  D:\Apps\Works\Keil_v5\Keil_v5\ARM\ARMCC\Bin
C Compiler:      Armcc.exe V5.05 update 1 (build 106)
Assembler:       Armasm.exe V5.05 update 1 (build 106)
Linker/Locator:  ArmLink.exe V5.05 update 1 (build 106)
Library Manager: ArmAr.exe V5.05 update 1 (build 106)
Hex Converter:   FromElf.exe V5.05 update 1 (build 106)
CPU DLL:         SARMCM3.DLL V5.14.0.0
Dialog DLL:      DCM.DLL V1.13.1.0
Target DLL:      STLink\ST-LINKIII-KEIL_SWO.dll V2.0.14.0_KEIL
Dialog DLL:      TCM.DLL V1.14.4.0
 
<h2>Project:</h2>
E:\Work\STM32\FreeRTOSSTM32ZET6\MDK-ARM\FreeRTOSSTM32ZET6.uvprojx
Project File Date:  03/03/2025

<h2>Output:</h2>
*** Using Compiler 'V5.05 update 1 (build 106)', folder: 'D:\Apps\Works\Keil_v5\Keil_v5\ARM\ARMCC\Bin'
Rebuild target 'FreeRTOSSTM32ZET6'
assembling startup_stm32f103xe.s...
compiling stm32f1xx_hal_rcc_ex.c...
compiling stm32f1xx_hal.c...
compiling fsmc.c...
compiling stm32f1xx_hal_timebase_tim.c...
compiling stm32f1xx_it.c...
compiling stm32f1xx_hal_msp.c...
compiling stm32f1xx_hal_tim_ex.c...
compiling stm32f1xx_hal_tim.c...
compiling usart.c...
compiling stm32f1xx_hal_gpio_ex.c...
compiling dma.c...
compiling main.c...
compiling stm32f1xx_hal_rcc.c...
compiling gpio.c...
compiling freertos.c...
compiling croutine.c...
compiling event_groups.c...
compiling list.c...
compiling queue.c...
compiling stream_buffer.c...
compiling tasks.c...
compiling stm32f1xx_hal_gpio.c...
compiling timers.c...
compiling stm32f1xx_hal_sram.c...
compiling heap_4.c...
compiling stm32f1xx_hal_pccard.c...
compiling stm32f1xx_ll_fsmc.c...
compiling port.c...
compiling stm32f1xx_hal_nand.c...
compiling stm32f1xx_hal_cortex.c...
compiling stm32f1xx_hal_flash.c...
compiling system_stm32f1xx.c...
compiling stm32f1xx_hal_exti.c...
compiling stm32f1xx_hal_nor.c...
compiling stm32f1xx_hal_pwr.c...
compiling stm32f1xx_hal_flash_ex.c...
compiling stm32f1xx_hal_dma.c...
compiling stm32f1xx_hal_uart.c...
compiling delay.c...
compiling mytask.c...
compiling cmsis_os2.c...
compiling lcd.c...
linking...
Program Size: Code=36752 RO-data=13444 RW-data=200 ZI-data=11656  
FromELF: creating hex file...
"FreeRTOSSTM32ZET6\FreeRTOSSTM32ZET6.axf" - 0 Error(s), 0 Warning(s).

<h2>Software Packages used:</h2>

Package Vendor: ARM
                http://www.keil.com/pack/ARM.CMSIS.4.2.0.pack
                ARM.CMSIS.4.2.0
                CMSIS (Cortex Microcontroller Software Interface Standard)
   * Component: CORE Version: 3.40.0

Package Vendor: Keil
                http://www.keil.com/pack/Keil.STM32F1xx_DFP.2.4.0.pack
                Keil.STM32F1xx_DFP.2.4.0
                STMicroelectronics STM32F1 Series Device Support, Drivers and Examples

<h2>Collection of Component include folders:</h2>
  ./RTE/_FreeRTOSSTM32ZET6
  D:/Apps/Works/Keil_v5/Keil_v5/ARM/Pack/ARM/CMSIS/4.2.0/CMSIS/Include
  D:/Apps/Works/Keil_v5/Keil_v5/ARM/Pack/Keil/STM32F1xx_DFP/2.4.0/Device/Include

<h2>Collection of Component Files used:</h2>

   * Component: ARM::CMSIS:CORE:3.40.0
      Source file:   CMSIS/UserCodeTemplates/ARM/ITM_Retarget.c
Build Time Elapsed:  00:00:09
</pre>
</body>
</html>
