Component: ARM Compiler 5.05 update 1 (build 106) Tool: armlink [4d0efa]

==============================================================================

Section Cross References

    startup_stm32f103xe.o(STACK) refers (Special) to heapauxi.o(.text) for __use_two_region_memory
    startup_stm32f103xe.o(HEAP) refers (Special) to heapauxi.o(.text) for __use_two_region_memory
    startup_stm32f103xe.o(RESET) refers (Special) to heapauxi.o(.text) for __use_two_region_memory
    startup_stm32f103xe.o(RESET) refers to startup_stm32f103xe.o(STACK) for __initial_sp
    startup_stm32f103xe.o(RESET) refers to startup_stm32f103xe.o(.text) for Reset_Handler
    startup_stm32f103xe.o(RESET) refers to stm32f1xx_it.o(i.NMI_Handler) for NMI_Handler
    startup_stm32f103xe.o(RESET) refers to stm32f1xx_it.o(i.HardFault_Handler) for HardFault_Handler
    startup_stm32f103xe.o(RESET) refers to stm32f1xx_it.o(i.MemManage_Handler) for MemManage_Handler
    startup_stm32f103xe.o(RESET) refers to stm32f1xx_it.o(i.BusFault_Handler) for BusFault_Handler
    startup_stm32f103xe.o(RESET) refers to stm32f1xx_it.o(i.UsageFault_Handler) for UsageFault_Handler
    startup_stm32f103xe.o(RESET) refers to port.o(.emb_text) for SVC_Handler
    startup_stm32f103xe.o(RESET) refers to stm32f1xx_it.o(i.DebugMon_Handler) for DebugMon_Handler
    startup_stm32f103xe.o(RESET) refers to cmsis_os2.o(i.SysTick_Handler) for SysTick_Handler
    startup_stm32f103xe.o(RESET) refers to stm32f1xx_it.o(i.DMA1_Channel4_IRQHandler) for DMA1_Channel4_IRQHandler
    startup_stm32f103xe.o(RESET) refers to stm32f1xx_it.o(i.DMA1_Channel5_IRQHandler) for DMA1_Channel5_IRQHandler
    startup_stm32f103xe.o(RESET) refers to stm32f1xx_it.o(i.TIM1_UP_IRQHandler) for TIM1_UP_IRQHandler
    startup_stm32f103xe.o(RESET) refers to stm32f1xx_it.o(i.USART1_IRQHandler) for USART1_IRQHandler
    startup_stm32f103xe.o(.text) refers (Special) to heapauxi.o(.text) for __use_two_region_memory
    startup_stm32f103xe.o(.text) refers to system_stm32f1xx.o(i.SystemInit) for SystemInit
    startup_stm32f103xe.o(.text) refers to __main.o(!!!main) for __main
    startup_stm32f103xe.o(.text) refers to startup_stm32f103xe.o(HEAP) for Heap_Mem
    startup_stm32f103xe.o(.text) refers to startup_stm32f103xe.o(STACK) for Stack_Mem
    main.o(i.HAL_TIM_PeriodElapsedCallback) refers to stm32f1xx_hal.o(i.HAL_IncTick) for HAL_IncTick
    main.o(i.SystemClock_Config) refers to rt_memclr_w.o(.text) for __aeabi_memclr4
    main.o(i.SystemClock_Config) refers to stm32f1xx_hal_rcc.o(i.HAL_RCC_OscConfig) for HAL_RCC_OscConfig
    main.o(i.SystemClock_Config) refers to stm32f1xx_hal_rcc.o(i.HAL_RCC_ClockConfig) for HAL_RCC_ClockConfig
    main.o(i.main) refers to stm32f1xx_hal.o(i.HAL_Init) for HAL_Init
    main.o(i.main) refers to main.o(i.SystemClock_Config) for SystemClock_Config
    main.o(i.main) refers to gpio.o(i.MX_GPIO_Init) for MX_GPIO_Init
    main.o(i.main) refers to dma.o(i.MX_DMA_Init) for MX_DMA_Init
    main.o(i.main) refers to usart.o(i.MX_USART1_UART_Init) for MX_USART1_UART_Init
    main.o(i.main) refers to fsmc.o(i.MX_FSMC_Init) for MX_FSMC_Init
    main.o(i.main) refers to cmsis_os2.o(i.osKernelInitialize) for osKernelInitialize
    main.o(i.main) refers to freertos.o(i.MX_FREERTOS_Init) for MX_FREERTOS_Init
    main.o(i.main) refers to cmsis_os2.o(i.osKernelStart) for osKernelStart
    gpio.o(i.MX_GPIO_Init) refers to stm32f1xx_hal_gpio.o(i.HAL_GPIO_WritePin) for HAL_GPIO_WritePin
    gpio.o(i.MX_GPIO_Init) refers to stm32f1xx_hal_gpio.o(i.HAL_GPIO_Init) for HAL_GPIO_Init
    freertos.o(i.MX_FREERTOS_Init) refers to cmsis_os2.o(i.osSemaphoreNew) for osSemaphoreNew
    freertos.o(i.MX_FREERTOS_Init) refers to cmsis_os2.o(i.osThreadNew) for osThreadNew
    freertos.o(i.MX_FREERTOS_Init) refers to freertos.o(.constdata) for .constdata
    freertos.o(i.MX_FREERTOS_Init) refers to freertos.o(.data) for .data
    freertos.o(i.MX_FREERTOS_Init) refers to freertos.o(i.StartdefauleTask) for StartdefauleTask
    freertos.o(i.MX_FREERTOS_Init) refers to mytask.o(i.StartUART1_recv_TaskFunction) for StartUART1_recv_TaskFunction
    freertos.o(i.MX_FREERTOS_Init) refers to mytask.o(i.StartLCDDisplayTaskFunction) for StartLCDDisplayTaskFunction
    freertos.o(i.MX_FREERTOS_Init) refers to mytask.o(i.StartLEDProcessedTaskFunction) for StartLEDProcessedTaskFunction
    freertos.o(i.MX_FREERTOS_Init) refers to mytask.o(i.StartLEDWorkTaskFunction) for StartLEDWorkTaskFunction
    freertos.o(i.MX_FREERTOS_Init) refers to mytask.o(i.StartTimeSetTaskFunction) for StartTimeSetTaskFunction
    freertos.o(i.StartdefauleTask) refers to cmsis_os2.o(i.osDelay) for osDelay
    freertos.o(.constdata) refers to freertos.o(.conststring) for .conststring
    dma.o(i.MX_DMA_Init) refers to stm32f1xx_hal_cortex.o(i.HAL_NVIC_SetPriority) for HAL_NVIC_SetPriority
    dma.o(i.MX_DMA_Init) refers to stm32f1xx_hal_cortex.o(i.HAL_NVIC_EnableIRQ) for HAL_NVIC_EnableIRQ
[...]
    __rt_lib_init_stdio_1                    0x08000253   Thumb Code     0  libinit2.o(.ARM.Collect$$libinit$$00000025)
    __rt_lib_shutdown                        0x08000255   Thumb Code     0  libshutdown.o(.ARM.Collect$$libshutdown$$00000000)
    __rt_lib_shutdown_fp_trap_1              0x08000257   Thumb Code     0  libshutdown2.o(.ARM.Collect$$libshutdown$$00000006)
    __rt_lib_shutdown_heap_1                 0x08000257   Thumb Code     0  libshutdown2.o(.ARM.Collect$$libshutdown$$0000000E)
    __rt_lib_shutdown_return                 0x08000257   Thumb Code     0  libshutdown2.o(.ARM.Collect$$libshutdown$$0000000F)
    __rt_lib_shutdown_signal_1               0x08000257   Thumb Code     0  libshutdown2.o(.ARM.Collect$$libshutdown$$00000009)
    __rt_lib_shutdown_stdio_1                0x08000257   Thumb Code     0  libshutdown2.o(.ARM.Collect$$libshutdown$$00000003)
    __rt_lib_shutdown_user_alloc_1           0x08000257   Thumb Code     0  libshutdown2.o(.ARM.Collect$$libshutdown$$0000000B)
    __rt_entry                               0x08000259   Thumb Code     0  __rtentry.o(.ARM.Collect$$rtentry$$00000000)
    __rt_entry_presh_1                       0x08000259   Thumb Code     0  __rtentry2.o(.ARM.Collect$$rtentry$$00000002)
    __rt_entry_sh                            0x08000259   Thumb Code     0  __rtentry4.o(.ARM.Collect$$rtentry$$00000004)
    __rt_entry_li                            0x0800025f   Thumb Code     0  __rtentry2.o(.ARM.Collect$$rtentry$$0000000A)
    __rt_entry_postsh_1                      0x0800025f   Thumb Code     0  __rtentry2.o(.ARM.Collect$$rtentry$$00000009)
    __rt_entry_main                          0x08000263   Thumb Code     0  __rtentry2.o(.ARM.Collect$$rtentry$$0000000D)
    __rt_entry_postli_1                      0x08000263   Thumb Code     0  __rtentry2.o(.ARM.Collect$$rtentry$$0000000C)
    __rt_exit                                0x0800026b   Thumb Code     0  rtexit.o(.ARM.Collect$$rtexit$$00000000)
    __rt_exit_ls                             0x0800026d   Thumb Code     0  rtexit2.o(.ARM.Collect$$rtexit$$00000003)
    __rt_exit_prels_1                        0x0800026d   Thumb Code     0  rtexit2.o(.ARM.Collect$$rtexit$$00000002)
    __rt_exit_exit                           0x08000271   Thumb Code     0  rtexit2.o(.ARM.Collect$$rtexit$$00000004)
    SVC_Handler                              0x08000279   Thumb Code    32  port.o(.emb_text)
    __asm___6_port_c_39a90d8d__prvStartFirstTask 0x0800029d   Thumb Code    28  port.o(.emb_text)
    PendSV_Handler                           0x080002bd   Thumb Code    72  port.o(.emb_text)
    vPortGetIPSR                             0x08000309   Thumb Code     6  port.o(.emb_text)
    Reset_Handler                            0x08000311   Thumb Code     8  startup_stm32f103xe.o(.text)
    ADC1_2_IRQHandler                        0x0800032b   Thumb Code     0  startup_stm32f103xe.o(.text)
    ADC3_IRQHandler                          0x0800032b   Thumb Code     0  startup_stm32f103xe.o(.text)
    CAN1_RX1_IRQHandler                      0x0800032b   Thumb Code     0  startup_stm32f103xe.o(.text)
    CAN1_SCE_IRQHandler                      0x0800032b   Thumb Code     0  startup_stm32f103xe.o(.text)
    DMA1_Channel1_IRQHandler                 0x0800032b   Thumb Code     0  startup_stm32f103xe.o(.text)
    DMA1_Channel2_IRQHandler                 0x0800032b   Thumb Code     0  startup_stm32f103xe.o(.text)
    DMA1_Channel3_IRQHandler                 0x0800032b   Thumb Code     0  startup_stm32f103xe.o(.text)
    DMA1_Channel6_IRQHandler                 0x0800032b   Thumb Code     0  startup_stm32f103xe.o(.text)
    DMA1_Channel7_IRQHandler                 0x0800032b   Thumb Code     0  startup_stm32f103xe.o(.text)
    DMA2_Channel1_IRQHandler                 0x0800032b   Thumb Code     0  startup_stm32f103xe.o(.text)
    DMA2_Channel2_IRQHandler                 0x0800032b   Thumb Code     0  startup_stm32f103xe.o(.text)
    DMA2_Channel3_IRQHandler                 0x0800032b   Thumb Code     0  startup_stm32f103xe.o(.text)
    DMA2_Channel4_5_IRQHandler               0x0800032b   Thumb Code     0  startup_stm32f103xe.o(.text)
    EXTI0_IRQHandler                         0x0800032b   Thumb Code     0  startup_stm32f103xe.o(.text)
    EXTI15_10_IRQHandler                     0x0800032b   Thumb Code     0  startup_stm32f103xe.o(.text)
    EXTI1_IRQHandler                         0x0800032b   Thumb Code     0  startup_stm32f103xe.o(.text)
    EXTI2_IRQHandler                         0x0800032b   Thumb Code     0  startup_stm32f103xe.o(.text)
    EXTI3_IRQHandler                         0x0800032b   Thumb Code     0  startup_stm32f103xe.o(.text)
    EXTI4_IRQHandler                         0x0800032b   Thumb Code     0  startup_stm32f103xe.o(.text)
    EXTI9_5_IRQHandler                       0x0800032b   Thumb Code     0  startup_stm32f103xe.o(.text)
    FLASH_IRQHandler                         0x0800032b   Thumb Code     0  startup_stm32f103xe.o(.text)
    FSMC_IRQHandler                          0x0800032b   Thumb Code     0  startup_stm32f103xe.o(.text)
    I2C1_ER_IRQHandler                       0x0800032b   Thumb Code     0  startup_stm32f103xe.o(.text)
    I2C1_EV_IRQHandler                       0x0800032b   Thumb Code     0  startup_stm32f103xe.o(.text)
    I2C2_ER_IRQHandler                       0x0800032b   Thumb Code     0  startup_stm32f103xe.o(.text)
    I2C2_EV_IRQHandler                       0x0800032b   Thumb Code     0  startup_stm32f103xe.o(.text)
    PVD_IRQHandler                           0x0800032b   Thumb Code     0  startup_stm32f103xe.o(.text)
    RCC_IRQHandler                           0x0800032b   Thumb Code     0  startup_stm32f103xe.o(.text)
    RTC_Alarm_IRQHandler                     0x0800032b   Thumb Code     0  startup_stm32f103xe.o(.text)
    RTC_IRQHandler                           0x0800032b   Thumb Code     0  startup_stm32f103xe.o(.text)
    SDIO_IRQHandler                          0x0800032b   Thumb Code     0  startup_stm32f103xe.o(.text)
    SPI1_IRQHandler                          0x0800032b   Thumb Code     0  startup_stm32f103xe.o(.text)
    SPI2_IRQHandler                          0x0800032b   Thumb Code     0  startup_stm32f103xe.o(.text)
    SPI3_IRQHandler                          0x0800032b   Thumb Code     0  startup_stm32f103xe.o(.text)
    TAMPER_IRQHandler                        0x0800032b   Thumb Code     0  startup_stm32f103xe.o(.text)
    TIM1_BRK_IRQHandler                      0x0800032b   Thumb Code     0  startup_stm32f103xe.o(.text)
    TIM1_CC_IRQHandler                       0x0800032b   Thumb Code     0  startup_stm32f103xe.o(.text)
    TIM1_TRG_COM_IRQHandler                  0x0800032b   Thumb Code     0  startup_stm32f103xe.o(.text)
    TIM2_IRQHandler                          0x0800032b   Thumb Code     0  startup_stm32f103xe.o(.text)
    TIM3_IRQHandler                          0x0800032b   Thumb Code     0  startup_stm32f103xe.o(.text)
    TIM4_IRQHandler                          0x0800032b   Thumb Code     0  startup_stm32f103xe.o(.text)
    TIM5_IRQHandler                          0x0800032b   Thumb Code     0  startup_stm32f103xe.o(.text)
    TIM6_IRQHandler                          0x0800032b   Thumb Code     0  startup_stm32f103xe.o(.text)
    TIM7_IRQHandler                          0x0800032b   Thumb Code     0  startup_stm32f103xe.o(.text)
    TIM8_BRK_IRQHandler                      0x0800032b   Thumb Code     0  startup_stm32f103xe.o(.text)
    TIM8_CC_IRQHandler                       0x0800032b   Thumb Code     0  startup_stm32f103xe.o(.text)
    TIM8_TRG_COM_IRQHandler                  0x0800032b   Thumb Code     0  startup_stm32f103xe.o(.text)
    TIM8_UP_IRQHandler                       0x0800032b   Thumb Code     0  startup_stm32f103xe.o(.text)
    UART4_IRQHandler                         0x0800032b   Thumb Code     0  startup_stm32f103xe.o(.text)
    UART5_IRQHandler                         0x0800032b   Thumb Code     0  startup_stm32f103xe.o(.text)
    USART2_IRQHandler                        0x0800032b   Thumb Code     0  startup_stm32f103xe.o(.text)
    USART3_IRQHandler                        0x0800032b   Thumb Code     0  startup_stm32f103xe.o(.text)
    USBWakeUp_IRQHandler                     0x0800032b   Thumb Code     0  startup_stm32f103xe.o(.text)
    USB_HP_CAN1_TX_IRQHandler                0x0800032b   Thumb Code     0  startup_stm32f103xe.o(.text)
    USB_LP_CAN1_RX0_IRQHandler               0x0800032b   Thumb Code     0  startup_stm32f103xe.o(.text)
    WWDG_IRQHandler                          0x0800032b   Thumb Code     0  startup_stm32f103xe.o(.text)
    __user_initial_stackheap                 0x0800032d   Thumb Code     0  startup_stm32f103xe.o(.text)
    vsprintf                                 0x08000351   Thumb Code    32  vsprintf.o(.text)
    __2sprintf                               0x08000375   Thumb Code    38  __2sprintf.o(.text)
    _printf_pre_padding                      0x080003a1   Thumb Code    44  _printf_pad.o(.text)
    _printf_post_padding                     0x080003cd   Thumb Code    34  _printf_pad.o(.text)
    _printf_longlong_hex                     0x080003f1   Thumb Code    86  _printf_hex_int_ll_ptr.o(.text)
    _printf_int_hex                          0x08000447   Thumb Code    28  _printf_hex_int_ll_ptr.o(.text)
    _printf_ll_hex                           0x08000463   Thumb Code    12  _printf_hex_int_ll_ptr.o(.text)
    _printf_hex_ptr                          0x0800046f   Thumb Code    18  _printf_hex_int_ll_ptr.o(.text)
    __printf                                 0x08000485   Thumb Code   388  __printf_flags_ss_wp.o(.text)
    strcpy                                   0x0800060d   Thumb Code    72  strcpy.o(.text)
    strlen                                   0x08000655   Thumb Code    62  strlen.o(.text)
    __aeabi_memcpy                           0x08000693   Thumb Code     0  rt_memcpy_v6.o(.text)
    __rt_memcpy                              0x08000693   Thumb Code   138  rt_memcpy_v6.o(.text)
    _memcpy_lastbytes                        0x080006f9   Thumb Code     0  rt_memcpy_v6.o(.text)
    __aeabi_memset                           0x0800071d   Thumb Code    16  aeabi_memset.o(.text)
    __aeabi_memclr                           0x0800072d   Thumb Code     0  rt_memclr.o(.text)
    __rt_memclr                              0x0800072d   Thumb Code    68  rt_memclr.o(.text)
    _memset                                  0x08000731   Thumb Code     0  rt_memclr.o(.text)
    __aeabi_memclr4                          0x08000771   Thumb Code     0  rt_memclr_w.o(.text)
    __aeabi_memclr8                          0x08000771   Thumb Code     0  rt_memclr_w.o(.text)
    __rt_memclr_w                            0x08000771   Thumb Code    78  rt_memclr_w.o(.text)
    _memset_w                                0x08000775   Thumb Code     0  rt_memclr_w.o(.text)
    strcmp                                   0x080007c1   Thumb Code   128  strcmpv7m.o(.text)
    __use_two_region_memory                  0x08000841   Thumb Code     2  heapauxi.o(.text)
    __rt_heap_escrow$2region                 0x08000843   Thumb Code     2  heapauxi.o(.text)
    __rt_heap_expand$2region                 0x08000845   Thumb Code     2  heapauxi.o(.text)
    _printf_truncate_signed                  0x08000847   Thumb Code    18  _printf_truncate.o(.text)
    _printf_truncate_unsigned                0x08000859   Thumb Code    18  _printf_truncate.o(.text)
    _printf_str                              0x0800086b   Thumb Code    82  _printf_str.o(.text)
    _printf_int_common                       0x080008bd   Thumb Code   178  _printf_intcommon.o(.text)
    _printf_int_dec                          0x08000971   Thumb Code   104  _printf_dec.o(.text)
    _printf_charcount                        0x080009e9   Thumb Code    40  _printf_charcount.o(.text)
    _printf_char_common                      0x08000a1b   Thumb Code    32  _printf_char_common.o(.text)
    _sputc                                   0x08000a41   Thumb Code    10  _sputc.o(.text)
    _printf_wctomb                           0x08000a4d   Thumb Code   182  _printf_wctomb.o(.text)
    _printf_longlong_dec                     0x08000b09   Thumb Code   108  _printf_longlong_dec.o(.text)
    _printf_longlong_oct                     0x08000b85   Thumb Code    68  _printf_oct_int_ll.o(.text)
    _printf_int_oct                          0x08000bc9   Thumb Code    24  _printf_oct_int_ll.o(.text)
    _printf_ll_oct                           0x08000be1   Thumb Code    12  _printf_oct_int_ll.o(.text)
    __aeabi_memcpy4                          0x08000bf5   Thumb Code     0  rt_memcpy_w.o(.text)
    __aeabi_memcpy8                          0x08000bf5   Thumb Code     0  rt_memcpy_w.o(.text)
    __rt_memcpy_w                            0x08000bf5   Thumb Code   100  rt_memcpy_w.o(.text)
    _memcpy_lastbytes_aligned                0x08000c3d   Thumb Code     0  rt_memcpy_w.o(.text)
    _ll_udiv10                               0x08000c59   Thumb Code   138  lludiv10.o(.text)
    __lib_sel_fp_printf                      0x08000ce3   Thumb Code     2  _printf_fp_dec.o(.text)
    _printf_fp_dec_real                      0x08000e91   Thumb Code   620  _printf_fp_dec.o(.text)
    _printf_fp_hex_real                      0x080010fd   Thumb Code   754  _printf_fp_hex.o(.text)
    _printf_cs_common                        0x080013f9   Thumb Code    20  _printf_char.o(.text)
    _printf_char                             0x0800140d   Thumb Code    16  _printf_char.o(.text)
    _printf_string                           0x0800141d   Thumb Code     8  _printf_char.o(.text)
    _printf_lcs_common                       0x08001425   Thumb Code    20  _printf_wchar.o(.text)
    _printf_wchar                            0x08001439   Thumb Code    16  _printf_wchar.o(.text)
    _printf_wstring                          0x08001449   Thumb Code     8  _printf_wchar.o(.text)
    _wcrtomb                                 0x08001451   Thumb Code    64  _wcrtomb.o(.text)
    __user_setup_stackheap                   0x08001491   Thumb Code    74  sys_stackheap_outer.o(.text)
    __rt_ctype_table                         0x080014dd   Thumb Code    16  rt_ctype_table.o(.text)
    __rt_locale                              0x080014ed   Thumb Code     8  rt_locale_intlibspace.o(.text)
    _printf_fp_infnan                        0x080014f5   Thumb Code   112  _printf_fp_infnan.o(.text)
    _btod_etento                             0x08001575   Thumb Code   216  bigflt0.o(.text)
    exit                                     0x08001651   Thumb Code    12  exit.o(.text)
    __user_libspace                          0x0800165d   Thumb Code     8  libspace.o(.text)
    __user_perproc_libspace                  0x0800165d   Thumb Code     0  libspace.o(.text)
    __user_perthread_libspace                0x0800165d   Thumb Code     0  libspace.o(.text)
    _sys_exit                                0x08001665   Thumb Code     8  sys_exit.o(.text)
    __I$use$semihosting                      0x08001671   Thumb Code     0  use_no_semi.o(.text)
    __use_no_semihosting_swi                 0x08001671   Thumb Code     2  use_no_semi.o(.text)
    __semihosting_library_function           0x08001673   Thumb Code     0  indicate_semi.o(.text)
    _btod_d2e                                0x08001673   Thumb Code    62  btod.o(CL$$btod_d2e)
    _d2e_denorm_low                          0x080016b1   Thumb Code    70  btod.o(CL$$btod_d2e_denorm_low)
    _d2e_norm_op1                            0x080016f7   Thumb Code    96  btod.o(CL$$btod_d2e_norm_op1)
    __btod_div_common                        0x08001757   Thumb Code   696  btod.o(CL$$btod_div_common)
    _e2e                                     0x08001a8f   Thumb Code   198  btod.o(CL$$btod_e2e)
    _btod_ediv                               0x08001b55   Thumb Code    40  btod.o(CL$$btod_ediv)
    _btod_emul                               0x08001b7d   Thumb Code    40  btod.o(CL$$btod_emul)
    __btod_mult_common                       0x08001ba5   Thumb Code   580  btod.o(CL$$btod_mult_common)
    BusFault_Handler                         0x08001de9   Thumb Code     2  stm32f1xx_it.o(i.BusFault_Handler)
    DMA1_Channel4_IRQHandler                 0x08001ded   Thumb Code     6  stm32f1xx_it.o(i.DMA1_Channel4_IRQHandler)
    DMA1_Channel5_IRQHandler                 0x08001df9   Thumb Code     6  stm32f1xx_it.o(i.DMA1_Channel5_IRQHandler)
    DebugMon_Handler                         0x08001e2f   Thumb Code     2  stm32f1xx_it.o(i.DebugMon_Handler)
    Error_Handler                            0x08001e31   Thumb Code     4  main.o(i.Error_Handler)
    FSMC_NORSRAM_Extended_Timing_Init        0x08001e35   Thumb Code    56  stm32f1xx_ll_fsmc.o(i.FSMC_NORSRAM_Extended_Timing_Init)
    FSMC_NORSRAM_Init                        0x08001e71   Thumb Code    98  stm32f1xx_ll_fsmc.o(i.FSMC_NORSRAM_Init)
    FSMC_NORSRAM_Timing_Init                 0x08001ed9   Thumb Code    56  stm32f1xx_ll_fsmc.o(i.FSMC_NORSRAM_Timing_Init)
    HAL_DMA_Abort                            0x08001f15   Thumb Code    70  stm32f1xx_hal_dma.o(i.HAL_DMA_Abort)
    HAL_DMA_Abort_IT                         0x08001f5d   Thumb Code   296  stm32f1xx_hal_dma.o(i.HAL_DMA_Abort_IT)
    HAL_DMA_IRQHandler                       0x0800208d   Thumb Code   552  stm32f1xx_hal_dma.o(i.HAL_DMA_IRQHandler)
    HAL_DMA_Init                             0x080022d5   Thumb Code   112  stm32f1xx_hal_dma.o(i.HAL_DMA_Init)
    HAL_DMA_Start_IT                         0x08002351   Thumb Code   112  stm32f1xx_hal_dma.o(i.HAL_DMA_Start_IT)
    HAL_GPIO_Init                            0x08002441   Thumb Code   462  stm32f1xx_hal_gpio.o(i.HAL_GPIO_Init)
    HAL_GPIO_TogglePin                       0x08002639   Thumb Code    16  stm32f1xx_hal_gpio.o(i.HAL_GPIO_TogglePin)
    HAL_GPIO_WritePin                        0x08002649   Thumb Code    10  stm32f1xx_hal_gpio.o(i.HAL_GPIO_WritePin)
    HAL_GetTick                              0x08002655   Thumb Code     6  stm32f1xx_hal.o(i.HAL_GetTick)
    HAL_IncTick                              0x08002661   Thumb Code    12  stm32f1xx_hal.o(i.HAL_IncTick)
    HAL_Init                                 0x08002671   Thumb Code    32  stm32f1xx_hal.o(i.HAL_Init)
    HAL_InitTick                             0x08002695   Thumb Code   118  stm32f1xx_hal_timebase_tim.o(i.HAL_InitTick)
    HAL_MspInit                              0x08002721   Thumb Code    62  stm32f1xx_hal_msp.o(i.HAL_MspInit)
    HAL_NVIC_EnableIRQ                       0x08002769   Thumb Code    26  stm32f1xx_hal_cortex.o(i.HAL_NVIC_EnableIRQ)
    HAL_NVIC_SetPriority                     0x08002785   Thumb Code    60  stm32f1xx_hal_cortex.o(i.HAL_NVIC_SetPriority)
    HAL_NVIC_SetPriorityGrouping             0x080027c5   Thumb Code    26  stm32f1xx_hal_cortex.o(i.HAL_NVIC_SetPriorityGrouping)
    HAL_RCC_ClockConfig                      0x080027e9   Thumb Code   280  stm32f1xx_hal_rcc.o(i.HAL_RCC_ClockConfig)
    HAL_RCC_GetClockConfig                   0x08002915   Thumb Code    54  stm32f1xx_hal_rcc.o(i.HAL_RCC_GetClockConfig)
    HAL_RCC_GetPCLK1Freq                     0x08002955   Thumb Code    20  stm32f1xx_hal_rcc.o(i.HAL_RCC_GetPCLK1Freq)
    HAL_RCC_GetPCLK2Freq                     0x08002975   Thumb Code    20  stm32f1xx_hal_rcc.o(i.HAL_RCC_GetPCLK2Freq)
    HAL_RCC_GetSysClockFreq                  0x08002995   Thumb Code    58  stm32f1xx_hal_rcc.o(i.HAL_RCC_GetSysClockFreq)
    HAL_RCC_OscConfig                        0x080029e1   Thumb Code   778  stm32f1xx_hal_rcc.o(i.HAL_RCC_OscConfig)
    HAL_SRAM_Init                            0x08002d01   Thumb Code   100  stm32f1xx_hal_sram.o(i.HAL_SRAM_Init)
    HAL_SRAM_MspInit                         0x08002d65   Thumb Code     4  fsmc.o(i.HAL_SRAM_MspInit)
    HAL_TIMEx_BreakCallback                  0x08002d69   Thumb Code     2  stm32f1xx_hal_tim_ex.o(i.HAL_TIMEx_BreakCallback)
    HAL_TIMEx_CommutCallback                 0x08002d6b   Thumb Code     2  stm32f1xx_hal_tim_ex.o(i.HAL_TIMEx_CommutCallback)
    HAL_TIM_Base_Init                        0x08002d6d   Thumb Code    90  stm32f1xx_hal_tim.o(i.HAL_TIM_Base_Init)
    HAL_TIM_Base_MspInit                     0x08002dc7   Thumb Code     2  stm32f1xx_hal_tim.o(i.HAL_TIM_Base_MspInit)
    HAL_TIM_Base_Start_IT                    0x08002dc9   Thumb Code    88  stm32f1xx_hal_tim.o(i.HAL_TIM_Base_Start_IT)
    HAL_TIM_IC_CaptureCallback               0x08002e35   Thumb Code     2  stm32f1xx_hal_tim.o(i.HAL_TIM_IC_CaptureCallback)
    HAL_TIM_IRQHandler                       0x08002e37   Thumb Code   304  stm32f1xx_hal_tim.o(i.HAL_TIM_IRQHandler)
    HAL_TIM_OC_DelayElapsedCallback          0x08002f67   Thumb Code     2  stm32f1xx_hal_tim.o(i.HAL_TIM_OC_DelayElapsedCallback)
    HAL_TIM_PWM_PulseFinishedCallback        0x08002f69   Thumb Code     2  stm32f1xx_hal_tim.o(i.HAL_TIM_PWM_PulseFinishedCallback)
    HAL_TIM_PeriodElapsedCallback            0x08002f6d   Thumb Code    14  main.o(i.HAL_TIM_PeriodElapsedCallback)
    HAL_TIM_TriggerCallback                  0x08002f81   Thumb Code     2  stm32f1xx_hal_tim.o(i.HAL_TIM_TriggerCallback)
    HAL_UARTEx_RxEventCallback               0x08002f83   Thumb Code     2  stm32f1xx_hal_uart.o(i.HAL_UARTEx_RxEventCallback)
    HAL_UART_ErrorCallback                   0x08002f85   Thumb Code     2  stm32f1xx_hal_uart.o(i.HAL_UART_ErrorCallback)
    HAL_UART_IRQHandler                      0x08002f89   Thumb Code   616  stm32f1xx_hal_uart.o(i.HAL_UART_IRQHandler)
    HAL_UART_Init                            0x080031f5   Thumb Code   100  stm32f1xx_hal_uart.o(i.HAL_UART_Init)
    HAL_UART_MspInit                         0x08003259   Thumb Code   200  usart.o(i.HAL_UART_MspInit)
    HAL_UART_Receive_DMA                     0x08003335   Thumb Code    28  stm32f1xx_hal_uart.o(i.HAL_UART_Receive_DMA)
    HAL_UART_RxCpltCallback                  0x08003351   Thumb Code     2  stm32f1xx_hal_uart.o(i.HAL_UART_RxCpltCallback)
    HAL_UART_RxHalfCpltCallback              0x08003353   Thumb Code     2  stm32f1xx_hal_uart.o(i.HAL_UART_RxHalfCpltCallback)
    HAL_UART_Transmit_IT                     0x08003355   Thumb Code    50  stm32f1xx_hal_uart.o(i.HAL_UART_Transmit_IT)
    HAL_UART_TxCpltCallback                  0x08003389   Thumb Code    18  mytask.o(i.HAL_UART_TxCpltCallback)
    HardFault_Handler                        0x080033a5   Thumb Code     2  stm32f1xx_it.o(i.HardFault_Handler)
    MX_DMA_Init                              0x080033a9   Thumb Code    56  dma.o(i.MX_DMA_Init)
    MX_FREERTOS_Init                         0x080033e5   Thumb Code   134  freertos.o(i.MX_FREERTOS_Init)
    MX_FSMC_Init                             0x0800348d   Thumb Code   134  fsmc.o(i.MX_FSMC_Init)
    MX_GPIO_Init                             0x08003521   Thumb Code   214  gpio.o(i.MX_GPIO_Init)
    MX_USART1_UART_Init                      0x08003605   Thumb Code    48  usart.o(i.MX_USART1_UART_Init)
    MemManage_Handler                        0x0800363d   Thumb Code     2  stm32f1xx_it.o(i.MemManage_Handler)
    NMI_Handler                              0x0800363f   Thumb Code     2  stm32f1xx_it.o(i.NMI_Handler)
    StartLCDDisplayTaskFunction              0x08003641   Thumb Code   338  mytask.o(i.StartLCDDisplayTaskFunction)
    StartLEDProcessedTaskFunction            0x080037f9   Thumb Code    82  mytask.o(i.StartLEDProcessedTaskFunction)
    StartLEDWorkTaskFunction                 0x08003899   Thumb Code    98  mytask.o(i.StartLEDWorkTaskFunction)
    StartTimeSetTaskFunction                 0x08003909   Thumb Code    78  mytask.o(i.StartTimeSetTaskFunction)
    StartUART1_recv_TaskFunction             0x0800395d   Thumb Code   136  mytask.o(i.StartUART1_recv_TaskFunction)
    StartdefauleTask                         0x080039f5   Thumb Code     8  freertos.o(i.StartdefauleTask)
    SysTick_Handler                          0x080039fd   Thumb Code    26  cmsis_os2.o(i.SysTick_Handler)
    SystemClock_Config                       0x08003a17   Thumb Code    94  main.o(i.SystemClock_Config)
    SystemInit                               0x08003a75   Thumb Code     2  system_stm32f1xx.o(i.SystemInit)
    TIM1_UP_IRQHandler                       0x08003a79   Thumb Code     6  stm32f1xx_it.o(i.TIM1_UP_IRQHandler)
    TIM_Base_SetConfig                       0x08003a85   Thumb Code   134  stm32f1xx_hal_tim.o(i.TIM_Base_SetConfig)
    UART_Start_Receive_DMA                   0x08003e05   Thumb Code   130  stm32f1xx_hal_uart.o(i.UART_Start_Receive_DMA)
    USART1_IRQHandler                        0x08003e95   Thumb Code    16  stm32f1xx_it.o(i.USART1_IRQHandler)
    UsageFault_Handler                       0x08003ea9   Thumb Code     2  stm32f1xx_it.o(i.UsageFault_Handler)
    __ARM_fpclassify                         0x08003eab   Thumb Code    40  fpclassify.o(i.__ARM_fpclassify)
    _is_digit                                0x08003ef3   Thumb Code    14  __printf_wp.o(i._is_digit)
    delay_init                               0x08003f01   Thumb Code     6  delay.o(i.delay_init)
    delay_ms                                 0x08003f0d   Thumb Code    10  delay.o(i.delay_ms)
    delay_us                                 0x08003f19   Thumb Code    48  delay.o(i.delay_us)
    lcd_clear                                0x08003f4d   Thumb Code    40  lcd.o(i.lcd_clear)
    lcd_display_dir                          0x08003f7d   Thumb Code   230  lcd.o(i.lcd_display_dir)
    lcd_draw_point                           0x08004069   Thumb Code    18  lcd.o(i.lcd_draw_point)
    lcd_ex_ili9341_reginit                   0x08004081   Thumb Code   558  lcd.o(i.lcd_ex_ili9341_reginit)
    lcd_ex_ili9806_reginit                   0x080042af   Thumb Code   834  lcd.o(i.lcd_ex_ili9806_reginit)
    lcd_ex_nt35310_reginit                   0x080045f1   Thumb Code  3828  lcd.o(i.lcd_ex_nt35310_reginit)
    lcd_ex_nt35510_reginit                   0x080054e5   Thumb Code  3834  lcd.o(i.lcd_ex_nt35510_reginit)
    lcd_ex_ssd1963_reginit                   0x080063df   Thumb Code   368  lcd.o(i.lcd_ex_ssd1963_reginit)
    lcd_ex_st7789_reginit                    0x0800654f   Thumb Code   426  lcd.o(i.lcd_ex_st7789_reginit)
    lcd_ex_st7796_reginit                    0x080066f9   Thumb Code   456  lcd.o(i.lcd_ex_st7796_reginit)
    lcd_init                                 0x080068c1   Thumb Code   762  lcd.o(i.lcd_init)
    lcd_scan_dir                             0x08006c01   Thumb Code   380  lcd.o(i.lcd_scan_dir)
    lcd_set_cursor                           0x08006d81   Thumb Code   238  lcd.o(i.lcd_set_cursor)
    lcd_show_char                            0x08006e75   Thumb Code   200  lcd.o(i.lcd_show_char)
    lcd_show_string                          0x08006f55   Thumb Code    86  lcd.o(i.lcd_show_string)
    lcd_show_xnum                            0x08006fab   Thumb Code   138  lcd.o(i.lcd_show_xnum)
    lcd_ssd_backlight_set                    0x08007035   Thumb Code    70  lcd.o(i.lcd_ssd_backlight_set)
    lcd_wr_data                              0x08007081   Thumb Code    20  lcd.o(i.lcd_wr_data)
    lcd_wr_regno                             0x08007099   Thumb Code    20  lcd.o(i.lcd_wr_regno)
    lcd_write_ram_prepare                    0x080070b1   Thumb Code    10  lcd.o(i.lcd_write_ram_prepare)
    lcd_write_reg                            0x080070c5   Thumb Code    10  lcd.o(i.lcd_write_reg)
    main                                     0x080070d5   Thumb Code    38  main.o(i.main)
    myprintf                                 0x080070fd   Thumb Code    58  mytask.o(i.myprintf)
    osDelay                                  0x08007145   Thumb Code    26  cmsis_os2.o(i.osDelay)
    osKernelInitialize                       0x08007161   Thumb Code    32  cmsis_os2.o(i.osKernelInitialize)
    osKernelStart                            0x08007185   Thumb Code    48  cmsis_os2.o(i.osKernelStart)
    osSemaphoreAcquire                       0x080071bd   Thumb Code    86  cmsis_os2.o(i.osSemaphoreAcquire)
    osSemaphoreNew                           0x08007219   Thumb Code   152  cmsis_os2.o(i.osSemaphoreNew)
    osSemaphoreRelease                       0x080072b1   Thumb Code    80  cmsis_os2.o(i.osSemaphoreRelease)
    osThreadNew                              0x08007305   Thumb Code   136  cmsis_os2.o(i.osThreadNew)
    pvPortMalloc                             0x08007b21   Thumb Code   216  heap_4.o(i.pvPortMalloc)
    pvTaskIncrementMutexHeldCount            0x08007bfd   Thumb Code    18  tasks.o(i.pvTaskIncrementMutexHeldCount)
    pxPortInitialiseStack                    0x08007c15   Thumb Code    32  port.o(i.pxPortInitialiseStack)
    uart1_data_in                            0x08007c39   Thumb Code    34  mytask.o(i.uart1_data_in)
    uxListRemove                             0x08007c65   Thumb Code    38  list.o(i.uxListRemove)
    vApplicationGetIdleTaskMemory            0x08007c8d   Thumb Code    16  cmsis_os2.o(i.vApplicationGetIdleTaskMemory)
    vApplicationGetTimerTaskMemory           0x08007ca1   Thumb Code    18  cmsis_os2.o(i.vApplicationGetTimerTaskMemory)
    vListInitialise                          0x08007cb9   Thumb Code    22  list.o(i.vListInitialise)
    vListInitialiseItem                      0x08007ccf   Thumb Code     6  list.o(i.vListInitialiseItem)
    vListInsert                              0x08007cd5   Thumb Code    48  list.o(i.vListInsert)
    vListInsertEnd                           0x08007d05   Thumb Code    24  list.o(i.vListInsertEnd)
    vPortEnterCritical                       0x08007d1d   Thumb Code    54  port.o(i.vPortEnterCritical)
    vPortExitCritical                        0x08007d5d   Thumb Code    34  port.o(i.vPortExitCritical)
    vPortFree                                0x08007d85   Thumb Code    94  heap_4.o(i.vPortFree)
    vPortSetupTimerInterrupt                 0x08007de9   Thumb Code    32  port.o(i.vPortSetupTimerInterrupt)
    vPortValidateInterruptPriority           0x08007e0d   Thumb Code    74  port.o(i.vPortValidateInterruptPriority)
    vQueueAddToRegistry                      0x08007e61   Thumb Code    34  queue.o(i.vQueueAddToRegistry)
    vQueueDelete                             0x08007e89   Thumb Code    46  queue.o(i.vQueueDelete)
    vQueueUnregisterQueue                    0x08007eb9   Thumb Code    36  queue.o(i.vQueueUnregisterQueue)
    vQueueWaitForMessageRestricted           0x08007ee1   Thumb Code    68  queue.o(i.vQueueWaitForMessageRestricted)
    vTaskDelay                               0x08007f25   Thumb Code    66  tasks.o(i.vTaskDelay)
    vTaskInternalSetTimeOutState             0x08007f71   Thumb Code    12  tasks.o(i.vTaskInternalSetTimeOutState)
    vTaskMissedYield                         0x08007f81   Thumb Code     8  tasks.o(i.vTaskMissedYield)
    vTaskPlaceOnEventList                    0x08007f8d   Thumb Code    44  tasks.o(i.vTaskPlaceOnEventList)
    vTaskPlaceOnEventListRestricted          0x08007fbd   Thumb Code    52  tasks.o(i.vTaskPlaceOnEventListRestricted)
    vTaskPriorityDisinheritAfterTimeout      0x08007ff5   Thumb Code   134  tasks.o(i.vTaskPriorityDisinheritAfterTimeout)
    vTaskStartScheduler                      0x08008085   Thumb Code   118  tasks.o(i.vTaskStartScheduler)
    vTaskSuspendAll                          0x0800810d   Thumb Code    10  tasks.o(i.vTaskSuspendAll)
    vTaskSwitchContext                       0x0800811d   Thumb Code    90  tasks.o(i.vTaskSwitchContext)
    xPortStartScheduler                      0x08008181   Thumb Code   154  port.o(i.xPortStartScheduler)
    xPortSysTickHandler                      0x08008229   Thumb Code    38  port.o(i.xPortSysTickHandler)
    xQueueCreateCountingSemaphore            0x08008255   Thumb Code    58  queue.o(i.xQueueCreateCountingSemaphore)
    xQueueCreateCountingSemaphoreStatic      0x0800828f   Thumb Code    64  queue.o(i.xQueueCreateCountingSemaphoreStatic)
    xQueueGenericCreate                      0x080082cf   Thumb Code    66  queue.o(i.xQueueGenericCreate)
    xQueueGenericCreateStatic                0x08008311   Thumb Code   102  queue.o(i.xQueueGenericCreateStatic)
    xQueueGenericReset                       0x08008379   Thumb Code   132  queue.o(i.xQueueGenericReset)
    xQueueGenericSend                        0x08008401   Thumb Code   346  queue.o(i.xQueueGenericSend)
    xQueueGenericSendFromISR                 0x08008561   Thumb Code   190  queue.o(i.xQueueGenericSendFromISR)
    xQueueGiveFromISR                        0x0800861f   Thumb Code   156  queue.o(i.xQueueGiveFromISR)
    xQueueReceive                            0x080086bd   Thumb Code   308  queue.o(i.xQueueReceive)
    xQueueReceiveFromISR                     0x080087f5   Thumb Code   154  queue.o(i.xQueueReceiveFromISR)
    xQueueSemaphoreTake                      0x08008891   Thumb Code   372  queue.o(i.xQueueSemaphoreTake)
    xTaskCheckForTimeOut                     0x08008a09   Thumb Code   112  tasks.o(i.xTaskCheckForTimeOut)
    xTaskCreate                              0x08008a7d   Thumb Code    90  tasks.o(i.xTaskCreate)
    xTaskCreateStatic                        0x08008ad7   Thumb Code    86  tasks.o(i.xTaskCreateStatic)
    xTaskGetSchedulerState                   0x08008b2d   Thumb Code    22  tasks.o(i.xTaskGetSchedulerState)
    xTaskGetTickCount                        0x08008b49   Thumb Code     6  tasks.o(i.xTaskGetTickCount)
    xTaskIncrementTick                       0x08008b55   Thumb Code   192  tasks.o(i.xTaskIncrementTick)
    xTaskPriorityDisinherit                  0x08008c1d   Thumb Code   118  tasks.o(i.xTaskPriorityDisinherit)
    xTaskPriorityInherit                     0x08008c9d   Thumb Code   112  tasks.o(i.xTaskPriorityInherit)
    xTaskRemoveFromEventList                 0x08008d15   Thumb Code    98  tasks.o(i.xTaskRemoveFromEventList)
    xTaskResumeAll                           0x08008d85   Thumb Code   182  tasks.o(i.xTaskResumeAll)
    xTimerCreateTimerTask                    0x08008e49   Thumb Code    78  timers.o(i.xTimerCreateTimerTask)
    xTimerGenericCommand                     0x08008ea9   Thumb Code    98  timers.o(i.xTimerGenericCommand)
    _get_lc_numeric                          0x08008f11   Thumb Code    44  lc_numeric_c.o(locale$$code)
    _get_lc_ctype                            0x08008f3d   Thumb Code    44  lc_ctype_c.o(locale$$code)
    __aeabi_d2uiz                            0x08008f69   Thumb Code     0  dfixu.o(x$fpl$dfixu)
    _dfixu                                   0x08008f69   Thumb Code    90  dfixu.o(x$fpl$dfixu)
    __aeabi_ui2d                             0x08008fc3   Thumb Code     0  dflt_clz.o(x$fpl$dfltu)
    _dfltu                                   0x08008fc3   Thumb Code    38  dflt_clz.o(x$fpl$dfltu)
    __aeabi_dmul                             0x08008fe9   Thumb Code     0  dmul.o(x$fpl$dmul)
    _dmul                                    0x08008fe9   Thumb Code   332  dmul.o(x$fpl$dmul)
    __fpl_dnaninf                            0x0800913d   Thumb Code   156  dnaninf.o(x$fpl$dnaninf)
    __fpl_dretinf                            0x080091d9   Thumb Code    12  dretinf.o(x$fpl$dretinf)
    _printf_fp_dec                           0x080091e5   Thumb Code     4  printf1.o(x$fpl$printf1)
    _printf_fp_hex                           0x080091e9   Thumb Code     4  printf2.o(x$fpl$printf2)
    __I$use$fp                               0x080091ec   Number         0  usenofp.o(x$fpl$usenofp)
    defauleTask_attributes                   0x080091ec   Data          36  freertos.o(.constdata)
    UART1_recv_Task_attributes               0x08009210   Data          36  freertos.o(.constdata)
    LCDDisplayTask_attributes                0x08009234   Data          36  freertos.o(.constdata)
    LEDProcessedTas_attributes               0x08009258   Data          36  freertos.o(.constdata)
    LEDWorkTask_attributes                   0x0800927c   Data          36  freertos.o(.constdata)
    TimeSetTask_attributes                   0x080092a0   Data          36  freertos.o(.constdata)
    uart1_printf_gsem_attributes             0x080092c4   Data          16  freertos.o(.constdata)
    uart1_rxok_gsem_attributes               0x080092d4   Data          16  freertos.o(.constdata)
    LCD_refresh_gsem_attributes              0x080092e4   Data          16  freertos.o(.constdata)
    AHBPrescTable                            0x08009306   Data          16  system_stm32f1xx.o(.constdata)
    APBPrescTable                            0x08009316   Data           8  system_stm32f1xx.o(.constdata)
    asc2_1206                                0x0800931e   Data        1140  lcd.o(.constdata)
    asc2_1608                                0x08009792   Data        1520  lcd.o(.constdata)
    asc2_2412                                0x08009d82   Data        3420  lcd.o(.constdata)
    asc2_3216                                0x0800aade   Data        6080  lcd.o(.constdata)
    Region$$Table$$Base                      0x0800c428   Number         0  anon$$obj.o(Region$$Table)
    Region$$Table$$Limit                     0x0800c448   Number         0  anon$$obj.o(Region$$Table)
    __ctype                                  0x0800c471   Data           0  lc_ctype_c.o(locale$$data)
    defauleTaskHandle                        0x20000000   Data           4  freertos.o(.data)
    UART1_recv_TaskHandle                    0x20000004   Data           4  freertos.o(.data)
    LCDDisplayTaskHandle                     0x20000008   Data           4  freertos.o(.data)
    LEDProcessedTasHandle                    0x2000000c   Data           4  freertos.o(.data)
    LEDWorkTaskHandle                        0x20000010   Data           4  freertos.o(.data)
    TimeSetTaskHandle                        0x20000014   Data           4  freertos.o(.data)
    uart1_printf_gsemHandle                  0x20000018   Data           4  freertos.o(.data)
    uart1_rxok_gsemHandle                    0x2000001c   Data           4  freertos.o(.data)
    LCD_refresh_gsemHandle                   0x20000020   Data           4  freertos.o(.data)
    uwTickFreq                               0x2000002c   Data           1  stm32f1xx_hal.o(.data)
    uwTickPrio                               0x20000030   Data           4  stm32f1xx_hal.o(.data)
    uwTick                                   0x20000034   Data           4  stm32f1xx_hal.o(.data)
    SystemCoreClock                          0x20000038   Data           4  system_stm32f1xx.o(.data)
    pxCurrentTCB                             0x2000003c   Data           4  tasks.o(.data)
    LED_Conctrl_num                          0x200000bc   Data           1  mytask.o(.data)
    g_back_color                             0x200000c0   Data           4  lcd.o(.data)
    hsram1                                   0x200000c8   Data          72  fsmc.o(.bss)
    huart1                                   0x20000110   Data          72  usart.o(.bss)
    hdma_usart1_rx                           0x20000158   Data          68  usart.o(.bss)
    hdma_usart1_tx                           0x2000019c   Data          68  usart.o(.bss)
    htim1                                    0x200001e0   Data          72  stm32f1xx_hal_timebase_tim.o(.bss)
    xQueueRegistry                           0x20000228   Data          64  queue.o(.bss)
    gbuf_printf                              0x200026fc   Data          70  mytask.o(.bss)
    g_sram_handle                            0x20002744   Data          72  lcd.o(.bss)
    lcddev                                   0x2000278c   Data          14  lcd.o(.bss)
    __libspace_start                         0x2000279c   Data          96  libspace.o(.bss)
    __temporary_stack_top$libspace           0x200027fc   Data           0  libspace.o(.bss)



==============================================================================

Memory Map of the image

  Image Entry point : 0x08000131

  Load Region LR_IROM1 (Base: 0x08000000, Size: 0x0000c63c, Max: 0x00080000, ABSOLUTE)

    Execution Region ER_IROM1 (Exec base: 0x08000000, Load base: 0x08000000, Size: 0x0000c574, Max: 0x00080000, ABSOLUTE)

    Exec Addr    Load Addr    Size         Type   Attr      Idx    E Section Name        Object

    0x08000000   0x08000000   0x00000130   Data   RO            3    RESET               startup_stm32f103xe.o
    0x08000130   0x08000130   0x00000008   Code   RO         5432  * !!!main             c_w.l(__main.o)
    0x08000138   0x08000138   0x00000034   Code   RO         5721    !!!scatter          c_w.l(__scatter.o)
    0x0800016c   0x0800016c   0x0000001a   Code   RO         5723    !!handler_copy      c_w.l(__scatter_copy.o)
    0x08000186   0x08000186   0x00000002   PAD
    0x08000188   0x08000188   0x0000001c   Code   RO         5725    !!handler_zi        c_w.l(__scatter_zi.o)
    0x080001a4   0x080001a4   0x00000000   Code   RO         5413    .ARM.Collect$$_printf_percent$$00000000  c_w.l(_printf_percent.o)
    0x080001a4   0x080001a4   0x00000006   Code   RO         5474    .ARM.Collect$$_printf_percent$$00000001  c_w.l(_printf_n.o)
    0x080001aa   0x080001aa   0x00000006   Code   RO         5475    .ARM.Collect$$_printf_percent$$00000002  c_w.l(_printf_p.o)
    0x080001b0   0x080001b0   0x00000006   Code   RO         5480    .ARM.Collect$$_printf_percent$$00000003  c_w.l(_printf_f.o)
    0x080001b6   0x080001b6   0x00000006   Code   RO         5481    .ARM.Collect$$_printf_percent$$00000004  c_w.l(_printf_e.o)
    0x080001bc   0x080001bc   0x00000006   Code   RO         5482    .ARM.Collect$$_printf_percent$$00000005  c_w.l(_printf_g.o)
    0x080001c2   0x080001c2   0x00000006   Code   RO         5483    .ARM.Collect$$_printf_percent$$00000006  c_w.l(_printf_a.o)
    0x080001c8   0x080001c8   0x0000000a   Code   RO         5488    .ARM.Collect$$_printf_percent$$00000007  c_w.l(_printf_ll.o)
    0x080001d2   0x080001d2   0x00000006   Code   RO         5477    .ARM.Collect$$_printf_percent$$00000008  c_w.l(_printf_i.o)
    0x080001d8   0x080001d8   0x00000006   Code   RO         5478    .ARM.Collect$$_printf_percent$$00000009  c_w.l(_printf_d.o)
    0x080001de   0x080001de   0x00000006   Code   RO         5479    .ARM.Collect$$_printf_percent$$0000000A  c_w.l(_printf_u.o)
    0x080001e4   0x080001e4   0x00000006   Code   RO         5476    .ARM.Collect$$_printf_percent$$0000000B  c_w.l(_printf_o.o)
    0x080001ea   0x080001ea   0x00000006   Code   RO         5412    .ARM.Collect$$_printf_percent$$0000000C  c_w.l(_printf_x.o)
    0x080001f0   0x080001f0   0x00000006   Code   RO         5485    .ARM.Collect$$_printf_percent$$0000000D  c_w.l(_printf_lli.o)
    0x080001f6   0x080001f6   0x00000006   Code   RO         5486    .ARM.Collect$$_printf_percent$$0000000E  c_w.l(_printf_lld.o)
    0x080001fc   0x080001fc   0x00000006   Code   RO         5487    .ARM.Collect$$_printf_percent$$0000000F  c_w.l(_printf_llu.o)
    0x08000202   0x08000202   0x00000006   Code   RO         5492    .ARM.Collect$$_printf_percent$$00000010  c_w.l(_printf_llo.o)
    0x08000208   0x08000208   0x00000006   Code   RO         5493    .ARM.Collect$$_printf_percent$$00000011  c_w.l(_printf_llx.o)
    0x0800020e   0x0800020e   0x0000000a   Code   RO         5489    .ARM.Collect$$_printf_percent$$00000012  c_w.l(_printf_l.o)
    0x08000218   0x08000218   0x00000006   Code   RO         5472    .ARM.Collect$$_printf_percent$$00000013  c_w.l(_printf_c.o)
    0x0800021e   0x0800021e   0x00000006   Code   RO         5473    .ARM.Collect$$_printf_percent$$00000014  c_w.l(_printf_s.o)
    0x08000224   0x08000224   0x00000006   Code   RO         5490    .ARM.Collect$$_printf_percent$$00000015  c_w.l(_printf_lc.o)
    0x0800022a   0x0800022a   0x00000006   Code   RO         5491    .ARM.Collect$$_printf_percent$$00000016  c_w.l(_printf_ls.o)
    0x08000230   0x08000230   0x00000004   Code   RO         5484    .ARM.Collect$$_printf_percent$$00000017  c_w.l(_printf_percent_end.o)
    0x08000234   0x08000234   0x00000002   Code   RO         5585    .ARM.Collect$$libinit$$00000000  c_w.l(libinit.o)
    0x08000236   0x08000236   0x00000000   Code   RO         5599    .ARM.Collect$$libinit$$00000002  c_w.l(libinit2.o)
    0x08000236   0x08000236   0x00000000   Code   RO         5601    .ARM.Collect$$libinit$$00000004  c_w.l(libinit2.o)
    0x08000236   0x08000236   0x00000000   Code   RO         5604    .ARM.Collect$$libinit$$0000000A  c_w.l(libinit2.o)
    0x08000236   0x08000236   0x00000000   Code   RO         5606    .ARM.Collect$$libinit$$0000000C  c_w.l(libinit2.o)
    0x08000236   0x08000236   0x00000000   Code   RO         5608    .ARM.Collect$$libinit$$0000000E  c_w.l(libinit2.o)
    0x08000236   0x08000236   0x00000006   Code   RO         5609    .ARM.Collect$$libinit$$0000000F  c_w.l(libinit2.o)
    0x0800023c   0x0800023c   0x00000000   Code   RO         5611    .ARM.Collect$$libinit$$00000011  c_w.l(libinit2.o)
    0x0800023c   0x0800023c   0x0000000c   Code   RO         5612    .ARM.Collect$$libinit$$00000012  c_w.l(libinit2.o)
    0x08000248   0x08000248   0x00000000   Code   RO         5613    .ARM.Collect$$libinit$$00000013  c_w.l(libinit2.o)
    0x08000248   0x08000248   0x00000000   Code   RO         5615    .ARM.Collect$$libinit$$00000015  c_w.l(libinit2.o)
    0x08000248   0x08000248   0x0000000a   Code   RO         5616    .ARM.Collect$$libinit$$00000016  c_w.l(libinit2.o)
    0x08000252   0x08000252   0x00000000   Code   RO         5617    .ARM.Collect$$libinit$$00000017  c_w.l(libinit2.o)
    0x08000252   0x08000252   0x00000000   Code   RO         5619    .ARM.Collect$$libinit$$00000019  c_w.l(libinit2.o)
    0x08000252   0x08000252   0x00000000   Code   RO         5621    .ARM.Collect$$libinit$$0000001B  c_w.l(libinit2.o)
    0x08000252   0x08000252   0x00000000   Code   RO         5623    .ARM.Collect$$libinit$$0000001D  c_w.l(libinit2.o)
    0x08000252   0x08000252   0x00000000   Code   RO         5625    .ARM.Collect$$libinit$$0000001F  c_w.l(libinit2.o)
    0x08000252   0x08000252   0x00000000   Code   RO         5627    .ARM.Collect$$libinit$$00000021  c_w.l(libinit2.o)
    0x08000252   0x08000252   0x00000000   Code   RO         5629    .ARM.Collect$$libinit$$00000023  c_w.l(libinit2.o)
    0x08000252   0x08000252   0x00000000   Code   RO         5631    .ARM.Collect$$libinit$$00000025  c_w.l(libinit2.o)
    0x08000252   0x08000252   0x00000000   Code   RO         5635    .ARM.Collect$$libinit$$0000002C  c_w.l(libinit2.o)
    0x08000252   0x08000252   0x00000000   Code   RO         5637    .ARM.Collect$$libinit$$0000002E  c_w.l(libinit2.o)
    0x08000252   0x08000252   0x00000000   Code   RO         5639    .ARM.Collect$$libinit$$00000030  c_w.l(libinit2.o)
    0x08000252   0x08000252   0x00000000   Code   RO         5641    .ARM.Collect$$libinit$$00000032  c_w.l(libinit2.o)
    0x08000252   0x08000252   0x00000002   Code   RO         5642    .ARM.Collect$$libinit$$00000033  c_w.l(libinit2.o)
    0x08000254   0x08000254   0x00000002   Code   RO         5662    .ARM.Collect$$libshutdown$$00000000  c_w.l(libshutdown.o)
    0x08000256   0x08000256   0x00000000   Code   RO         5676    .ARM.Collect$$libshutdown$$00000003  c_w.l(libshutdown2.o)
    0x08000256   0x08000256   0x00000000   Code   RO         5679    .ARM.Collect$$libshutdown$$00000006  c_w.l(libshutdown2.o)
    0x08000256   0x08000256   0x00000000   Code   RO         5682    .ARM.Collect$$libshutdown$$00000009  c_w.l(libshutdown2.o)
    0x08000256   0x08000256   0x00000000   Code   RO         5684    .ARM.Collect$$libshutdown$$0000000B  c_w.l(libshutdown2.o)
    0x08000256   0x08000256   0x00000000   Code   RO         5687    .ARM.Collect$$libshutdown$$0000000E  c_w.l(libshutdown2.o)
    0x08000256   0x08000256   0x00000002   Code   RO         5688    .ARM.Collect$$libshutdown$$0000000F  c_w.l(libshutdown2.o)
    0x08000258   0x08000258   0x00000000   Code   RO         5446    .ARM.Collect$$rtentry$$00000000  c_w.l(__rtentry.o)
    0x08000258   0x08000258   0x00000000   Code   RO         5510    .ARM.Collect$$rtentry$$00000002  c_w.l(__rtentry2.o)
    0x08000258   0x08000258   0x00000006   Code   RO         5522    .ARM.Collect$$rtentry$$00000004  c_w.l(__rtentry4.o)
    0x0800025e   0x0800025e   0x00000000   Code   RO         5512    .ARM.Collect$$rtentry$$00000009  c_w.l(__rtentry2.o)
    0x0800025e   0x0800025e   0x00000004   Code   RO         5513    .ARM.Collect$$rtentry$$0000000A  c_w.l(__rtentry2.o)
    0x08000262   0x08000262   0x00000000   Code   RO         5515    .ARM.Collect$$rtentry$$0000000C  c_w.l(__rtentry2.o)
    0x08000262   0x08000262   0x00000008   Code   RO         5516    .ARM.Collect$$rtentry$$0000000D  c_w.l(__rtentry2.o)
    0x0800026a   0x0800026a   0x00000002   Code   RO         5593    .ARM.Collect$$rtexit$$00000000  c_w.l(rtexit.o)
    0x0800026c   0x0800026c   0x00000000   Code   RO         5644    .ARM.Collect$$rtexit$$00000002  c_w.l(rtexit2.o)
    0x0800026c   0x0800026c   0x00000004   Code   RO         5645    .ARM.Collect$$rtexit$$00000003  c_w.l(rtexit2.o)
    0x08000270   0x08000270   0x00000006   Code   RO         5646    .ARM.Collect$$rtexit$$00000004  c_w.l(rtexit2.o)
    0x08000276   0x08000276   0x00000002   PAD
    0x08000278   0x08000278   0x00000096   Code   RO         4905    .emb_text           port.o
    0x0800030e   0x0800030e   0x00000002   PAD
    0x08000310   0x08000310   0x00000040   Code   RO            4    .text               startup_stm32f103xe.o
    0x08000350   0x08000350   0x00000024   Code   RO         5361    .text               c_w.l(vsprintf.o)
    0x08000374   0x08000374   0x0000002c   Code   RO         5363    .text               c_w.l(__2sprintf.o)
    0x080003a0   0x080003a0   0x0000004e   Code   RO         5369    .text               c_w.l(_printf_pad.o)
    0x080003ee   0x080003ee   0x00000002   PAD
    0x080003f0   0x080003f0   0x00000094   Code   RO         5389    .text               c_w.l(_printf_hex_int_ll_ptr.o)
    0x08000484   0x08000484   0x00000188   Code   RO         5409    .text               c_w.l(__printf_flags_ss_wp.o)
    0x0800060c   0x0800060c   0x00000048   Code   RO         5414    .text               c_w.l(strcpy.o)
    0x08000654   0x08000654   0x0000003e   Code   RO         5416    .text               c_w.l(strlen.o)
    0x08000692   0x08000692   0x0000008a   Code   RO         5418    .text               c_w.l(rt_memcpy_v6.o)
    0x0800071c   0x0800071c   0x00000010   Code   RO         5422    .text               c_w.l(aeabi_memset.o)
    0x0800072c   0x0800072c   0x00000044   Code   RO         5424    .text               c_w.l(rt_memclr.o)
    0x08000770   0x08000770   0x0000004e   Code   RO         5426    .text               c_w.l(rt_memclr_w.o)
    0x080007be   0x080007be   0x00000002   PAD
    0x080007c0   0x080007c0   0x00000080   Code   RO         5428    .text               c_w.l(strcmpv7m.o)
    0x08000840   0x08000840   0x00000006   Code   RO         5430    .text               c_w.l(heapauxi.o)
    0x08000846   0x08000846   0x00000024   Code   RO         5447    .text               c_w.l(_printf_truncate.o)
    0x0800086a   0x0800086a   0x00000052   Code   RO         5449    .text               c_w.l(_printf_str.o)
    0x080008bc   0x080008bc   0x000000b2   Code   RO         5451    .text               c_w.l(_printf_intcommon.o)
    0x0800096e   0x0800096e   0x00000002   PAD
    0x08000970   0x08000970   0x00000078   Code   RO         5453    .text               c_w.l(_printf_dec.o)
    0x080009e8   0x080009e8   0x00000028   Code   RO         5455    .text               c_w.l(_printf_charcount.o)
    0x08000a10   0x08000a10   0x00000030   Code   RO         5457    .text               c_w.l(_printf_char_common.o)
    0x08000a40   0x08000a40   0x0000000a   Code   RO         5459    .text               c_w.l(_sputc.o)
    0x08000a4a   0x08000a4a   0x00000002   PAD
    0x08000a4c   0x08000a4c   0x000000bc   Code   RO         5461    .text               c_w.l(_printf_wctomb.o)
    0x08000b08   0x08000b08   0x0000007c   Code   RO         5464    .text               c_w.l(_printf_longlong_dec.o)
    0x08000b84   0x08000b84   0x00000070   Code   RO         5470    .text               c_w.l(_printf_oct_int_ll.o)
    0x08000bf4   0x08000bf4   0x00000064   Code   RO         5494    .text               c_w.l(rt_memcpy_w.o)
    0x08000c58   0x08000c58   0x0000008a   Code   RO         5524    .text               c_w.l(lludiv10.o)
    0x08000ce2   0x08000ce2   0x0000041a   Code   RO         5526    .text               c_w.l(_printf_fp_dec.o)
    0x080010fc   0x080010fc   0x000002fc   Code   RO         5528    .text               c_w.l(_printf_fp_hex.o)
    0x080013f8   0x080013f8   0x0000002c   Code   RO         5533    .text               c_w.l(_printf_char.o)
    0x08001424   0x08001424   0x0000002c   Code   RO         5535    .text               c_w.l(_printf_wchar.o)
    0x08001450   0x08001450   0x00000040   Code   RO         5537    .text               c_w.l(_wcrtomb.o)
    0x08001490   0x08001490   0x0000004a   Code   RO         5539    .text               c_w.l(sys_stackheap_outer.o)
    0x080014da   0x080014da   0x00000002   PAD
    0x080014dc   0x080014dc   0x00000010   Code   RO         5541    .text               c_w.l(rt_ctype_table.o)
    0x080014ec   0x080014ec   0x00000008   Code   RO         5546    .text               c_w.l(rt_locale_intlibspace.o)
    0x080014f4   0x080014f4   0x00000080   Code   RO         5548    .text               c_w.l(_printf_fp_infnan.o)
    0x08001574   0x08001574   0x000000dc   Code   RO         5550    .text               c_w.l(bigflt0.o)
    0x08001650   0x08001650   0x0000000c   Code   RO         5578    .text               c_w.l(exit.o)
    0x0800165c   0x0800165c   0x00000008   Code   RO         5590    .text               c_w.l(libspace.o)
    0x08001664   0x08001664   0x0000000c   Code   RO         5654    .text               c_w.l(sys_exit.o)
    0x08001670   0x08001670   0x00000002   Code   RO         5665    .text               c_w.l(use_no_semi.o)
    0x08001672   0x08001672   0x00000000   Code   RO         5667    .text               c_w.l(indicate_semi.o)
    0x08001672   0x08001672   0x0000003e   Code   RO         5553    CL$$btod_d2e        c_w.l(btod.o)
    0x080016b0   0x080016b0   0x00000046   Code   RO         5555    CL$$btod_d2e_denorm_low  c_w.l(btod.o)
    0x080016f6   0x080016f6   0x00000060   Code   RO         5554    CL$$btod_d2e_norm_op1  c_w.l(btod.o)
    0x08001756   0x08001756   0x00000338   Code   RO         5563    CL$$btod_div_common  c_w.l(btod.o)
    0x08001a8e   0x08001a8e   0x000000c6   Code   RO         5560    CL$$btod_e2e        c_w.l(btod.o)
    0x08001b54   0x08001b54   0x00000028   Code   RO         5557    CL$$btod_ediv       c_w.l(btod.o)
    0x08001b7c   0x08001b7c   0x00000028   Code   RO         5556    CL$$btod_emul       c_w.l(btod.o)
    0x08001ba4   0x08001ba4   0x00000244   Code   RO         5562    CL$$btod_mult_common  c_w.l(btod.o)
    0x08001de8   0x08001de8   0x00000002   Code   RO          380    i.BusFault_Handler  stm32f1xx_it.o
    0x08001dea   0x08001dea   0x00000002   PAD
    0x08001dec   0x08001dec   0x0000000c   Code   RO          381    i.DMA1_Channel4_IRQHandler  stm32f1xx_it.o
    0x08001df8   0x08001df8   0x0000000c   Code   RO          382    i.DMA1_Channel5_IRQHandler  stm32f1xx_it.o
    0x08001e04   0x08001e04   0x0000002a   Code   RO         1914    i.DMA_SetConfig     stm32f1xx_hal_dma.o
    0x08001e2e   0x08001e2e   0x00000002   Code   RO          383    i.DebugMon_Handler  stm32f1xx_it.o
    0x08001e30   0x08001e30   0x00000004   Code   RO           13    i.Error_Handler     main.o
    0x08001e34   0x08001e34   0x0000003c   Code   RO         2519    i.FSMC_NORSRAM_Extended_Timing_Init  stm32f1xx_ll_fsmc.o
    0x08001e70   0x08001e70   0x00000068   Code   RO         2520    i.FSMC_NORSRAM_Init  stm32f1xx_ll_fsmc.o
    0x08001ed8   0x08001ed8   0x0000003c   Code   RO         2521    i.FSMC_NORSRAM_Timing_Init  stm32f1xx_ll_fsmc.o
    0x08001f14   0x08001f14   0x00000046   Code   RO         1915    i.HAL_DMA_Abort     stm32f1xx_hal_dma.o
    0x08001f5a   0x08001f5a   0x00000002   PAD
    0x08001f5c   0x08001f5c   0x00000130   Code   RO         1916    i.HAL_DMA_Abort_IT  stm32f1xx_hal_dma.o
    0x0800208c   0x0800208c   0x00000248   Code   RO         1920    i.HAL_DMA_IRQHandler  stm32f1xx_hal_dma.o
    0x080022d4   0x080022d4   0x0000007c   Code   RO         1921    i.HAL_DMA_Init      stm32f1xx_hal_dma.o
    0x08002350   0x08002350   0x00000070   Code   RO         1925    i.HAL_DMA_Start_IT  stm32f1xx_hal_dma.o
    0x080023c0   0x080023c0   0x00000080   Code   RO          290    i.HAL_FSMC_MspInit  fsmc.o
    0x08002440   0x08002440   0x000001f8   Code   RO         1851    i.HAL_GPIO_Init     stm32f1xx_hal_gpio.o
    0x08002638   0x08002638   0x00000010   Code   RO         1854    i.HAL_GPIO_TogglePin  stm32f1xx_hal_gpio.o
    0x08002648   0x08002648   0x0000000a   Code   RO         1855    i.HAL_GPIO_WritePin  stm32f1xx_hal_gpio.o
    0x08002652   0x08002652   0x00000002   PAD
    0x08002654   0x08002654   0x0000000c   Code   RO         1545    i.HAL_GetTick       stm32f1xx_hal.o
    0x08002660   0x08002660   0x00000010   Code   RO         1551    i.HAL_IncTick       stm32f1xx_hal.o
    0x08002670   0x08002670   0x00000024   Code   RO         1552    i.HAL_Init          stm32f1xx_hal.o
    0x08002694   0x08002694   0x0000008c   Code   RO          486    i.HAL_InitTick      stm32f1xx_hal_timebase_tim.o
    0x08002720   0x08002720   0x00000048   Code   RO          462    i.HAL_MspInit       stm32f1xx_hal_msp.o
    0x08002768   0x08002768   0x0000001a   Code   RO         2011    i.HAL_NVIC_EnableIRQ  stm32f1xx_hal_cortex.o
    0x08002782   0x08002782   0x00000002   PAD
    0x08002784   0x08002784   0x00000040   Code   RO         2017    i.HAL_NVIC_SetPriority  stm32f1xx_hal_cortex.o
    0x080027c4   0x080027c4   0x00000024   Code   RO         2018    i.HAL_NVIC_SetPriorityGrouping  stm32f1xx_hal_cortex.o
    0x080027e8   0x080027e8   0x0000012c   Code   RO         1709    i.HAL_RCC_ClockConfig  stm32f1xx_hal_rcc.o
    0x08002914   0x08002914   0x00000040   Code   RO         1713    i.HAL_RCC_GetClockConfig  stm32f1xx_hal_rcc.o
    0x08002954   0x08002954   0x00000020   Code   RO         1716    i.HAL_RCC_GetPCLK1Freq  stm32f1xx_hal_rcc.o
    0x08002974   0x08002974   0x00000020   Code   RO         1717    i.HAL_RCC_GetPCLK2Freq  stm32f1xx_hal_rcc.o
    0x08002994   0x08002994   0x0000004c   Code   RO         1718    i.HAL_RCC_GetSysClockFreq  stm32f1xx_hal_rcc.o
    0x080029e0   0x080029e0   0x00000320   Code   RO         1721    i.HAL_RCC_OscConfig  stm32f1xx_hal_rcc.o
    0x08002d00   0x08002d00   0x00000064   Code   RO         2659    i.HAL_SRAM_Init     stm32f1xx_hal_sram.o
    0x08002d64   0x08002d64   0x00000004   Code   RO          292    i.HAL_SRAM_MspInit  fsmc.o
    0x08002d68   0x08002d68   0x00000002   Code   RO         1267    i.HAL_TIMEx_BreakCallback  stm32f1xx_hal_tim_ex.o
    0x08002d6a   0x08002d6a   0x00000002   Code   RO         1268    i.HAL_TIMEx_CommutCallback  stm32f1xx_hal_tim_ex.o
    0x08002d6c   0x08002d6c   0x0000005a   Code   RO          563    i.HAL_TIM_Base_Init  stm32f1xx_hal_tim.o
    0x08002dc6   0x08002dc6   0x00000002   Code   RO          565    i.HAL_TIM_Base_MspInit  stm32f1xx_hal_tim.o
    0x08002dc8   0x08002dc8   0x0000006c   Code   RO          568    i.HAL_TIM_Base_Start_IT  stm32f1xx_hal_tim.o
    0x08002e34   0x08002e34   0x00000002   Code   RO          597    i.HAL_TIM_IC_CaptureCallback  stm32f1xx_hal_tim.o
    0x08002e36   0x08002e36   0x00000130   Code   RO          611    i.HAL_TIM_IRQHandler  stm32f1xx_hal_tim.o
    0x08002f66   0x08002f66   0x00000002   Code   RO          614    i.HAL_TIM_OC_DelayElapsedCallback  stm32f1xx_hal_tim.o
    0x08002f68   0x08002f68   0x00000002   Code   RO          641    i.HAL_TIM_PWM_PulseFinishedCallback  stm32f1xx_hal_tim.o
    0x08002f6a   0x08002f6a   0x00000002   PAD
    0x08002f6c   0x08002f6c   0x00000014   Code   RO           14    i.HAL_TIM_PeriodElapsedCallback  main.o
    0x08002f80   0x08002f80   0x00000002   Code   RO          654    i.HAL_TIM_TriggerCallback  stm32f1xx_hal_tim.o
    0x08002f82   0x08002f82   0x00000002   Code   RO         2838    i.HAL_UARTEx_RxEventCallback  stm32f1xx_hal_uart.o
    0x08002f84   0x08002f84   0x00000002   Code   RO         2852    i.HAL_UART_ErrorCallback  stm32f1xx_hal_uart.o
    0x08002f86   0x08002f86   0x00000002   PAD
    0x08002f88   0x08002f88   0x0000026c   Code   RO         2855    i.HAL_UART_IRQHandler  stm32f1xx_hal_uart.o
    0x080031f4   0x080031f4   0x00000064   Code   RO         2856    i.HAL_UART_Init     stm32f1xx_hal_uart.o
    0x08003258   0x08003258   0x000000dc   Code   RO          339    i.HAL_UART_MspInit  usart.o
    0x08003334   0x08003334   0x0000001c   Code   RO         2860    i.HAL_UART_Receive_DMA  stm32f1xx_hal_uart.o
    0x08003350   0x08003350   0x00000002   Code   RO         2862    i.HAL_UART_RxCpltCallback  stm32f1xx_hal_uart.o
    0x08003352   0x08003352   0x00000002   Code   RO         2863    i.HAL_UART_RxHalfCpltCallback  stm32f1xx_hal_uart.o
    0x08003354   0x08003354   0x00000032   Code   RO         2866    i.HAL_UART_Transmit_IT  stm32f1xx_hal_uart.o
    0x08003386   0x08003386   0x00000002   PAD
    0x08003388   0x08003388   0x0000001c   Code   RO         4985    i.HAL_UART_TxCpltCallback  mytask.o
    0x080033a4   0x080033a4   0x00000002   Code   RO          384    i.HardFault_Handler  stm32f1xx_it.o
    0x080033a6   0x080033a6   0x00000002   PAD
    0x080033a8   0x080033a8   0x0000003c   Code   RO          266    i.MX_DMA_Init       dma.o
    0x080033e4   0x080033e4   0x000000a8   Code   RO          223    i.MX_FREERTOS_Init  freertos.o
    0x0800348c   0x0800348c   0x00000094   Code   RO          293    i.MX_FSMC_Init      fsmc.o
    0x08003520   0x08003520   0x000000e4   Code   RO          199    i.MX_GPIO_Init      gpio.o
    0x08003604   0x08003604   0x00000038   Code   RO          340    i.MX_USART1_UART_Init  usart.o
    0x0800363c   0x0800363c   0x00000002   Code   RO          385    i.MemManage_Handler  stm32f1xx_it.o
    0x0800363e   0x0800363e   0x00000002   Code   RO          386    i.NMI_Handler       stm32f1xx_it.o
    0x08003640   0x08003640   0x000001b8   Code   RO         4986    i.StartLCDDisplayTaskFunction  mytask.o
    0x080037f8   0x080037f8   0x000000a0   Code   RO         4987    i.StartLEDProcessedTaskFunction  mytask.o
    0x08003898   0x08003898   0x00000070   Code   RO         4988    i.StartLEDWorkTaskFunction  mytask.o
    0x08003908   0x08003908   0x00000054   Code   RO         4989    i.StartTimeSetTaskFunction  mytask.o
    0x0800395c   0x0800395c   0x00000098   Code   RO         4990    i.StartUART1_recv_TaskFunction  mytask.o
    0x080039f4   0x080039f4   0x00000008   Code   RO          224    i.StartdefauleTask  freertos.o
    0x080039fc   0x080039fc   0x0000001a   Code   RO         4337    i.SysTick_Handler   cmsis_os2.o
    0x08003a16   0x08003a16   0x0000005e   Code   RO           15    i.SystemClock_Config  main.o
    0x08003a74   0x08003a74   0x00000002   Code   RO         3190    i.SystemInit        system_stm32f1xx.o
    0x08003a76   0x08003a76   0x00000002   PAD
    0x08003a78   0x08003a78   0x0000000c   Code   RO          387    i.TIM1_UP_IRQHandler  stm32f1xx_it.o
    0x08003a84   0x08003a84   0x0000009c   Code   RO          656    i.TIM_Base_SetConfig  stm32f1xx_hal_tim.o
    0x08003b20   0x08003b20   0x00000010   Code   RO         2869    i.UART_DMAAbortOnError  stm32f1xx_hal_uart.o
    0x08003b30   0x08003b30   0x0000004a   Code   RO         2870    i.UART_DMAError     stm32f1xx_hal_uart.o
    0x08003b7a   0x08003b7a   0x00000086   Code   RO         2871    i.UART_DMAReceiveCplt  stm32f1xx_hal_uart.o
    0x08003c00   0x08003c00   0x0000001e   Code   RO         2873    i.UART_DMARxHalfCplt  stm32f1xx_hal_uart.o
    0x08003c1e   0x08003c1e   0x0000004e   Code   RO         2879    i.UART_EndRxTransfer  stm32f1xx_hal_uart.o
    0x08003c6c   0x08003c6c   0x0000001c   Code   RO         2880    i.UART_EndTxTransfer  stm32f1xx_hal_uart.o
    0x08003c88   0x08003c88   0x000000c2   Code   RO         2881    i.UART_Receive_IT   stm32f1xx_hal_uart.o
    0x08003d4a   0x08003d4a   0x00000002   PAD
    0x08003d4c   0x08003d4c   0x000000b8   Code   RO         2882    i.UART_SetConfig    stm32f1xx_hal_uart.o
    0x08003e04   0x08003e04   0x00000090   Code   RO         2883    i.UART_Start_Receive_DMA  stm32f1xx_hal_uart.o
    0x08003e94   0x08003e94   0x00000014   Code   RO          388    i.USART1_IRQHandler  stm32f1xx_it.o
    0x08003ea8   0x08003ea8   0x00000002   Code   RO          389    i.UsageFault_Handler  stm32f1xx_it.o
    0x08003eaa   0x08003eaa   0x00000028   Code   RO         5588    i.__ARM_fpclassify  m_ws.l(fpclassify.o)
    0x08003ed2   0x08003ed2   0x00000020   Code   RO         2024    i.__NVIC_SetPriority  stm32f1xx_hal_cortex.o
    0x08003ef2   0x08003ef2   0x0000000e   Code   RO         5402    i._is_digit         c_w.l(__printf_wp.o)
    0x08003f00   0x08003f00   0x0000000c   Code   RO         5317    i.delay_init        delay.o
    0x08003f0c   0x08003f0c   0x0000000a   Code   RO         5318    i.delay_ms          delay.o
    0x08003f16   0x08003f16   0x00000002   PAD
    0x08003f18   0x08003f18   0x00000034   Code   RO         5319    i.delay_us          delay.o
    0x08003f4c   0x08003f4c   0x00000030   Code   RO         5077    i.lcd_clear         lcd.o
    0x08003f7c   0x08003f7c   0x000000ec   Code   RO         5079    i.lcd_display_dir   lcd.o
    0x08004068   0x08004068   0x00000018   Code   RO         5085    i.lcd_draw_point    lcd.o
    0x08004080   0x08004080   0x0000022e   Code   RO         5087    i.lcd_ex_ili9341_reginit  lcd.o
    0x080042ae   0x080042ae   0x00000342   Code   RO         5088    i.lcd_ex_ili9806_reginit  lcd.o
    0x080045f0   0x080045f0   0x00000ef4   Code   RO         5089    i.lcd_ex_nt35310_reginit  lcd.o
    0x080054e4   0x080054e4   0x00000efa   Code   RO         5090    i.lcd_ex_nt35510_reginit  lcd.o
    0x080063de   0x080063de   0x00000170   Code   RO         5091    i.lcd_ex_ssd1963_reginit  lcd.o
    0x0800654e   0x0800654e   0x000001aa   Code   RO         5092    i.lcd_ex_st7789_reginit  lcd.o
    0x080066f8   0x080066f8   0x000001c8   Code   RO         5093    i.lcd_ex_st7796_reginit  lcd.o
    0x080068c0   0x080068c0   0x00000314   Code   RO         5096    i.lcd_init          lcd.o
    0x08006bd4   0x08006bd4   0x00000010   Code   RO         5097    i.lcd_pow           lcd.o
    0x08006be4   0x08006be4   0x0000001c   Code   RO         5098    i.lcd_rd_data       lcd.o
    0x08006c00   0x08006c00   0x00000180   Code   RO         5100    i.lcd_scan_dir      lcd.o
    0x08006d80   0x08006d80   0x000000f4   Code   RO         5101    i.lcd_set_cursor    lcd.o
    0x08006e74   0x08006e74   0x000000e0   Code   RO         5103    i.lcd_show_char     lcd.o
    0x08006f54   0x08006f54   0x00000056   Code   RO         5105    i.lcd_show_string   lcd.o
    0x08006faa   0x08006faa   0x0000008a   Code   RO         5106    i.lcd_show_xnum     lcd.o
    0x08007034   0x08007034   0x0000004c   Code   RO         5107    i.lcd_ssd_backlight_set  lcd.o
    0x08007080   0x08007080   0x00000018   Code   RO         5108    i.lcd_wr_data       lcd.o
    0x08007098   0x08007098   0x00000018   Code   RO         5109    i.lcd_wr_regno      lcd.o
    0x080070b0   0x080070b0   0x00000014   Code   RO         5110    i.lcd_write_ram_prepare  lcd.o
    0x080070c4   0x080070c4   0x00000010   Code   RO         5111    i.lcd_write_reg     lcd.o
    0x080070d4   0x080070d4   0x00000026   Code   RO           16    i.main              main.o
    0x080070fa   0x080070fa   0x00000002   PAD
    0x080070fc   0x080070fc   0x00000048   Code   RO         4991    i.myprintf          mytask.o
    0x08007144   0x08007144   0x0000001a   Code   RO         4339    i.osDelay           cmsis_os2.o
    0x0800715e   0x0800715e   0x00000002   PAD
    0x08007160   0x08007160   0x00000024   Code   RO         4353    i.osKernelInitialize  cmsis_os2.o
    0x08007184   0x08007184   0x00000038   Code   RO         4356    i.osKernelStart     cmsis_os2.o
    0x080071bc   0x080071bc   0x0000005c   Code   RO         4381    i.osSemaphoreAcquire  cmsis_os2.o
    0x08007218   0x08007218   0x00000098   Code   RO         4384    i.osSemaphoreNew    cmsis_os2.o
    0x080072b0   0x080072b0   0x00000054   Code   RO         4385    i.osSemaphoreRelease  cmsis_os2.o
    0x08007304   0x08007304   0x00000088   Code   RO         4398    i.osThreadNew       cmsis_os2.o
    0x0800738c   0x0800738c   0x0000005c   Code   RO         3798    i.prvAddCurrentTaskToDelayedList  tasks.o
    0x080073e8   0x080073e8   0x000000d0   Code   RO         3799    i.prvAddNewTaskToReadyList  tasks.o
    0x080074b8   0x080074b8   0x00000058   Code   RO         4163    i.prvCheckForValidListAndQueue  timers.o
    0x08007510   0x08007510   0x00000026   Code   RO         3395    i.prvCopyDataFromQueue  queue.o
    0x08007536   0x08007536   0x0000006c   Code   RO         3396    i.prvCopyDataToQueue  queue.o
    0x080075a2   0x080075a2   0x00000034   Code   RO         3800    i.prvDeleteTCB      tasks.o
    0x080075d6   0x080075d6   0x00000002   PAD
    0x080075d8   0x080075d8   0x0000004c   Code   RO         4850    i.prvHeapInit       heap_4.o
    0x08007624   0x08007624   0x00000060   Code   RO         3801    i.prvIdleTask       tasks.o
    0x08007684   0x08007684   0x00000022   Code   RO         3398    i.prvInitialiseNewQueue  queue.o
    0x080076a6   0x080076a6   0x00000002   PAD
    0x080076a8   0x080076a8   0x000000b0   Code   RO         3802    i.prvInitialiseNewTask  tasks.o
    0x08007758   0x08007758   0x0000004c   Code   RO         4851    i.prvInsertBlockIntoFreeList  heap_4.o
    0x080077a4   0x080077a4   0x00000038   Code   RO         4165    i.prvInsertTimerInActiveList  timers.o
    0x080077dc   0x080077dc   0x0000001c   Code   RO         3399    i.prvIsQueueEmpty   queue.o
    0x080077f8   0x080077f8   0x000000fc   Code   RO         4166    i.prvProcessReceivedCommands  timers.o
    0x080078f4   0x080078f4   0x000000c0   Code   RO         4167    i.prvProcessTimerOrBlockTask  timers.o
    0x080079b4   0x080079b4   0x00000020   Code   RO         3804    i.prvResetNextTaskUnblockTime  tasks.o
    0x080079d4   0x080079d4   0x00000028   Code   RO         4168    i.prvSampleTimeNow  timers.o
    0x080079fc   0x080079fc   0x0000006c   Code   RO         4169    i.prvSwitchTimerLists  timers.o
    0x08007a68   0x08007a68   0x00000028   Code   RO         4906    i.prvTaskExitError  port.o
    0x08007a90   0x08007a90   0x00000024   Code   RO         4170    i.prvTimerTask      timers.o
    0x08007ab4   0x08007ab4   0x0000006a   Code   RO         3400    i.prvUnlockQueue    queue.o
    0x08007b1e   0x08007b1e   0x00000002   PAD
    0x08007b20   0x08007b20   0x000000dc   Code   RO         4852    i.pvPortMalloc      heap_4.o
    0x08007bfc   0x08007bfc   0x00000018   Code   RO         3807    i.pvTaskIncrementMutexHeldCount  tasks.o
    0x08007c14   0x08007c14   0x00000024   Code   RO         4907    i.pxPortInitialiseStack  port.o
    0x08007c38   0x08007c38   0x0000002c   Code   RO         4992    i.uart1_data_in     mytask.o
    0x08007c64   0x08007c64   0x00000026   Code   RO         3355    i.uxListRemove      list.o
    0x08007c8a   0x08007c8a   0x00000002   PAD
    0x08007c8c   0x08007c8c   0x00000014   Code   RO         4410    i.vApplicationGetIdleTaskMemory  cmsis_os2.o
    0x08007ca0   0x08007ca0   0x00000018   Code   RO         4411    i.vApplicationGetTimerTaskMemory  cmsis_os2.o
    0x08007cb8   0x08007cb8   0x00000016   Code   RO         3356    i.vListInitialise   list.o
    0x08007cce   0x08007cce   0x00000006   Code   RO         3357    i.vListInitialiseItem  list.o
    0x08007cd4   0x08007cd4   0x00000030   Code   RO         3358    i.vListInsert       list.o
    0x08007d04   0x08007d04   0x00000018   Code   RO         3359    i.vListInsertEnd    list.o
    0x08007d1c   0x08007d1c   0x00000040   Code   RO         4909    i.vPortEnterCritical  port.o
    0x08007d5c   0x08007d5c   0x00000028   Code   RO         4910    i.vPortExitCritical  port.o
    0x08007d84   0x08007d84   0x00000064   Code   RO         4853    i.vPortFree         heap_4.o
    0x08007de8   0x08007de8   0x00000024   Code   RO         4911    i.vPortSetupTimerInterrupt  port.o
    0x08007e0c   0x08007e0c   0x00000054   Code   RO         4912    i.vPortValidateInterruptPriority  port.o
    0x08007e60   0x08007e60   0x00000028   Code   RO         3406    i.vQueueAddToRegistry  queue.o
    0x08007e88   0x08007e88   0x0000002e   Code   RO         3407    i.vQueueDelete      queue.o
    0x08007eb6   0x08007eb6   0x00000002   PAD
    0x08007eb8   0x08007eb8   0x00000028   Code   RO         3409    i.vQueueUnregisterQueue  queue.o
    0x08007ee0   0x08007ee0   0x00000044   Code   RO         3410    i.vQueueWaitForMessageRestricted  queue.o
    0x08007f24   0x08007f24   0x0000004c   Code   RO         3817    i.vTaskDelay        tasks.o
    0x08007f70   0x08007f70   0x00000010   Code   RO         3822    i.vTaskInternalSetTimeOutState  tasks.o
    0x08007f80   0x08007f80   0x0000000c   Code   RO         3823    i.vTaskMissedYield  tasks.o
    0x08007f8c   0x08007f8c   0x00000030   Code   RO         3825    i.vTaskPlaceOnEventList  tasks.o
    0x08007fbc   0x08007fbc   0x00000038   Code   RO         3826    i.vTaskPlaceOnEventListRestricted  tasks.o
    0x08007ff4   0x08007ff4   0x00000090   Code   RO         3828    i.vTaskPriorityDisinheritAfterTimeout  tasks.o
    0x08008084   0x08008084   0x00000088   Code   RO         3834    i.vTaskStartScheduler  tasks.o
    0x0800810c   0x0800810c   0x00000010   Code   RO         3836    i.vTaskSuspendAll   tasks.o
    0x0800811c   0x0800811c   0x00000064   Code   RO         3837    i.vTaskSwitchContext  tasks.o
    0x08008180   0x08008180   0x000000a8   Code   RO         4913    i.xPortStartScheduler  port.o
    0x08008228   0x08008228   0x0000002c   Code   RO         4914    i.xPortSysTickHandler  port.o
    0x08008254   0x08008254   0x0000003a   Code   RO         3411    i.xQueueCreateCountingSemaphore  queue.o
    0x0800828e   0x0800828e   0x00000040   Code   RO         3412    i.xQueueCreateCountingSemaphoreStatic  queue.o
    0x080082ce   0x080082ce   0x00000042   Code   RO         3415    i.xQueueGenericCreate  queue.o
    0x08008310   0x08008310   0x00000066   Code   RO         3416    i.xQueueGenericCreateStatic  queue.o
    0x08008376   0x08008376   0x00000002   PAD
    0x08008378   0x08008378   0x00000088   Code   RO         3417    i.xQueueGenericReset  queue.o
    0x08008400   0x08008400   0x00000160   Code   RO         3418    i.xQueueGenericSend  queue.o
    0x08008560   0x08008560   0x000000be   Code   RO         3419    i.xQueueGenericSendFromISR  queue.o
    0x0800861e   0x0800861e   0x0000009c   Code   RO         3422    i.xQueueGiveFromISR  queue.o
    0x080086ba   0x080086ba   0x00000002   PAD
    0x080086bc   0x080086bc   0x00000138   Code   RO         3428    i.xQueueReceive     queue.o
    0x080087f4   0x080087f4   0x0000009a   Code   RO         3429    i.xQueueReceiveFromISR  queue.o
    0x0800888e   0x0800888e   0x00000002   PAD
    0x08008890   0x08008890   0x00000178   Code   RO         3430    i.xQueueSemaphoreTake  queue.o
    0x08008a08   0x08008a08   0x00000074   Code   RO         3839    i.xTaskCheckForTimeOut  tasks.o
    0x08008a7c   0x08008a7c   0x0000005a   Code   RO         3840    i.xTaskCreate       tasks.o
    0x08008ad6   0x08008ad6   0x00000056   Code   RO         3841    i.xTaskCreateStatic  tasks.o
    0x08008b2c   0x08008b2c   0x0000001c   Code   RO         3845    i.xTaskGetSchedulerState  tasks.o
    0x08008b48   0x08008b48   0x0000000c   Code   RO         3846    i.xTaskGetTickCount  tasks.o
    0x08008b54   0x08008b54   0x000000c8   Code   RO         3848    i.xTaskIncrementTick  tasks.o
    0x08008c1c   0x08008c1c   0x00000080   Code   RO         3851    i.xTaskPriorityDisinherit  tasks.o
    0x08008c9c   0x08008c9c   0x00000078   Code   RO         3852    i.xTaskPriorityInherit  tasks.o
    0x08008d14   0x08008d14   0x00000070   Code   RO         3853    i.xTaskRemoveFromEventList  tasks.o
    0x08008d84   0x08008d84   0x000000c4   Code   RO         3854    i.xTaskResumeAll    tasks.o
    0x08008e48   0x08008e48   0x00000060   Code   RO         4179    i.xTimerCreateTimerTask  timers.o
    0x08008ea8   0x08008ea8   0x00000068   Code   RO         4180    i.xTimerGenericCommand  timers.o
    0x08008f10   0x08008f10   0x0000002c   Code   RO         5576    locale$$code        c_w.l(lc_numeric_c.o)
    0x08008f3c   0x08008f3c   0x0000002c   Code   RO         5596    locale$$code        c_w.l(lc_ctype_c.o)
    0x08008f68   0x08008f68   0x0000005a   Code   RO         5434    x$fpl$dfixu         fz_ws.l(dfixu.o)
    0x08008fc2   0x08008fc2   0x00000026   Code   RO         5438    x$fpl$dfltu         fz_ws.l(dflt_clz.o)
    0x08008fe8   0x08008fe8   0x00000154   Code   RO         5444    x$fpl$dmul          fz_ws.l(dmul.o)
    0x0800913c   0x0800913c   0x0000009c   Code   RO         5496    x$fpl$dnaninf       fz_ws.l(dnaninf.o)
    0x080091d8   0x080091d8   0x0000000c   Code   RO         5498    x$fpl$dretinf       fz_ws.l(dretinf.o)
    0x080091e4   0x080091e4   0x00000004   Code   RO         5500    x$fpl$printf1       fz_ws.l(printf1.o)
    0x080091e8   0x080091e8   0x00000004   Code   RO         5502    x$fpl$printf2       fz_ws.l(printf2.o)
    0x080091ec   0x080091ec   0x00000000   Code   RO         5508    x$fpl$usenofp       fz_ws.l(usenofp.o)
    0x080091ec   0x080091ec   0x00000108   Data   RO          225    .constdata          freertos.o
    0x080092f4   0x080092f4   0x00000012   Data   RO         1722    .constdata          stm32f1xx_hal_rcc.o
    0x08009306   0x08009306   0x00000010   Data   RO         3191    .constdata          system_stm32f1xx.o
    0x08009316   0x08009316   0x00000008   Data   RO         3192    .constdata          system_stm32f1xx.o
    0x0800931e   0x0800931e   0x00002f80   Data   RO         5113    .constdata          lcd.o
    0x0800c29e   0x0800c29e   0x00000028   Data   RO         5390    .constdata          c_w.l(_printf_hex_int_ll_ptr.o)
    0x0800c2c6   0x0800c2c6   0x00000011   Data   RO         5410    .constdata          c_w.l(__printf_flags_ss_wp.o)
    0x0800c2d7   0x0800c2d7   0x00000001   PAD
    0x0800c2d8   0x0800c2d8   0x00000008   Data   RO         5462    .constdata          c_w.l(_printf_wctomb.o)
    0x0800c2e0   0x0800c2e0   0x00000026   Data   RO         5529    .constdata          c_w.l(_printf_fp_hex.o)
    0x0800c306   0x0800c306   0x00000002   PAD
    0x0800c308   0x0800c308   0x00000094   Data   RO         5551    .constdata          c_w.l(bigflt0.o)
    0x0800c39c   0x0800c39c   0x0000008c   Data   RO          226    .conststring        freertos.o
    0x0800c428   0x0800c428   0x00000020   Data   RO         5719    Region$$Table       anon$$obj.o
    0x0800c448   0x0800c448   0x0000001c   Data   RO         5575    locale$$data        c_w.l(lc_numeric_c.o)
    0x0800c464   0x0800c464   0x00000110   Data   RO         5595    locale$$data        c_w.l(lc_ctype_c.o)


    Execution Region RW_IRAM1 (Exec base: 0x20000000, Load base: 0x0800c574, Size: 0x00002e00, Max: 0x00010000, ABSOLUTE)

    Exec Addr    Load Addr    Size         Type   Attr      Idx    E Section Name        Object

    0x20000000   0x0800c574   0x00000024   Data   RW          227    .data               freertos.o
    0x20000024   0x0800c598   0x00000008   Data   RW          295    .data               fsmc.o
    0x2000002c   0x0800c5a0   0x0000000c   Data   RW         1559    .data               stm32f1xx_hal.o
    0x20000038   0x0800c5ac   0x00000004   Data   RW         3193    .data               system_stm32f1xx.o
    0x2000003c   0x0800c5b0   0x0000003c   Data   RW         3857    .data               tasks.o
    0x20000078   0x0800c5ec   0x00000014   Data   RW         4188    .data               timers.o
    0x2000008c   0x0800c600   0x00000004   Data   RW         4413    .data               cmsis_os2.o
    0x20000090   0x0800c604   0x00000020   Data   RW         4859    .data               heap_4.o
    0x200000b0   0x0800c624   0x0000000c   Data   RW         4915    .data               port.o
    0x200000bc   0x0800c630   0x00000001   Data   RW         4994    .data               mytask.o
    0x200000bd   0x0800c631   0x00000003   PAD
    0x200000c0   0x0800c634   0x00000004   Data   RW         5115    .data               lcd.o
    0x200000c4   0x0800c638   0x00000004   Data   RW         5320    .data               delay.o
    0x200000c8        -       0x00000048   Zero   RW          294    .bss                fsmc.o
    0x20000110        -       0x000000d0   Zero   RW          341    .bss                usart.o
    0x200001e0        -       0x00000048   Zero   RW          489    .bss                stm32f1xx_hal_timebase_tim.o
    0x20000228        -       0x00000040   Zero   RW         3432    .bss                queue.o
    0x20000268        -       0x000004c4   Zero   RW         3856    .bss                tasks.o
    0x2000072c        -       0x00000118   Zero   RW         4187    .bss                timers.o
    0x20000844        -       0x000006b8   Zero   RW         4412    .bss                cmsis_os2.o
    0x20000efc        -       0x00001800   Zero   RW         4858    .bss                heap_4.o
    0x200026fc        -       0x00000046   Zero   RW         4993    .bss                mytask.o
    0x20002742   0x0800c63c   0x00000002   PAD
    0x20002744        -       0x00000056   Zero   RW         5112    .bss                lcd.o
    0x2000279a   0x0800c63c   0x00000002   PAD
    0x2000279c        -       0x00000060   Zero   RW         5591    .bss                c_w.l(libspace.o)
    0x200027fc   0x0800c63c   0x00000004   PAD
    0x20002800        -       0x00000200   Zero   RW            2    HEAP                startup_stm32f103xe.o
    0x20002a00        -       0x00000400   Zero   RW            1    STACK               startup_stm32f103xe.o


==============================================================================

Image component sizes


      Code (inc. data)   RO Data    RW Data    ZI Data      Debug   Object Name

       652         32          0          4       1720      60174   cmsis_os2.o
        74         10          0          4          0       1971   delay.o
        60          4          0          0          0        726   dma.o
         0          0          0          0          0      19564   event_groups.o
       176         34        404         36          0       2761   freertos.o
       280         36          0          8         72       2103   fsmc.o
       228         14          0          0          0       1015   gpio.o
       472         24          0         32       6144       4423   heap_4.o
     12680        132      12160          4         86      22831   lcd.o
       138          0          0          0          0       3106   list.o
       156          6          0          0          0     510848   main.o
      1092        250          0          1         70       6324   mytask.o
       662         70          0         12          0      10421   port.o
      2474         28          0          0         64      22692   queue.o
        64         26        304          0       1536        792   startup_stm32f103xe.o
        64         14          0         12          0       5126   stm32f1xx_hal.o
       158         14          0          0          0      27766   stm32f1xx_hal_cortex.o
      1236         52          0          0          0       4506   stm32f1xx_hal_dma.o
       530         42          0          0          0       3033   stm32f1xx_hal_gpio.o
        72         10          0          0          0        830   stm32f1xx_hal_msp.o
      1304         94         18          0          0       5301   stm32f1xx_hal_rcc.o
       100          0          0          0          0       1076   stm32f1xx_hal_sram.o
       668         42          0          0          0       6808   stm32f1xx_hal_tim.o
         4          0          0          0          0       1521   stm32f1xx_hal_tim_ex.o
       140         22          0          0         72       1327   stm32f1xx_hal_timebase_tim.o
      1688         24          0          0          0      11471   stm32f1xx_hal_uart.o
        68         22          0          0          0       4196   stm32f1xx_it.o
       224         14          0          0          0       3587   stm32f1xx_ll_fsmc.o
         0          0          0          0          0        428   stream_buffer.o
         2          0         24          4          0       1059   system_stm32f1xx.o
      2372        192          0         60       1220      26325   tasks.o
       972         80          0         20        280      31055   timers.o
       276         28          0          0        208       1752   usart.o

    ----------------------------------------------------------------------
     29130       1316      12942        200      11476     806918   Object Totals
         0          0         32          0          0          0   (incl. Generated)
        44          0          0          3          4          0   (incl. Padding)

    ----------------------------------------------------------------------

      Code (inc. data)   RO Data    RW Data    ZI Data      Debug   Library Member Name

        44          6          0          0          0         84   __2sprintf.o
         8          0          0          0          0         68   __main.o
       392          4         17          0          0         92   __printf_flags_ss_wp.o
        14          0          0          0          0         68   __printf_wp.o
         0          0          0          0          0          0   __rtentry.o
        12          0          0          0          0          0   __rtentry2.o
         6          0          0          0          0          0   __rtentry4.o
        52          8          0          0          0          0   __scatter.o
        26          0          0          0          0          0   __scatter_copy.o
        28          0          0          0          0          0   __scatter_zi.o
         6          0          0          0          0          0   _printf_a.o
         6          0          0          0          0          0   _printf_c.o
        44          0          0          0          0        108   _printf_char.o
        48          6          0          0          0         96   _printf_char_common.o
        40          0          0          0          0         68   _printf_charcount.o
         6          0          0          0          0          0   _printf_d.o
       120         16          0          0          0         92   _printf_dec.o
         6          0          0          0          0          0   _printf_e.o
         6          0          0          0          0          0   _printf_f.o
      1050          0          0          0          0        216   _printf_fp_dec.o
       764         10         38          0          0        100   _printf_fp_hex.o
       128         16          0          0          0         84   _printf_fp_infnan.o
         6          0          0          0          0          0   _printf_g.o
       148          4         40          0          0        160   _printf_hex_int_ll_ptr.o
         6          0          0          0          0          0   _printf_i.o
       178          0          0          0          0         88   _printf_intcommon.o
        10          0          0          0          0          0   _printf_l.o
         6          0          0          0          0          0   _printf_lc.o
        10          0          0          0          0          0   _printf_ll.o
         6          0          0          0          0          0   _printf_lld.o
         6          0          0          0          0          0   _printf_lli.o
         6          0          0          0          0          0   _printf_llo.o
         6          0          0          0          0          0   _printf_llu.o
         6          0          0          0          0          0   _printf_llx.o
       124         16          0          0          0         92   _printf_longlong_dec.o
         6          0          0          0          0          0   _printf_ls.o
         6          0          0          0          0          0   _printf_n.o
         6          0          0          0          0          0   _printf_o.o
       112          8          0          0          0        124   _printf_oct_int_ll.o
         6          0          0          0          0          0   _printf_p.o
        78          0          0          0          0        108   _printf_pad.o
         0          0          0          0          0          0   _printf_percent.o
         4          0          0          0          0          0   _printf_percent_end.o
         6          0          0          0          0          0   _printf_s.o
        82          0          0          0          0         80   _printf_str.o
        36          0          0          0          0         84   _printf_truncate.o
         6          0          0          0          0          0   _printf_u.o
        44          0          0          0          0        108   _printf_wchar.o
       188          6          8          0          0         92   _printf_wctomb.o
         6          0          0          0          0          0   _printf_x.o
        10          0          0          0          0         68   _sputc.o
        64          0          0          0          0         92   _wcrtomb.o
        16          0          0          0          0         68   aeabi_memset.o
       220          4        148          0          0         96   bigflt0.o
      1910        128          0          0          0        672   btod.o
        12          0          0          0          0         72   exit.o
         6          0          0          0          0        152   heapauxi.o
         0          0          0          0          0          0   indicate_semi.o
        44         10        272          0          0         76   lc_ctype_c.o
        44         10         28          0          0         76   lc_numeric_c.o
         2          0          0          0          0          0   libinit.o
        30          0          0          0          0          0   libinit2.o
         2          0          0          0          0          0   libshutdown.o
         2          0          0          0          0          0   libshutdown2.o
         8          4          0          0         96         68   libspace.o
       138          0          0          0          0         80   lludiv10.o
        16          4          0          0          0         76   rt_ctype_table.o
         8          4          0          0          0         68   rt_locale_intlibspace.o
        68          0          0          0          0         68   rt_memclr.o
        78          0          0          0          0         80   rt_memclr_w.o
       138          0          0          0          0         68   rt_memcpy_v6.o
       100          0          0          0          0         80   rt_memcpy_w.o
         2          0          0          0          0          0   rtexit.o
        10          0          0          0          0          0   rtexit2.o
       128          0          0          0          0         68   strcmpv7m.o
        72          0          0          0          0         80   strcpy.o
        62          0          0          0          0         76   strlen.o
        12          4          0          0          0         68   sys_exit.o
        74          0          0          0          0         80   sys_stackheap_outer.o
         2          0          0          0          0         68   use_no_semi.o
        36          4          0          0          0         76   vsprintf.o
        90          4          0          0          0         92   dfixu.o
        38          0          0          0          0         68   dflt_clz.o
       340         12          0          0          0        104   dmul.o
       156          4          0          0          0         92   dnaninf.o
        12          0          0          0          0         68   dretinf.o
         4          0          0          0          0         68   printf1.o
         4          0          0          0          0         68   printf2.o
         0          0          0          0          0          0   usenofp.o
        40          0          0          0          0         68   fpclassify.o

    ----------------------------------------------------------------------
      7922        292        554          0        100       5116   Library Totals
        14          0          3          0          4          0   (incl. Padding)

    ----------------------------------------------------------------------

      Code (inc. data)   RO Data    RW Data    ZI Data      Debug   Library Name

      7224        272        551          0         96       4488   c_w.l
       644         20          0          0          0        560   fz_ws.l
        40          0          0          0          0         68   m_ws.l

    ----------------------------------------------------------------------
      7922        292        554          0        100       5116   Library Totals

    ----------------------------------------------------------------------

==============================================================================


      Code (inc. data)   RO Data    RW Data    ZI Data      Debug   

     37052       1608      13496        200      11576     799186   Grand Totals
     37052       1608      13496        200      11576     799186   ELF Image Totals
     37052       1608      13496        200          0          0   ROM Totals

==============================================================================

    Total RO  Size (Code + RO Data)                50548 (  49.36kB)
    Total RW  Size (RW Data + ZI Data)             11776 (  11.50kB)
    Total ROM Size (Code + RO Data + RW Data)      50748 (  49.56kB)

==============================================================================

