Component: ARM Compiler 5.05 update 1 (build 106) Tool: armlink [4d0efa]

==============================================================================

Section Cross References

    startup_stm32f103xe.o(STACK) refers (Special) to heapauxi.o(.text) for __use_two_region_memory
    startup_stm32f103xe.o(HEAP) refers (Special) to heapauxi.o(.text) for __use_two_region_memory
    startup_stm32f103xe.o(RESET) refers (Special) to heapauxi.o(.text) for __use_two_region_memory
    startup_stm32f103xe.o(RESET) refers to startup_stm32f103xe.o(STACK) for __initial_sp
    startup_stm32f103xe.o(RESET) refers to startup_stm32f103xe.o(.text) for Reset_Handler
    startup_stm32f103xe.o(RESET) refers to stm32f1xx_it.o(i.NMI_Handler) for NMI_Handler
    startup_stm32f103xe.o(RESET) refers to stm32f1xx_it.o(i.HardFault_Handler) for HardFault_Handler
    startup_stm32f103xe.o(RESET) refers to stm32f1xx_it.o(i.MemManage_Handler) for MemManage_Handler
    startup_stm32f103xe.o(RESET) refers to stm32f1xx_it.o(i.BusFault_Handler) for BusFault_Handler
    startup_stm32f103xe.o(RESET) refers to stm32f1xx_it.o(i.UsageFault_Handler) for UsageFault_Handler
    startup_stm32f103xe.o(RESET) refers to port.o(.emb_text) for SVC_Handler
    startup_stm32f103xe.o(RESET) refers to stm32f1xx_it.o(i.DebugMon_Handler) for DebugMon_Handler
    startup_stm32f103xe.o(RESET) refers to cmsis_os2.o(i.SysTick_Handler) for SysTick_Handler
    startup_stm32f103xe.o(RESET) refers to stm32f1xx_it.o(i.DMA1_Channel4_IRQHandler) for DMA1_Channel4_IRQHandler
    startup_stm32f103xe.o(RESET) refers to stm32f1xx_it.o(i.DMA1_Channel5_IRQHandler) for DMA1_Channel5_IRQHandler
    startup_stm32f103xe.o(RESET) refers to remote.o(i.TIM4_IRQHandler) for TIM4_IRQHandler
    startup_stm32f103xe.o(RESET) refers to stm32f1xx_it.o(i.USART1_IRQHandler) for USART1_IRQHandler
    startup_stm32f103xe.o(RESET) refers to stm32f1xx_it.o(i.TIM6_IRQHandler) for TIM6_IRQHandler
    startup_stm32f103xe.o(.text) refers (Special) to heapauxi.o(.text) for __use_two_region_memory
    startup_stm32f103xe.o(.text) refers to system_stm32f1xx.o(i.SystemInit) for SystemInit
    startup_stm32f103xe.o(.text) refers to __main.o(!!!main) for __main
    startup_stm32f103xe.o(.text) refers to startup_stm32f103xe.o(HEAP) for Heap_Mem
    startup_stm32f103xe.o(.text) refers to startup_stm32f103xe.o(STACK) for Stack_Mem
    main.o(i.HAL_TIM_PeriodElapsedCallback) refers to stm32f1xx_hal.o(i.HAL_IncTick) for HAL_IncTick
    main.o(i.SystemClock_Config) refers to rt_memclr_w.o(.text) for __aeabi_memclr4
    main.o(i.SystemClock_Config) refers to stm32f1xx_hal_rcc.o(i.HAL_RCC_OscConfig) for HAL_RCC_OscConfig
    main.o(i.SystemClock_Config) refers to stm32f1xx_hal_rcc.o(i.HAL_RCC_ClockConfig) for HAL_RCC_ClockConfig
    main.o(i.main) refers to stm32f1xx_hal.o(i.HAL_Init) for HAL_Init
    main.o(i.main) refers to main.o(i.SystemClock_Config) for SystemClock_Config
    main.o(i.main) refers to gpio.o(i.MX_GPIO_Init) for MX_GPIO_Init
    main.o(i.main) refers to dma.o(i.MX_DMA_Init) for MX_DMA_Init
    main.o(i.main) refers to usart.o(i.MX_USART1_UART_Init) for MX_USART1_UART_Init
    main.o(i.main) refers to fsmc.o(i.MX_FSMC_Init) for MX_FSMC_Init
    main.o(i.main) refers to tim.o(i.MX_TIM4_Init) for MX_TIM4_Init
    main.o(i.main) refers to tim.o(i.MX_TIM8_Init) for MX_TIM8_Init
    main.o(i.main) refers to cmsis_os2.o(i.osKernelInitialize) for osKernelInitialize
    main.o(i.main) refers to freertos.o(i.MX_FREERTOS_Init) for MX_FREERTOS_Init
    main.o(i.main) refers to cmsis_os2.o(i.osKernelStart) for osKernelStart
    gpio.o(i.MX_GPIO_Init) refers to stm32f1xx_hal_gpio.o(i.HAL_GPIO_WritePin) for HAL_GPIO_WritePin
    gpio.o(i.MX_GPIO_Init) refers to stm32f1xx_hal_gpio.o(i.HAL_GPIO_Init) for HAL_GPIO_Init
    freertos.o(i.MX_FREERTOS_Init) refers to cmsis_os2.o(i.osSemaphoreNew) for osSemaphoreNew
    freertos.o(i.MX_FREERTOS_Init) refers to cmsis_os2.o(i.osThreadNew) for osThreadNew
    freertos.o(i.MX_FREERTOS_Init) refers to freertos.o(.constdata) for .constdata
    freertos.o(i.MX_FREERTOS_Init) refers to freertos.o(.data) for .data
    freertos.o(i.MX_FREERTOS_Init) refers to freertos.o(i.StartdefauleTask) for StartdefauleTask
    freertos.o(i.MX_FREERTOS_Init) refers to myprintf.o(i.StartUART1_recv_TaskFunction) for StartUART1_recv_TaskFunction
    freertos.o(i.MX_FREERTOS_Init) refers to mytask.o(i.StartLCDDisplayTaskFunction) for StartLCDDisplayTaskFunction
    freertos.o(i.MX_FREERTOS_Init) refers to mytask.o(i.StartLEDProcessedTaskFunction) for StartLEDProcessedTaskFunction
    freertos.o(i.MX_FREERTOS_Init) refers to led.o(i.StartLEDWorkTaskFunction) for StartLEDWorkTaskFunction
    freertos.o(i.MX_FREERTOS_Init) refers to mytask.o(i.StartTimeSetTaskFunction) for StartTimeSetTaskFunction
    freertos.o(i.MX_FREERTOS_Init) refers to beep.o(i.StartBeepWorkTaskFunction) for StartBeepWorkTaskFunction
    freertos.o(i.StartdefauleTask) refers to cmsis_os2.o(i.osDelay) for osDelay
[...]
    __rt_memcpy                              0x080008b1   Thumb Code   138  rt_memcpy_v6.o(.text)
    _memcpy_lastbytes                        0x08000917   Thumb Code     0  rt_memcpy_v6.o(.text)
    __aeabi_memset                           0x0800093b   Thumb Code    16  aeabi_memset.o(.text)
    __aeabi_memclr                           0x0800094b   Thumb Code     0  rt_memclr.o(.text)
    __rt_memclr                              0x0800094b   Thumb Code    68  rt_memclr.o(.text)
    _memset                                  0x0800094f   Thumb Code     0  rt_memclr.o(.text)
    __aeabi_memclr4                          0x0800098f   Thumb Code     0  rt_memclr_w.o(.text)
    __aeabi_memclr8                          0x0800098f   Thumb Code     0  rt_memclr_w.o(.text)
    __rt_memclr_w                            0x0800098f   Thumb Code    78  rt_memclr_w.o(.text)
    _memset_w                                0x08000993   Thumb Code     0  rt_memclr_w.o(.text)
    strcmp                                   0x080009dd   Thumb Code   128  strcmpv7m.o(.text)
    __use_two_region_memory                  0x08000a5d   Thumb Code     2  heapauxi.o(.text)
    __rt_heap_escrow$2region                 0x08000a5f   Thumb Code     2  heapauxi.o(.text)
    __rt_heap_expand$2region                 0x08000a61   Thumb Code     2  heapauxi.o(.text)
    _printf_truncate_signed                  0x08000a63   Thumb Code    18  _printf_truncate.o(.text)
    _printf_truncate_unsigned                0x08000a75   Thumb Code    18  _printf_truncate.o(.text)
    _printf_str                              0x08000a87   Thumb Code    82  _printf_str.o(.text)
    _printf_int_common                       0x08000ad9   Thumb Code   178  _printf_intcommon.o(.text)
    _printf_int_dec                          0x08000b8d   Thumb Code   104  _printf_dec.o(.text)
    _printf_charcount                        0x08000c05   Thumb Code    40  _printf_charcount.o(.text)
    _printf_char_common                      0x08000c37   Thumb Code    32  _printf_char_common.o(.text)
    _sputc                                   0x08000c5d   Thumb Code    10  _sputc.o(.text)
    _printf_wctomb                           0x08000c69   Thumb Code   182  _printf_wctomb.o(.text)
    _printf_longlong_dec                     0x08000d25   Thumb Code   108  _printf_longlong_dec.o(.text)
    _printf_longlong_oct                     0x08000da1   Thumb Code    68  _printf_oct_int_ll.o(.text)
    _printf_int_oct                          0x08000de5   Thumb Code    24  _printf_oct_int_ll.o(.text)
    _printf_ll_oct                           0x08000dfd   Thumb Code    12  _printf_oct_int_ll.o(.text)
    _chval                                   0x08000e11   Thumb Code    28  _chval.o(.text)
    __vfscanf_char                           0x08000e39   Thumb Code    24  scanf_char.o(.text)
    _sgetc                                   0x08000e59   Thumb Code    30  _sgetc.o(.text)
    _sbackspace                              0x08000e77   Thumb Code    34  _sgetc.o(.text)
    __aeabi_memcpy4                          0x08000e99   Thumb Code     0  rt_memcpy_w.o(.text)
    __aeabi_memcpy8                          0x08000e99   Thumb Code     0  rt_memcpy_w.o(.text)
    __rt_memcpy_w                            0x08000e99   Thumb Code   100  rt_memcpy_w.o(.text)
    _memcpy_lastbytes_aligned                0x08000ee1   Thumb Code     0  rt_memcpy_w.o(.text)
    _ll_udiv10                               0x08000efd   Thumb Code   138  lludiv10.o(.text)
    isspace                                  0x08000f87   Thumb Code    18  isspace.o(.text)
    __lib_sel_fp_printf                      0x08000f99   Thumb Code     2  _printf_fp_dec.o(.text)
    _printf_fp_dec_real                      0x08001147   Thumb Code   620  _printf_fp_dec.o(.text)
    _printf_fp_hex_real                      0x080013b5   Thumb Code   754  _printf_fp_hex.o(.text)
    _printf_cs_common                        0x080016b1   Thumb Code    20  _printf_char.o(.text)
    _printf_char                             0x080016c5   Thumb Code    16  _printf_char.o(.text)
    _printf_string                           0x080016d5   Thumb Code     8  _printf_char.o(.text)
    _printf_lcs_common                       0x080016dd   Thumb Code    20  _printf_wchar.o(.text)
    _printf_wchar                            0x080016f1   Thumb Code    16  _printf_wchar.o(.text)
    _printf_wstring                          0x08001701   Thumb Code     8  _printf_wchar.o(.text)
    __vfscanf                                0x08001709   Thumb Code   878  _scanf.o(.text)
    _wcrtomb                                 0x08001a7d   Thumb Code    64  _wcrtomb.o(.text)
    __user_setup_stackheap                   0x08001abd   Thumb Code    74  sys_stackheap_outer.o(.text)
    __rt_ctype_table                         0x08001b09   Thumb Code    16  rt_ctype_table.o(.text)
    __rt_locale                              0x08001b19   Thumb Code     8  rt_locale_intlibspace.o(.text)
    _printf_fp_infnan                        0x08001b21   Thumb Code   112  _printf_fp_infnan.o(.text)
    _btod_etento                             0x08001ba1   Thumb Code   216  bigflt0.o(.text)
    exit                                     0x08001c7d   Thumb Code    12  exit.o(.text)
    __user_libspace                          0x08001c89   Thumb Code     8  libspace.o(.text)
    __user_perproc_libspace                  0x08001c89   Thumb Code     0  libspace.o(.text)
    __user_perthread_libspace                0x08001c89   Thumb Code     0  libspace.o(.text)
    _sys_exit                                0x08001c91   Thumb Code     8  sys_exit.o(.text)
    __I$use$semihosting                      0x08001c9d   Thumb Code     0  use_no_semi.o(.text)
    __use_no_semihosting_swi                 0x08001c9d   Thumb Code     2  use_no_semi.o(.text)
    __semihosting_library_function           0x08001c9f   Thumb Code     0  indicate_semi.o(.text)
    _btod_d2e                                0x08001c9f   Thumb Code    62  btod.o(CL$$btod_d2e)
    _d2e_denorm_low                          0x08001cdd   Thumb Code    70  btod.o(CL$$btod_d2e_denorm_low)
    _d2e_norm_op1                            0x08001d23   Thumb Code    96  btod.o(CL$$btod_d2e_norm_op1)
    __btod_div_common                        0x08001d83   Thumb Code   696  btod.o(CL$$btod_div_common)
    _e2e                                     0x080020bb   Thumb Code   198  btod.o(CL$$btod_e2e)
    _btod_ediv                               0x08002181   Thumb Code    40  btod.o(CL$$btod_ediv)
    _btod_emul                               0x080021a9   Thumb Code    40  btod.o(CL$$btod_emul)
    __btod_mult_common                       0x080021d1   Thumb Code   580  btod.o(CL$$btod_mult_common)
    BusFault_Handler                         0x08002415   Thumb Code     2  stm32f1xx_it.o(i.BusFault_Handler)
    DMA1_Channel4_IRQHandler                 0x08002419   Thumb Code     6  stm32f1xx_it.o(i.DMA1_Channel4_IRQHandler)
    DMA1_Channel5_IRQHandler                 0x08002425   Thumb Code     6  stm32f1xx_it.o(i.DMA1_Channel5_IRQHandler)
    DebugMon_Handler                         0x0800245b   Thumb Code     2  stm32f1xx_it.o(i.DebugMon_Handler)
    Error_Handler                            0x0800245d   Thumb Code     4  main.o(i.Error_Handler)
    FSMC_NORSRAM_Extended_Timing_Init        0x08002461   Thumb Code    56  stm32f1xx_ll_fsmc.o(i.FSMC_NORSRAM_Extended_Timing_Init)
    FSMC_NORSRAM_Init                        0x0800249d   Thumb Code    98  stm32f1xx_ll_fsmc.o(i.FSMC_NORSRAM_Init)
    FSMC_NORSRAM_Timing_Init                 0x08002505   Thumb Code    56  stm32f1xx_ll_fsmc.o(i.FSMC_NORSRAM_Timing_Init)
    HAL_DMA_Abort                            0x08002541   Thumb Code    70  stm32f1xx_hal_dma.o(i.HAL_DMA_Abort)
    HAL_DMA_Abort_IT                         0x08002589   Thumb Code   296  stm32f1xx_hal_dma.o(i.HAL_DMA_Abort_IT)
    HAL_DMA_IRQHandler                       0x080026b9   Thumb Code   552  stm32f1xx_hal_dma.o(i.HAL_DMA_IRQHandler)
    HAL_DMA_Init                             0x08002901   Thumb Code   112  stm32f1xx_hal_dma.o(i.HAL_DMA_Init)
    HAL_DMA_Start_IT                         0x0800297d   Thumb Code   112  stm32f1xx_hal_dma.o(i.HAL_DMA_Start_IT)
    HAL_GPIO_Init                            0x08002a6d   Thumb Code   462  stm32f1xx_hal_gpio.o(i.HAL_GPIO_Init)
    HAL_GPIO_ReadPin                         0x08002c65   Thumb Code    10  stm32f1xx_hal_gpio.o(i.HAL_GPIO_ReadPin)
    HAL_GPIO_TogglePin                       0x08002c6f   Thumb Code    16  stm32f1xx_hal_gpio.o(i.HAL_GPIO_TogglePin)
    HAL_GPIO_WritePin                        0x08002c7f   Thumb Code    10  stm32f1xx_hal_gpio.o(i.HAL_GPIO_WritePin)
    HAL_GetTick                              0x08002c89   Thumb Code     6  stm32f1xx_hal.o(i.HAL_GetTick)
    HAL_IncTick                              0x08002c95   Thumb Code    12  stm32f1xx_hal.o(i.HAL_IncTick)
    HAL_Init                                 0x08002ca5   Thumb Code    32  stm32f1xx_hal.o(i.HAL_Init)
    HAL_InitTick                             0x08002cc9   Thumb Code   132  stm32f1xx_hal_timebase_tim.o(i.HAL_InitTick)
    HAL_MspInit                              0x08002d61   Thumb Code    62  stm32f1xx_hal_msp.o(i.HAL_MspInit)
    HAL_NVIC_EnableIRQ                       0x08002da9   Thumb Code    26  stm32f1xx_hal_cortex.o(i.HAL_NVIC_EnableIRQ)
    HAL_NVIC_SetPriority                     0x08002dc5   Thumb Code    60  stm32f1xx_hal_cortex.o(i.HAL_NVIC_SetPriority)
    HAL_NVIC_SetPriorityGrouping             0x08002e05   Thumb Code    26  stm32f1xx_hal_cortex.o(i.HAL_NVIC_SetPriorityGrouping)
    HAL_RCC_ClockConfig                      0x08002e29   Thumb Code   280  stm32f1xx_hal_rcc.o(i.HAL_RCC_ClockConfig)
    HAL_RCC_GetClockConfig                   0x08002f55   Thumb Code    54  stm32f1xx_hal_rcc.o(i.HAL_RCC_GetClockConfig)
    HAL_RCC_GetPCLK1Freq                     0x08002f95   Thumb Code    20  stm32f1xx_hal_rcc.o(i.HAL_RCC_GetPCLK1Freq)
    HAL_RCC_GetPCLK2Freq                     0x08002fb5   Thumb Code    20  stm32f1xx_hal_rcc.o(i.HAL_RCC_GetPCLK2Freq)
    HAL_RCC_GetSysClockFreq                  0x08002fd5   Thumb Code    58  stm32f1xx_hal_rcc.o(i.HAL_RCC_GetSysClockFreq)
    HAL_RCC_OscConfig                        0x08003021   Thumb Code   778  stm32f1xx_hal_rcc.o(i.HAL_RCC_OscConfig)
    HAL_SRAM_Init                            0x08003341   Thumb Code   100  stm32f1xx_hal_sram.o(i.HAL_SRAM_Init)
    HAL_SRAM_MspInit                         0x080033a5   Thumb Code     4  fsmc.o(i.HAL_SRAM_MspInit)
    HAL_TIMEx_BreakCallback                  0x080033a9   Thumb Code     2  stm32f1xx_hal_tim_ex.o(i.HAL_TIMEx_BreakCallback)
    HAL_TIMEx_CommutCallback                 0x080033ab   Thumb Code     2  stm32f1xx_hal_tim_ex.o(i.HAL_TIMEx_CommutCallback)
    HAL_TIMEx_ConfigBreakDeadTime            0x080033ad   Thumb Code    84  stm32f1xx_hal_tim_ex.o(i.HAL_TIMEx_ConfigBreakDeadTime)
    HAL_TIMEx_MasterConfigSynchronization    0x08003401   Thumb Code   104  stm32f1xx_hal_tim_ex.o(i.HAL_TIMEx_MasterConfigSynchronization)
    HAL_TIM_Base_Init                        0x0800347d   Thumb Code    90  stm32f1xx_hal_tim.o(i.HAL_TIM_Base_Init)
    HAL_TIM_Base_MspInit                     0x080034d9   Thumb Code    30  tim.o(i.HAL_TIM_Base_MspInit)
    HAL_TIM_Base_Start_IT                    0x08003501   Thumb Code    88  stm32f1xx_hal_tim.o(i.HAL_TIM_Base_Start_IT)
    HAL_TIM_ConfigClockSource                0x0800356d   Thumb Code   220  stm32f1xx_hal_tim.o(i.HAL_TIM_ConfigClockSource)
    HAL_TIM_IC_CaptureCallback               0x08003649   Thumb Code   188  remote.o(i.HAL_TIM_IC_CaptureCallback)
    HAL_TIM_IC_ConfigChannel                 0x08003715   Thumb Code   292  stm32f1xx_hal_tim.o(i.HAL_TIM_IC_ConfigChannel)
    HAL_TIM_IC_Init                          0x08003839   Thumb Code    90  stm32f1xx_hal_tim.o(i.HAL_TIM_IC_Init)
    HAL_TIM_IC_MspInit                       0x08003895   Thumb Code   104  remote.o(i.HAL_TIM_IC_MspInit)
    HAL_TIM_IC_Start_IT                      0x0800390d   Thumb Code   228  stm32f1xx_hal_tim.o(i.HAL_TIM_IC_Start_IT)
    HAL_TIM_IRQHandler                       0x08003a05   Thumb Code   304  stm32f1xx_hal_tim.o(i.HAL_TIM_IRQHandler)
    HAL_TIM_MspPostInit                      0x08003b35   Thumb Code    64  tim.o(i.HAL_TIM_MspPostInit)
    HAL_TIM_OC_DelayElapsedCallback          0x08003b81   Thumb Code     2  stm32f1xx_hal_tim.o(i.HAL_TIM_OC_DelayElapsedCallback)
    HAL_TIM_PWM_ConfigChannel                0x08003b83   Thumb Code   204  stm32f1xx_hal_tim.o(i.HAL_TIM_PWM_ConfigChannel)
    HAL_TIM_PWM_Init                         0x08003c4f   Thumb Code    90  stm32f1xx_hal_tim.o(i.HAL_TIM_PWM_Init)
    HAL_TIM_PWM_MspInit                      0x08003ca9   Thumb Code     2  stm32f1xx_hal_tim.o(i.HAL_TIM_PWM_MspInit)
    HAL_TIM_PWM_PulseFinishedCallback        0x08003cab   Thumb Code     2  stm32f1xx_hal_tim.o(i.HAL_TIM_PWM_PulseFinishedCallback)
    HAL_TIM_PWM_Start                        0x08003cad   Thumb Code   160  stm32f1xx_hal_tim.o(i.HAL_TIM_PWM_Start)
    HAL_TIM_PeriodElapsedCallback            0x08003d61   Thumb Code    70  remote.o(i.HAL_TIM_PeriodElapsedCallback)
    HAL_TIM_ReadCapturedValue                0x08003db5   Thumb Code    42  stm32f1xx_hal_tim.o(i.HAL_TIM_ReadCapturedValue)
    HAL_TIM_TriggerCallback                  0x08003ddf   Thumb Code     2  stm32f1xx_hal_tim.o(i.HAL_TIM_TriggerCallback)
    HAL_UARTEx_RxEventCallback               0x08003de1   Thumb Code     2  stm32f1xx_hal_uart.o(i.HAL_UARTEx_RxEventCallback)
    HAL_UART_ErrorCallback                   0x08003de3   Thumb Code     2  stm32f1xx_hal_uart.o(i.HAL_UART_ErrorCallback)
    HAL_UART_IRQHandler                      0x08003de5   Thumb Code   616  stm32f1xx_hal_uart.o(i.HAL_UART_IRQHandler)
    HAL_UART_Init                            0x08004051   Thumb Code   100  stm32f1xx_hal_uart.o(i.HAL_UART_Init)
    HAL_UART_MspInit                         0x080040b5   Thumb Code   200  usart.o(i.HAL_UART_MspInit)
    HAL_UART_Receive_DMA                     0x08004191   Thumb Code    28  stm32f1xx_hal_uart.o(i.HAL_UART_Receive_DMA)
    HAL_UART_RxCpltCallback                  0x080041ad   Thumb Code     2  stm32f1xx_hal_uart.o(i.HAL_UART_RxCpltCallback)
    HAL_UART_RxHalfCpltCallback              0x080041af   Thumb Code     2  stm32f1xx_hal_uart.o(i.HAL_UART_RxHalfCpltCallback)
    HAL_UART_Transmit_IT                     0x080041b1   Thumb Code    50  stm32f1xx_hal_uart.o(i.HAL_UART_Transmit_IT)
    HAL_UART_TxCpltCallback                  0x080041e5   Thumb Code    18  myprintf.o(i.HAL_UART_TxCpltCallback)
    HardFault_Handler                        0x08004201   Thumb Code     2  stm32f1xx_it.o(i.HardFault_Handler)
    MX_DMA_Init                              0x08004205   Thumb Code    56  dma.o(i.MX_DMA_Init)
    MX_FREERTOS_Init                         0x08004241   Thumb Code   162  freertos.o(i.MX_FREERTOS_Init)
    MX_FSMC_Init                             0x08004309   Thumb Code   134  fsmc.o(i.MX_FSMC_Init)
    MX_GPIO_Init                             0x0800439d   Thumb Code   218  gpio.o(i.MX_GPIO_Init)
    MX_TIM4_Init                             0x08004485   Thumb Code   100  tim.o(i.MX_TIM4_Init)
    MX_TIM8_Init                             0x080044f1   Thumb Code   268  tim.o(i.MX_TIM8_Init)
    MX_USART1_UART_Init                      0x08004605   Thumb Code    48  usart.o(i.MX_USART1_UART_Init)
    MemManage_Handler                        0x0800463d   Thumb Code     2  stm32f1xx_it.o(i.MemManage_Handler)
    NMI_Handler                              0x0800463f   Thumb Code     2  stm32f1xx_it.o(i.NMI_Handler)
    Read_remote_data                         0x08004641   Thumb Code   230  remote.o(i.Read_remote_data)
    StartBeepWorkTaskFunction                0x080047b1   Thumb Code    94  beep.o(i.StartBeepWorkTaskFunction)
    StartLCDDisplayTaskFunction              0x08004815   Thumb Code   476  mytask.o(i.StartLCDDisplayTaskFunction)
    StartLEDProcessedTaskFunction            0x08004a6d   Thumb Code   190  mytask.o(i.StartLEDProcessedTaskFunction)
    StartLEDWorkTaskFunction                 0x08004ba9   Thumb Code   112  led.o(i.StartLEDWorkTaskFunction)
    StartTimeSetTaskFunction                 0x08004c21   Thumb Code    72  mytask.o(i.StartTimeSetTaskFunction)
    StartUART1_recv_TaskFunction             0x08004c6d   Thumb Code   144  myprintf.o(i.StartUART1_recv_TaskFunction)
    StartdefauleTask                         0x08004d11   Thumb Code     8  freertos.o(i.StartdefauleTask)
    SysTick_Handler                          0x08004d19   Thumb Code    26  cmsis_os2.o(i.SysTick_Handler)
    SystemClock_Config                       0x08004d33   Thumb Code    94  main.o(i.SystemClock_Config)
    SystemInit                               0x08004d91   Thumb Code     2  system_stm32f1xx.o(i.SystemInit)
    TIM4_IRQHandler                          0x08004d95   Thumb Code     6  remote.o(i.TIM4_IRQHandler)
    TIM6_IRQHandler                          0x08004da1   Thumb Code     6  stm32f1xx_it.o(i.TIM6_IRQHandler)
    TIM_Base_SetConfig                       0x08004dad   Thumb Code   134  stm32f1xx_hal_tim.o(i.TIM_Base_SetConfig)
    TIM_CCxChannelCmd                        0x08004e49   Thumb Code    26  stm32f1xx_hal_tim.o(i.TIM_CCxChannelCmd)
    TIM_ETR_SetConfig                        0x08004e63   Thumb Code    20  stm32f1xx_hal_tim.o(i.TIM_ETR_SetConfig)
    TIM_OC2_SetConfig                        0x08004ee9   Thumb Code    98  stm32f1xx_hal_tim.o(i.TIM_OC2_SetConfig)
    TIM_TI1_SetConfig                        0x08005031   Thumb Code    88  stm32f1xx_hal_tim.o(i.TIM_TI1_SetConfig)
    UART_Start_Receive_DMA                   0x080053d9   Thumb Code   130  stm32f1xx_hal_uart.o(i.UART_Start_Receive_DMA)
    USART1_IRQHandler                        0x08005469   Thumb Code    16  stm32f1xx_it.o(i.USART1_IRQHandler)
    UsageFault_Handler                       0x0800547d   Thumb Code     2  stm32f1xx_it.o(i.UsageFault_Handler)
    __ARM_fpclassify                         0x0800547f   Thumb Code    40  fpclassify.o(i.__ARM_fpclassify)
    _is_digit                                0x080054c7   Thumb Code    14  __printf_wp.o(i._is_digit)
    delay_init                               0x080054d5   Thumb Code     6  delay.o(i.delay_init)
    delay_ms                                 0x080054e1   Thumb Code    10  delay.o(i.delay_ms)
    delay_us                                 0x080054ed   Thumb Code    48  delay.o(i.delay_us)
    lcd_clear                                0x08005521   Thumb Code    40  lcd.o(i.lcd_clear)
    lcd_display_dir                          0x08005551   Thumb Code   230  lcd.o(i.lcd_display_dir)
    lcd_draw_point                           0x0800563d   Thumb Code    18  lcd.o(i.lcd_draw_point)
    lcd_ex_ili9341_reginit                   0x08005655   Thumb Code   558  lcd.o(i.lcd_ex_ili9341_reginit)
    lcd_ex_ili9806_reginit                   0x08005883   Thumb Code   834  lcd.o(i.lcd_ex_ili9806_reginit)
    lcd_ex_nt35310_reginit                   0x08005bc5   Thumb Code  3828  lcd.o(i.lcd_ex_nt35310_reginit)
    lcd_ex_nt35510_reginit                   0x08006ab9   Thumb Code  3834  lcd.o(i.lcd_ex_nt35510_reginit)
    lcd_ex_ssd1963_reginit                   0x080079b3   Thumb Code   368  lcd.o(i.lcd_ex_ssd1963_reginit)
    lcd_ex_st7789_reginit                    0x08007b23   Thumb Code   426  lcd.o(i.lcd_ex_st7789_reginit)
    lcd_ex_st7796_reginit                    0x08007ccd   Thumb Code   456  lcd.o(i.lcd_ex_st7796_reginit)
    lcd_fill                                 0x08007e95   Thumb Code    68  lcd.o(i.lcd_fill)
    lcd_init                                 0x08007edd   Thumb Code   762  lcd.o(i.lcd_init)
    lcd_scan_dir                             0x0800821d   Thumb Code   380  lcd.o(i.lcd_scan_dir)
    lcd_set_cursor                           0x0800839d   Thumb Code   238  lcd.o(i.lcd_set_cursor)
    lcd_show_char                            0x08008491   Thumb Code   200  lcd.o(i.lcd_show_char)
    lcd_show_num                             0x08008571   Thumb Code   114  lcd.o(i.lcd_show_num)
    lcd_show_string                          0x080085e3   Thumb Code    86  lcd.o(i.lcd_show_string)
    lcd_show_xnum                            0x08008639   Thumb Code   138  lcd.o(i.lcd_show_xnum)
    lcd_ssd_backlight_set                    0x080086c5   Thumb Code    70  lcd.o(i.lcd_ssd_backlight_set)
    lcd_wr_data                              0x08008711   Thumb Code    20  lcd.o(i.lcd_wr_data)
    lcd_wr_regno                             0x08008729   Thumb Code    20  lcd.o(i.lcd_wr_regno)
    lcd_write_ram_prepare                    0x08008741   Thumb Code    10  lcd.o(i.lcd_write_ram_prepare)
    lcd_write_reg                            0x08008755   Thumb Code    10  lcd.o(i.lcd_write_reg)
    main                                     0x08008765   Thumb Code    46  main.o(i.main)
    myprintf                                 0x08008795   Thumb Code    58  myprintf.o(i.myprintf)
    osDelay                                  0x080087dd   Thumb Code    26  cmsis_os2.o(i.osDelay)
    osKernelInitialize                       0x080087f9   Thumb Code    32  cmsis_os2.o(i.osKernelInitialize)
    osKernelStart                            0x0800881d   Thumb Code    48  cmsis_os2.o(i.osKernelStart)
    osSemaphoreAcquire                       0x08008855   Thumb Code    86  cmsis_os2.o(i.osSemaphoreAcquire)
    osSemaphoreNew                           0x080088b1   Thumb Code   152  cmsis_os2.o(i.osSemaphoreNew)
    osSemaphoreRelease                       0x08008949   Thumb Code    80  cmsis_os2.o(i.osSemaphoreRelease)
    osThreadNew                              0x0800899d   Thumb Code   136  cmsis_os2.o(i.osThreadNew)
    pvPortMalloc                             0x080091b9   Thumb Code   216  heap_4.o(i.pvPortMalloc)
    pvTaskIncrementMutexHeldCount            0x08009295   Thumb Code    18  tasks.o(i.pvTaskIncrementMutexHeldCount)
    pxPortInitialiseStack                    0x080092ad   Thumb Code    32  port.o(i.pxPortInitialiseStack)
    remote_init                              0x080092d1   Thumb Code    72  remote.o(i.remote_init)
    remote_scan                              0x08009321   Thumb Code    62  remote.o(i.remote_scan)
    uart1_data_in                            0x08009365   Thumb Code    34  myprintf.o(i.uart1_data_in)
    uxListRemove                             0x08009391   Thumb Code    38  list.o(i.uxListRemove)
    vApplicationGetIdleTaskMemory            0x080093b9   Thumb Code    16  cmsis_os2.o(i.vApplicationGetIdleTaskMemory)
    vApplicationGetTimerTaskMemory           0x080093cd   Thumb Code    18  cmsis_os2.o(i.vApplicationGetTimerTaskMemory)
    vListInitialise                          0x080093e5   Thumb Code    22  list.o(i.vListInitialise)
    vListInitialiseItem                      0x080093fb   Thumb Code     6  list.o(i.vListInitialiseItem)
    vListInsert                              0x08009401   Thumb Code    48  list.o(i.vListInsert)
    vListInsertEnd                           0x08009431   Thumb Code    24  list.o(i.vListInsertEnd)
    vPortEnterCritical                       0x08009449   Thumb Code    54  port.o(i.vPortEnterCritical)
    vPortExitCritical                        0x08009489   Thumb Code    34  port.o(i.vPortExitCritical)
    vPortFree                                0x080094b1   Thumb Code    94  heap_4.o(i.vPortFree)
    vPortSetupTimerInterrupt                 0x08009515   Thumb Code    32  port.o(i.vPortSetupTimerInterrupt)
    vPortValidateInterruptPriority           0x08009539   Thumb Code    74  port.o(i.vPortValidateInterruptPriority)
    vQueueAddToRegistry                      0x0800958d   Thumb Code    34  queue.o(i.vQueueAddToRegistry)
    vQueueDelete                             0x080095b5   Thumb Code    46  queue.o(i.vQueueDelete)
    vQueueUnregisterQueue                    0x080095e5   Thumb Code    36  queue.o(i.vQueueUnregisterQueue)
    vQueueWaitForMessageRestricted           0x0800960d   Thumb Code    68  queue.o(i.vQueueWaitForMessageRestricted)
    vTaskDelay                               0x08009651   Thumb Code    66  tasks.o(i.vTaskDelay)
    vTaskInternalSetTimeOutState             0x0800969d   Thumb Code    12  tasks.o(i.vTaskInternalSetTimeOutState)
    vTaskMissedYield                         0x080096ad   Thumb Code     8  tasks.o(i.vTaskMissedYield)
    vTaskPlaceOnEventList                    0x080096b9   Thumb Code    44  tasks.o(i.vTaskPlaceOnEventList)
    vTaskPlaceOnEventListRestricted          0x080096e9   Thumb Code    52  tasks.o(i.vTaskPlaceOnEventListRestricted)
    vTaskPriorityDisinheritAfterTimeout      0x08009721   Thumb Code   134  tasks.o(i.vTaskPriorityDisinheritAfterTimeout)
    vTaskStartScheduler                      0x080097b1   Thumb Code   118  tasks.o(i.vTaskStartScheduler)
    vTaskSuspendAll                          0x08009839   Thumb Code    10  tasks.o(i.vTaskSuspendAll)
    vTaskSwitchContext                       0x08009849   Thumb Code    90  tasks.o(i.vTaskSwitchContext)
    xPortStartScheduler                      0x080098ad   Thumb Code   154  port.o(i.xPortStartScheduler)
    xPortSysTickHandler                      0x08009955   Thumb Code    38  port.o(i.xPortSysTickHandler)
    xQueueCreateCountingSemaphore            0x08009981   Thumb Code    58  queue.o(i.xQueueCreateCountingSemaphore)
    xQueueCreateCountingSemaphoreStatic      0x080099bb   Thumb Code    64  queue.o(i.xQueueCreateCountingSemaphoreStatic)
    xQueueGenericCreate                      0x080099fb   Thumb Code    66  queue.o(i.xQueueGenericCreate)
    xQueueGenericCreateStatic                0x08009a3d   Thumb Code   102  queue.o(i.xQueueGenericCreateStatic)
    xQueueGenericReset                       0x08009aa5   Thumb Code   132  queue.o(i.xQueueGenericReset)
    xQueueGenericSend                        0x08009b2d   Thumb Code   346  queue.o(i.xQueueGenericSend)
    xQueueGenericSendFromISR                 0x08009c8d   Thumb Code   190  queue.o(i.xQueueGenericSendFromISR)
    xQueueGiveFromISR                        0x08009d4b   Thumb Code   156  queue.o(i.xQueueGiveFromISR)
    xQueueReceive                            0x08009de9   Thumb Code   308  queue.o(i.xQueueReceive)
    xQueueReceiveFromISR                     0x08009f21   Thumb Code   154  queue.o(i.xQueueReceiveFromISR)
    xQueueSemaphoreTake                      0x08009fbd   Thumb Code   372  queue.o(i.xQueueSemaphoreTake)
    xTaskCheckForTimeOut                     0x0800a135   Thumb Code   112  tasks.o(i.xTaskCheckForTimeOut)
    xTaskCreate                              0x0800a1a9   Thumb Code    90  tasks.o(i.xTaskCreate)
    xTaskCreateStatic                        0x0800a203   Thumb Code    86  tasks.o(i.xTaskCreateStatic)
    xTaskGetSchedulerState                   0x0800a259   Thumb Code    22  tasks.o(i.xTaskGetSchedulerState)
    xTaskGetTickCount                        0x0800a275   Thumb Code     6  tasks.o(i.xTaskGetTickCount)
    xTaskIncrementTick                       0x0800a281   Thumb Code   192  tasks.o(i.xTaskIncrementTick)
    xTaskPriorityDisinherit                  0x0800a349   Thumb Code   118  tasks.o(i.xTaskPriorityDisinherit)
    xTaskPriorityInherit                     0x0800a3c9   Thumb Code   112  tasks.o(i.xTaskPriorityInherit)
    xTaskRemoveFromEventList                 0x0800a441   Thumb Code    98  tasks.o(i.xTaskRemoveFromEventList)
    xTaskResumeAll                           0x0800a4b1   Thumb Code   182  tasks.o(i.xTaskResumeAll)
    xTimerCreateTimerTask                    0x0800a575   Thumb Code    78  timers.o(i.xTimerCreateTimerTask)
    xTimerGenericCommand                     0x0800a5d5   Thumb Code    98  timers.o(i.xTimerGenericCommand)
    _get_lc_numeric                          0x0800a63d   Thumb Code    44  lc_numeric_c.o(locale$$code)
    _get_lc_ctype                            0x0800a669   Thumb Code    44  lc_ctype_c.o(locale$$code)
    __aeabi_d2uiz                            0x0800a695   Thumb Code     0  dfixu.o(x$fpl$dfixu)
    _dfixu                                   0x0800a695   Thumb Code    90  dfixu.o(x$fpl$dfixu)
    __aeabi_ui2d                             0x0800a6ef   Thumb Code     0  dflt_clz.o(x$fpl$dfltu)
    _dfltu                                   0x0800a6ef   Thumb Code    38  dflt_clz.o(x$fpl$dfltu)
    __aeabi_dmul                             0x0800a715   Thumb Code     0  dmul.o(x$fpl$dmul)
    _dmul                                    0x0800a715   Thumb Code   332  dmul.o(x$fpl$dmul)
    __fpl_dnaninf                            0x0800a869   Thumb Code   156  dnaninf.o(x$fpl$dnaninf)
    __fpl_dretinf                            0x0800a905   Thumb Code    12  dretinf.o(x$fpl$dretinf)
    _printf_fp_dec                           0x0800a911   Thumb Code     4  printf1.o(x$fpl$printf1)
    _printf_fp_hex                           0x0800a915   Thumb Code     4  printf2.o(x$fpl$printf2)
    __I$use$fp                               0x0800a918   Number         0  usenofp.o(x$fpl$usenofp)
    defauleTask_attributes                   0x0800a918   Data          36  freertos.o(.constdata)
    UART1_recv_Task_attributes               0x0800a93c   Data          36  freertos.o(.constdata)
    LCDDisplayTask_attributes                0x0800a960   Data          36  freertos.o(.constdata)
    LEDProcessedTas_attributes               0x0800a984   Data          36  freertos.o(.constdata)
    LEDWorkTask_attributes                   0x0800a9a8   Data          36  freertos.o(.constdata)
    TimeSetTask_attributes                   0x0800a9cc   Data          36  freertos.o(.constdata)
    BeepWorkTask_attributes                  0x0800a9f0   Data          36  freertos.o(.constdata)
    uart1_printf_gsem_attributes             0x0800aa14   Data          16  freertos.o(.constdata)
    uart1_rxok_gsem_attributes               0x0800aa24   Data          16  freertos.o(.constdata)
    LCD_refresh_gsem_attributes              0x0800aa34   Data          16  freertos.o(.constdata)
    uart1_data_handle_gsem_attributes        0x0800aa44   Data          16  freertos.o(.constdata)
    AHBPrescTable                            0x0800aa66   Data          16  system_stm32f1xx.o(.constdata)
    APBPrescTable                            0x0800aa76   Data           8  system_stm32f1xx.o(.constdata)
    asc2_1206                                0x0800aa7e   Data        1140  lcd.o(.constdata)
    asc2_1608                                0x0800aef2   Data        1520  lcd.o(.constdata)
    asc2_2412                                0x0800b4e2   Data        3420  lcd.o(.constdata)
    asc2_3216                                0x0800c23e   Data        6080  lcd.o(.constdata)
    Region$$Table$$Base                      0x0800dbb0   Number         0  anon$$obj.o(Region$$Table)
    Region$$Table$$Limit                     0x0800dbd0   Number         0  anon$$obj.o(Region$$Table)
    __ctype                                  0x0800dbf9   Data           0  lc_ctype_c.o(locale$$data)
    defauleTaskHandle                        0x20000000   Data           4  freertos.o(.data)
    UART1_recv_TaskHandle                    0x20000004   Data           4  freertos.o(.data)
    LCDDisplayTaskHandle                     0x20000008   Data           4  freertos.o(.data)
    LEDProcessedTasHandle                    0x2000000c   Data           4  freertos.o(.data)
    LEDWorkTaskHandle                        0x20000010   Data           4  freertos.o(.data)
    TimeSetTaskHandle                        0x20000014   Data           4  freertos.o(.data)
    BeepWorkTaskHandle                       0x20000018   Data           4  freertos.o(.data)
    uart1_printf_gsemHandle                  0x2000001c   Data           4  freertos.o(.data)
    uart1_rxok_gsemHandle                    0x20000020   Data           4  freertos.o(.data)
    LCD_refresh_gsemHandle                   0x20000024   Data           4  freertos.o(.data)
    uart1_data_handle_gsemHandle             0x20000028   Data           4  freertos.o(.data)
    uwTickFreq                               0x20000034   Data           1  stm32f1xx_hal.o(.data)
    uwTickPrio                               0x20000038   Data           4  stm32f1xx_hal.o(.data)
    uwTick                                   0x2000003c   Data           4  stm32f1xx_hal.o(.data)
    SystemCoreClock                          0x20000040   Data           4  system_stm32f1xx.o(.data)
    pxCurrentTCB                             0x20000044   Data           4  tasks.o(.data)
    g_back_color                             0x200000c4   Data           4  lcd.o(.data)
    g_remote_sta                             0x200000cc   Data           1  remote.o(.data)
    g_remote_cnt                             0x200000cd   Data           1  remote.o(.data)
    g_remote_data                            0x200000d0   Data           4  remote.o(.data)
    hsram1                                   0x200000d4   Data          72  fsmc.o(.bss)
    htim4                                    0x2000011c   Data          72  tim.o(.bss)
    htim8                                    0x20000164   Data          72  tim.o(.bss)
    huart1                                   0x200001ac   Data          72  usart.o(.bss)
    hdma_usart1_rx                           0x200001f4   Data          68  usart.o(.bss)
    hdma_usart1_tx                           0x20000238   Data          68  usart.o(.bss)
    htim6                                    0x2000027c   Data          72  stm32f1xx_hal_timebase_tim.o(.bss)
    xQueueRegistry                           0x200002c4   Data          64  queue.o(.bss)
    g_sram_handle                            0x20003798   Data          72  lcd.o(.bss)
    lcddev                                   0x200037e0   Data          14  lcd.o(.bss)
    gbuf_printf                              0x200037ee   Data          70  myprintf.o(.bss)
    g_tim4_handle                            0x20003834   Data          72  remote.o(.bss)
    __libspace_start                         0x2000387c   Data          96  libspace.o(.bss)
    __temporary_stack_top$libspace           0x200038dc   Data           0  libspace.o(.bss)



==============================================================================

Memory Map of the image

  Image Entry point : 0x08000131

  Load Region LR_IROM1 (Base: 0x08000000, Size: 0x0000ddd0, Max: 0x00080000, ABSOLUTE)

    Execution Region ER_IROM1 (Exec base: 0x08000000, Load base: 0x08000000, Size: 0x0000dcfc, Max: 0x00080000, ABSOLUTE)

    Exec Addr    Load Addr    Size         Type   Attr      Idx    E Section Name        Object

    0x08000000   0x08000000   0x00000130   Data   RO            3    RESET               startup_stm32f103xe.o
    0x08000130   0x08000130   0x00000008   Code   RO         5666  * !!!main             c_w.l(__main.o)
    0x08000138   0x08000138   0x00000034   Code   RO         5965    !!!scatter          c_w.l(__scatter.o)
    0x0800016c   0x0800016c   0x0000001a   Code   RO         5967    !!handler_copy      c_w.l(__scatter_copy.o)
    0x08000186   0x08000186   0x00000002   PAD
    0x08000188   0x08000188   0x0000001c   Code   RO         5969    !!handler_zi        c_w.l(__scatter_zi.o)
    0x080001a4   0x080001a4   0x00000000   Code   RO         5641    .ARM.Collect$$_printf_percent$$00000000  c_w.l(_printf_percent.o)
    0x080001a4   0x080001a4   0x00000006   Code   RO         5708    .ARM.Collect$$_printf_percent$$00000001  c_w.l(_printf_n.o)
    0x080001aa   0x080001aa   0x00000006   Code   RO         5709    .ARM.Collect$$_printf_percent$$00000002  c_w.l(_printf_p.o)
    0x080001b0   0x080001b0   0x00000006   Code   RO         5714    .ARM.Collect$$_printf_percent$$00000003  c_w.l(_printf_f.o)
    0x080001b6   0x080001b6   0x00000006   Code   RO         5715    .ARM.Collect$$_printf_percent$$00000004  c_w.l(_printf_e.o)
    0x080001bc   0x080001bc   0x00000006   Code   RO         5716    .ARM.Collect$$_printf_percent$$00000005  c_w.l(_printf_g.o)
    0x080001c2   0x080001c2   0x00000006   Code   RO         5717    .ARM.Collect$$_printf_percent$$00000006  c_w.l(_printf_a.o)
    0x080001c8   0x080001c8   0x0000000a   Code   RO         5722    .ARM.Collect$$_printf_percent$$00000007  c_w.l(_printf_ll.o)
    0x080001d2   0x080001d2   0x00000006   Code   RO         5711    .ARM.Collect$$_printf_percent$$00000008  c_w.l(_printf_i.o)
    0x080001d8   0x080001d8   0x00000006   Code   RO         5712    .ARM.Collect$$_printf_percent$$00000009  c_w.l(_printf_d.o)
    0x080001de   0x080001de   0x00000006   Code   RO         5713    .ARM.Collect$$_printf_percent$$0000000A  c_w.l(_printf_u.o)
    0x080001e4   0x080001e4   0x00000006   Code   RO         5710    .ARM.Collect$$_printf_percent$$0000000B  c_w.l(_printf_o.o)
    0x080001ea   0x080001ea   0x00000006   Code   RO         5640    .ARM.Collect$$_printf_percent$$0000000C  c_w.l(_printf_x.o)
    0x080001f0   0x080001f0   0x00000006   Code   RO         5719    .ARM.Collect$$_printf_percent$$0000000D  c_w.l(_printf_lli.o)
    0x080001f6   0x080001f6   0x00000006   Code   RO         5720    .ARM.Collect$$_printf_percent$$0000000E  c_w.l(_printf_lld.o)
    0x080001fc   0x080001fc   0x00000006   Code   RO         5721    .ARM.Collect$$_printf_percent$$0000000F  c_w.l(_printf_llu.o)
    0x08000202   0x08000202   0x00000006   Code   RO         5726    .ARM.Collect$$_printf_percent$$00000010  c_w.l(_printf_llo.o)
    0x08000208   0x08000208   0x00000006   Code   RO         5727    .ARM.Collect$$_printf_percent$$00000011  c_w.l(_printf_llx.o)
    0x0800020e   0x0800020e   0x0000000a   Code   RO         5723    .ARM.Collect$$_printf_percent$$00000012  c_w.l(_printf_l.o)
    0x08000218   0x08000218   0x00000006   Code   RO         5706    .ARM.Collect$$_printf_percent$$00000013  c_w.l(_printf_c.o)
    0x0800021e   0x0800021e   0x00000006   Code   RO         5707    .ARM.Collect$$_printf_percent$$00000014  c_w.l(_printf_s.o)
    0x08000224   0x08000224   0x00000006   Code   RO         5724    .ARM.Collect$$_printf_percent$$00000015  c_w.l(_printf_lc.o)
    0x0800022a   0x0800022a   0x00000006   Code   RO         5725    .ARM.Collect$$_printf_percent$$00000016  c_w.l(_printf_ls.o)
    0x08000230   0x08000230   0x00000004   Code   RO         5718    .ARM.Collect$$_printf_percent$$00000017  c_w.l(_printf_percent_end.o)
    0x08000234   0x08000234   0x00000002   Code   RO         5829    .ARM.Collect$$libinit$$00000000  c_w.l(libinit.o)
    0x08000236   0x08000236   0x00000000   Code   RO         5843    .ARM.Collect$$libinit$$00000002  c_w.l(libinit2.o)
    0x08000236   0x08000236   0x00000000   Code   RO         5845    .ARM.Collect$$libinit$$00000004  c_w.l(libinit2.o)
    0x08000236   0x08000236   0x00000000   Code   RO         5848    .ARM.Collect$$libinit$$0000000A  c_w.l(libinit2.o)
    0x08000236   0x08000236   0x00000000   Code   RO         5850    .ARM.Collect$$libinit$$0000000C  c_w.l(libinit2.o)
    0x08000236   0x08000236   0x00000000   Code   RO         5852    .ARM.Collect$$libinit$$0000000E  c_w.l(libinit2.o)
    0x08000236   0x08000236   0x00000006   Code   RO         5853    .ARM.Collect$$libinit$$0000000F  c_w.l(libinit2.o)
    0x0800023c   0x0800023c   0x00000000   Code   RO         5855    .ARM.Collect$$libinit$$00000011  c_w.l(libinit2.o)
    0x0800023c   0x0800023c   0x0000000c   Code   RO         5856    .ARM.Collect$$libinit$$00000012  c_w.l(libinit2.o)
    0x08000248   0x08000248   0x00000000   Code   RO         5857    .ARM.Collect$$libinit$$00000013  c_w.l(libinit2.o)
    0x08000248   0x08000248   0x00000000   Code   RO         5859    .ARM.Collect$$libinit$$00000015  c_w.l(libinit2.o)
    0x08000248   0x08000248   0x0000000a   Code   RO         5860    .ARM.Collect$$libinit$$00000016  c_w.l(libinit2.o)
    0x08000252   0x08000252   0x00000000   Code   RO         5861    .ARM.Collect$$libinit$$00000017  c_w.l(libinit2.o)
    0x08000252   0x08000252   0x00000000   Code   RO         5863    .ARM.Collect$$libinit$$00000019  c_w.l(libinit2.o)
    0x08000252   0x08000252   0x00000000   Code   RO         5865    .ARM.Collect$$libinit$$0000001B  c_w.l(libinit2.o)
    0x08000252   0x08000252   0x00000000   Code   RO         5867    .ARM.Collect$$libinit$$0000001D  c_w.l(libinit2.o)
    0x08000252   0x08000252   0x00000000   Code   RO         5869    .ARM.Collect$$libinit$$0000001F  c_w.l(libinit2.o)
    0x08000252   0x08000252   0x00000000   Code   RO         5871    .ARM.Collect$$libinit$$00000021  c_w.l(libinit2.o)
    0x08000252   0x08000252   0x00000000   Code   RO         5873    .ARM.Collect$$libinit$$00000023  c_w.l(libinit2.o)
    0x08000252   0x08000252   0x00000000   Code   RO         5875    .ARM.Collect$$libinit$$00000025  c_w.l(libinit2.o)
    0x08000252   0x08000252   0x00000000   Code   RO         5879    .ARM.Collect$$libinit$$0000002C  c_w.l(libinit2.o)
    0x08000252   0x08000252   0x00000000   Code   RO         5881    .ARM.Collect$$libinit$$0000002E  c_w.l(libinit2.o)
    0x08000252   0x08000252   0x00000000   Code   RO         5883    .ARM.Collect$$libinit$$00000030  c_w.l(libinit2.o)
    0x08000252   0x08000252   0x00000000   Code   RO         5885    .ARM.Collect$$libinit$$00000032  c_w.l(libinit2.o)
    0x08000252   0x08000252   0x00000002   Code   RO         5886    .ARM.Collect$$libinit$$00000033  c_w.l(libinit2.o)
    0x08000254   0x08000254   0x00000002   Code   RO         5906    .ARM.Collect$$libshutdown$$00000000  c_w.l(libshutdown.o)
    0x08000256   0x08000256   0x00000000   Code   RO         5920    .ARM.Collect$$libshutdown$$00000003  c_w.l(libshutdown2.o)
    0x08000256   0x08000256   0x00000000   Code   RO         5923    .ARM.Collect$$libshutdown$$00000006  c_w.l(libshutdown2.o)
    0x08000256   0x08000256   0x00000000   Code   RO         5926    .ARM.Collect$$libshutdown$$00000009  c_w.l(libshutdown2.o)
    0x08000256   0x08000256   0x00000000   Code   RO         5928    .ARM.Collect$$libshutdown$$0000000B  c_w.l(libshutdown2.o)
    0x08000256   0x08000256   0x00000000   Code   RO         5931    .ARM.Collect$$libshutdown$$0000000E  c_w.l(libshutdown2.o)
    0x08000256   0x08000256   0x00000002   Code   RO         5932    .ARM.Collect$$libshutdown$$0000000F  c_w.l(libshutdown2.o)
    0x08000258   0x08000258   0x00000000   Code   RO         5680    .ARM.Collect$$rtentry$$00000000  c_w.l(__rtentry.o)
    0x08000258   0x08000258   0x00000000   Code   RO         5750    .ARM.Collect$$rtentry$$00000002  c_w.l(__rtentry2.o)
    0x08000258   0x08000258   0x00000006   Code   RO         5762    .ARM.Collect$$rtentry$$00000004  c_w.l(__rtentry4.o)
    0x0800025e   0x0800025e   0x00000000   Code   RO         5752    .ARM.Collect$$rtentry$$00000009  c_w.l(__rtentry2.o)
    0x0800025e   0x0800025e   0x00000004   Code   RO         5753    .ARM.Collect$$rtentry$$0000000A  c_w.l(__rtentry2.o)
    0x08000262   0x08000262   0x00000000   Code   RO         5755    .ARM.Collect$$rtentry$$0000000C  c_w.l(__rtentry2.o)
    0x08000262   0x08000262   0x00000008   Code   RO         5756    .ARM.Collect$$rtentry$$0000000D  c_w.l(__rtentry2.o)
    0x0800026a   0x0800026a   0x00000002   Code   RO         5837    .ARM.Collect$$rtexit$$00000000  c_w.l(rtexit.o)
    0x0800026c   0x0800026c   0x00000000   Code   RO         5888    .ARM.Collect$$rtexit$$00000002  c_w.l(rtexit2.o)
    0x0800026c   0x0800026c   0x00000004   Code   RO         5889    .ARM.Collect$$rtexit$$00000003  c_w.l(rtexit2.o)
    0x08000270   0x08000270   0x00000006   Code   RO         5890    .ARM.Collect$$rtexit$$00000004  c_w.l(rtexit2.o)
    0x08000276   0x08000276   0x00000002   PAD
    0x08000278   0x08000278   0x00000096   Code   RO         4996    .emb_text           port.o
    0x0800030e   0x0800030e   0x00000002   PAD
    0x08000310   0x08000310   0x00000040   Code   RO            4    .text               startup_stm32f103xe.o
    0x08000350   0x08000350   0x00000024   Code   RO         5589    .text               c_w.l(vsprintf.o)
    0x08000374   0x08000374   0x0000002c   Code   RO         5591    .text               c_w.l(__2sprintf.o)
    0x080003a0   0x080003a0   0x0000004e   Code   RO         5597    .text               c_w.l(_printf_pad.o)
    0x080003ee   0x080003ee   0x00000002   PAD
    0x080003f0   0x080003f0   0x00000094   Code   RO         5617    .text               c_w.l(_printf_hex_int_ll_ptr.o)
    0x08000484   0x08000484   0x00000188   Code   RO         5637    .text               c_w.l(__printf_flags_ss_wp.o)
    0x0800060c   0x0800060c   0x0000003c   Code   RO         5642    .text               c_w.l(__0sscanf.o)
    0x08000648   0x08000648   0x0000014c   Code   RO         5644    .text               c_w.l(_scanf_int.o)
    0x08000794   0x08000794   0x00000048   Code   RO         5646    .text               c_w.l(strcpy.o)
    0x080007dc   0x080007dc   0x0000003e   Code   RO         5648    .text               c_w.l(strlen.o)
    0x0800081a   0x0800081a   0x00000096   Code   RO         5650    .text               c_w.l(strncmp.o)
    0x080008b0   0x080008b0   0x0000008a   Code   RO         5652    .text               c_w.l(rt_memcpy_v6.o)
    0x0800093a   0x0800093a   0x00000010   Code   RO         5656    .text               c_w.l(aeabi_memset.o)
    0x0800094a   0x0800094a   0x00000044   Code   RO         5658    .text               c_w.l(rt_memclr.o)
    0x0800098e   0x0800098e   0x0000004e   Code   RO         5660    .text               c_w.l(rt_memclr_w.o)
    0x080009dc   0x080009dc   0x00000080   Code   RO         5662    .text               c_w.l(strcmpv7m.o)
    0x08000a5c   0x08000a5c   0x00000006   Code   RO         5664    .text               c_w.l(heapauxi.o)
    0x08000a62   0x08000a62   0x00000024   Code   RO         5681    .text               c_w.l(_printf_truncate.o)
    0x08000a86   0x08000a86   0x00000052   Code   RO         5683    .text               c_w.l(_printf_str.o)
    0x08000ad8   0x08000ad8   0x000000b2   Code   RO         5685    .text               c_w.l(_printf_intcommon.o)
    0x08000b8a   0x08000b8a   0x00000002   PAD
    0x08000b8c   0x08000b8c   0x00000078   Code   RO         5687    .text               c_w.l(_printf_dec.o)
    0x08000c04   0x08000c04   0x00000028   Code   RO         5689    .text               c_w.l(_printf_charcount.o)
    0x08000c2c   0x08000c2c   0x00000030   Code   RO         5691    .text               c_w.l(_printf_char_common.o)
    0x08000c5c   0x08000c5c   0x0000000a   Code   RO         5693    .text               c_w.l(_sputc.o)
    0x08000c66   0x08000c66   0x00000002   PAD
    0x08000c68   0x08000c68   0x000000bc   Code   RO         5695    .text               c_w.l(_printf_wctomb.o)
    0x08000d24   0x08000d24   0x0000007c   Code   RO         5698    .text               c_w.l(_printf_longlong_dec.o)
    0x08000da0   0x08000da0   0x00000070   Code   RO         5704    .text               c_w.l(_printf_oct_int_ll.o)
    0x08000e10   0x08000e10   0x0000001c   Code   RO         5728    .text               c_w.l(_chval.o)
    0x08000e2c   0x08000e2c   0x0000002c   Code   RO         5730    .text               c_w.l(scanf_char.o)
    0x08000e58   0x08000e58   0x00000040   Code   RO         5732    .text               c_w.l(_sgetc.o)
    0x08000e98   0x08000e98   0x00000064   Code   RO         5734    .text               c_w.l(rt_memcpy_w.o)
    0x08000efc   0x08000efc   0x0000008a   Code   RO         5764    .text               c_w.l(lludiv10.o)
    0x08000f86   0x08000f86   0x00000012   Code   RO         5766    .text               c_w.l(isspace.o)
    0x08000f98   0x08000f98   0x0000041a   Code   RO         5768    .text               c_w.l(_printf_fp_dec.o)
    0x080013b2   0x080013b2   0x00000002   PAD
    0x080013b4   0x080013b4   0x000002fc   Code   RO         5770    .text               c_w.l(_printf_fp_hex.o)
    0x080016b0   0x080016b0   0x0000002c   Code   RO         5775    .text               c_w.l(_printf_char.o)
    0x080016dc   0x080016dc   0x0000002c   Code   RO         5777    .text               c_w.l(_printf_wchar.o)
    0x08001708   0x08001708   0x00000374   Code   RO         5779    .text               c_w.l(_scanf.o)
    0x08001a7c   0x08001a7c   0x00000040   Code   RO         5781    .text               c_w.l(_wcrtomb.o)
    0x08001abc   0x08001abc   0x0000004a   Code   RO         5783    .text               c_w.l(sys_stackheap_outer.o)
    0x08001b06   0x08001b06   0x00000002   PAD
    0x08001b08   0x08001b08   0x00000010   Code   RO         5785    .text               c_w.l(rt_ctype_table.o)
    0x08001b18   0x08001b18   0x00000008   Code   RO         5790    .text               c_w.l(rt_locale_intlibspace.o)
    0x08001b20   0x08001b20   0x00000080   Code   RO         5792    .text               c_w.l(_printf_fp_infnan.o)
    0x08001ba0   0x08001ba0   0x000000dc   Code   RO         5794    .text               c_w.l(bigflt0.o)
    0x08001c7c   0x08001c7c   0x0000000c   Code   RO         5822    .text               c_w.l(exit.o)
    0x08001c88   0x08001c88   0x00000008   Code   RO         5834    .text               c_w.l(libspace.o)
    0x08001c90   0x08001c90   0x0000000c   Code   RO         5898    .text               c_w.l(sys_exit.o)
    0x08001c9c   0x08001c9c   0x00000002   Code   RO         5909    .text               c_w.l(use_no_semi.o)
    0x08001c9e   0x08001c9e   0x00000000   Code   RO         5911    .text               c_w.l(indicate_semi.o)
    0x08001c9e   0x08001c9e   0x0000003e   Code   RO         5797    CL$$btod_d2e        c_w.l(btod.o)
    0x08001cdc   0x08001cdc   0x00000046   Code   RO         5799    CL$$btod_d2e_denorm_low  c_w.l(btod.o)
    0x08001d22   0x08001d22   0x00000060   Code   RO         5798    CL$$btod_d2e_norm_op1  c_w.l(btod.o)
    0x08001d82   0x08001d82   0x00000338   Code   RO         5807    CL$$btod_div_common  c_w.l(btod.o)
    0x080020ba   0x080020ba   0x000000c6   Code   RO         5804    CL$$btod_e2e        c_w.l(btod.o)
    0x08002180   0x08002180   0x00000028   Code   RO         5801    CL$$btod_ediv       c_w.l(btod.o)
    0x080021a8   0x080021a8   0x00000028   Code   RO         5800    CL$$btod_emul       c_w.l(btod.o)
    0x080021d0   0x080021d0   0x00000244   Code   RO         5806    CL$$btod_mult_common  c_w.l(btod.o)
    0x08002414   0x08002414   0x00000002   Code   RO          465    i.BusFault_Handler  stm32f1xx_it.o
    0x08002416   0x08002416   0x00000002   PAD
    0x08002418   0x08002418   0x0000000c   Code   RO          466    i.DMA1_Channel4_IRQHandler  stm32f1xx_it.o
    0x08002424   0x08002424   0x0000000c   Code   RO          467    i.DMA1_Channel5_IRQHandler  stm32f1xx_it.o
    0x08002430   0x08002430   0x0000002a   Code   RO         2005    i.DMA_SetConfig     stm32f1xx_hal_dma.o
    0x0800245a   0x0800245a   0x00000002   Code   RO          468    i.DebugMon_Handler  stm32f1xx_it.o
    0x0800245c   0x0800245c   0x00000004   Code   RO           13    i.Error_Handler     main.o
    0x08002460   0x08002460   0x0000003c   Code   RO         2610    i.FSMC_NORSRAM_Extended_Timing_Init  stm32f1xx_ll_fsmc.o
    0x0800249c   0x0800249c   0x00000068   Code   RO         2611    i.FSMC_NORSRAM_Init  stm32f1xx_ll_fsmc.o
    0x08002504   0x08002504   0x0000003c   Code   RO         2612    i.FSMC_NORSRAM_Timing_Init  stm32f1xx_ll_fsmc.o
    0x08002540   0x08002540   0x00000046   Code   RO         2006    i.HAL_DMA_Abort     stm32f1xx_hal_dma.o
    0x08002586   0x08002586   0x00000002   PAD
    0x08002588   0x08002588   0x00000130   Code   RO         2007    i.HAL_DMA_Abort_IT  stm32f1xx_hal_dma.o
    0x080026b8   0x080026b8   0x00000248   Code   RO         2011    i.HAL_DMA_IRQHandler  stm32f1xx_hal_dma.o
    0x08002900   0x08002900   0x0000007c   Code   RO         2012    i.HAL_DMA_Init      stm32f1xx_hal_dma.o
    0x0800297c   0x0800297c   0x00000070   Code   RO         2016    i.HAL_DMA_Start_IT  stm32f1xx_hal_dma.o
    0x080029ec   0x080029ec   0x00000080   Code   RO          309    i.HAL_FSMC_MspInit  fsmc.o
    0x08002a6c   0x08002a6c   0x000001f8   Code   RO         1942    i.HAL_GPIO_Init     stm32f1xx_hal_gpio.o
    0x08002c64   0x08002c64   0x0000000a   Code   RO         1944    i.HAL_GPIO_ReadPin  stm32f1xx_hal_gpio.o
    0x08002c6e   0x08002c6e   0x00000010   Code   RO         1945    i.HAL_GPIO_TogglePin  stm32f1xx_hal_gpio.o
    0x08002c7e   0x08002c7e   0x0000000a   Code   RO         1946    i.HAL_GPIO_WritePin  stm32f1xx_hal_gpio.o
    0x08002c88   0x08002c88   0x0000000c   Code   RO         1636    i.HAL_GetTick       stm32f1xx_hal.o
    0x08002c94   0x08002c94   0x00000010   Code   RO         1642    i.HAL_IncTick       stm32f1xx_hal.o
    0x08002ca4   0x08002ca4   0x00000024   Code   RO         1643    i.HAL_Init          stm32f1xx_hal.o
    0x08002cc8   0x08002cc8   0x00000098   Code   RO          577    i.HAL_InitTick      stm32f1xx_hal_timebase_tim.o
    0x08002d60   0x08002d60   0x00000048   Code   RO          553    i.HAL_MspInit       stm32f1xx_hal_msp.o
    0x08002da8   0x08002da8   0x0000001a   Code   RO         2102    i.HAL_NVIC_EnableIRQ  stm32f1xx_hal_cortex.o
    0x08002dc2   0x08002dc2   0x00000002   PAD
    0x08002dc4   0x08002dc4   0x00000040   Code   RO         2108    i.HAL_NVIC_SetPriority  stm32f1xx_hal_cortex.o
    0x08002e04   0x08002e04   0x00000024   Code   RO         2109    i.HAL_NVIC_SetPriorityGrouping  stm32f1xx_hal_cortex.o
    0x08002e28   0x08002e28   0x0000012c   Code   RO         1800    i.HAL_RCC_ClockConfig  stm32f1xx_hal_rcc.o
    0x08002f54   0x08002f54   0x00000040   Code   RO         1804    i.HAL_RCC_GetClockConfig  stm32f1xx_hal_rcc.o
    0x08002f94   0x08002f94   0x00000020   Code   RO         1807    i.HAL_RCC_GetPCLK1Freq  stm32f1xx_hal_rcc.o
    0x08002fb4   0x08002fb4   0x00000020   Code   RO         1808    i.HAL_RCC_GetPCLK2Freq  stm32f1xx_hal_rcc.o
    0x08002fd4   0x08002fd4   0x0000004c   Code   RO         1809    i.HAL_RCC_GetSysClockFreq  stm32f1xx_hal_rcc.o
    0x08003020   0x08003020   0x00000320   Code   RO         1812    i.HAL_RCC_OscConfig  stm32f1xx_hal_rcc.o
    0x08003340   0x08003340   0x00000064   Code   RO         2750    i.HAL_SRAM_Init     stm32f1xx_hal_sram.o
    0x080033a4   0x080033a4   0x00000004   Code   RO          311    i.HAL_SRAM_MspInit  fsmc.o
    0x080033a8   0x080033a8   0x00000002   Code   RO         1358    i.HAL_TIMEx_BreakCallback  stm32f1xx_hal_tim_ex.o
    0x080033aa   0x080033aa   0x00000002   Code   RO         1359    i.HAL_TIMEx_CommutCallback  stm32f1xx_hal_tim_ex.o
    0x080033ac   0x080033ac   0x00000054   Code   RO         1361    i.HAL_TIMEx_ConfigBreakDeadTime  stm32f1xx_hal_tim_ex.o
    0x08003400   0x08003400   0x0000007c   Code   RO         1377    i.HAL_TIMEx_MasterConfigSynchronization  stm32f1xx_hal_tim_ex.o
    0x0800347c   0x0800347c   0x0000005a   Code   RO          654    i.HAL_TIM_Base_Init  stm32f1xx_hal_tim.o
    0x080034d6   0x080034d6   0x00000002   PAD
    0x080034d8   0x080034d8   0x00000028   Code   RO          358    i.HAL_TIM_Base_MspInit  tim.o
    0x08003500   0x08003500   0x0000006c   Code   RO          659    i.HAL_TIM_Base_Start_IT  stm32f1xx_hal_tim.o
    0x0800356c   0x0800356c   0x000000dc   Code   RO          663    i.HAL_TIM_ConfigClockSource  stm32f1xx_hal_tim.o
    0x08003648   0x08003648   0x000000cc   Code   RO         5520    i.HAL_TIM_IC_CaptureCallback  remote.o
    0x08003714   0x08003714   0x00000124   Code   RO          690    i.HAL_TIM_IC_ConfigChannel  stm32f1xx_hal_tim.o
    0x08003838   0x08003838   0x0000005a   Code   RO          693    i.HAL_TIM_IC_Init   stm32f1xx_hal_tim.o
    0x08003892   0x08003892   0x00000002   PAD
    0x08003894   0x08003894   0x00000078   Code   RO         5521    i.HAL_TIM_IC_MspInit  remote.o
    0x0800390c   0x0800390c   0x000000f8   Code   RO          698    i.HAL_TIM_IC_Start_IT  stm32f1xx_hal_tim.o
    0x08003a04   0x08003a04   0x00000130   Code   RO          702    i.HAL_TIM_IRQHandler  stm32f1xx_hal_tim.o
    0x08003b34   0x08003b34   0x0000004c   Code   RO          361    i.HAL_TIM_MspPostInit  tim.o
    0x08003b80   0x08003b80   0x00000002   Code   RO          705    i.HAL_TIM_OC_DelayElapsedCallback  stm32f1xx_hal_tim.o
    0x08003b82   0x08003b82   0x000000cc   Code   RO          726    i.HAL_TIM_PWM_ConfigChannel  stm32f1xx_hal_tim.o
    0x08003c4e   0x08003c4e   0x0000005a   Code   RO          729    i.HAL_TIM_PWM_Init  stm32f1xx_hal_tim.o
    0x08003ca8   0x08003ca8   0x00000002   Code   RO          731    i.HAL_TIM_PWM_MspInit  stm32f1xx_hal_tim.o
    0x08003caa   0x08003caa   0x00000002   Code   RO          732    i.HAL_TIM_PWM_PulseFinishedCallback  stm32f1xx_hal_tim.o
    0x08003cac   0x08003cac   0x000000b4   Code   RO          734    i.HAL_TIM_PWM_Start  stm32f1xx_hal_tim.o
    0x08003d60   0x08003d60   0x00000054   Code   RO         5522    i.HAL_TIM_PeriodElapsedCallback  remote.o
    0x08003db4   0x08003db4   0x0000002a   Code   RO          742    i.HAL_TIM_ReadCapturedValue  stm32f1xx_hal_tim.o
    0x08003dde   0x08003dde   0x00000002   Code   RO          745    i.HAL_TIM_TriggerCallback  stm32f1xx_hal_tim.o
    0x08003de0   0x08003de0   0x00000002   Code   RO         2929    i.HAL_UARTEx_RxEventCallback  stm32f1xx_hal_uart.o
    0x08003de2   0x08003de2   0x00000002   Code   RO         2943    i.HAL_UART_ErrorCallback  stm32f1xx_hal_uart.o
    0x08003de4   0x08003de4   0x0000026c   Code   RO         2946    i.HAL_UART_IRQHandler  stm32f1xx_hal_uart.o
    0x08004050   0x08004050   0x00000064   Code   RO         2947    i.HAL_UART_Init     stm32f1xx_hal_uart.o
    0x080040b4   0x080040b4   0x000000dc   Code   RO          424    i.HAL_UART_MspInit  usart.o
    0x08004190   0x08004190   0x0000001c   Code   RO         2951    i.HAL_UART_Receive_DMA  stm32f1xx_hal_uart.o
    0x080041ac   0x080041ac   0x00000002   Code   RO         2953    i.HAL_UART_RxCpltCallback  stm32f1xx_hal_uart.o
    0x080041ae   0x080041ae   0x00000002   Code   RO         2954    i.HAL_UART_RxHalfCpltCallback  stm32f1xx_hal_uart.o
    0x080041b0   0x080041b0   0x00000032   Code   RO         2957    i.HAL_UART_Transmit_IT  stm32f1xx_hal_uart.o
    0x080041e2   0x080041e2   0x00000002   PAD
    0x080041e4   0x080041e4   0x0000001c   Code   RO         5419    i.HAL_UART_TxCpltCallback  myprintf.o
    0x08004200   0x08004200   0x00000002   Code   RO          469    i.HardFault_Handler  stm32f1xx_it.o
    0x08004202   0x08004202   0x00000002   PAD
    0x08004204   0x08004204   0x0000003c   Code   RO          285    i.MX_DMA_Init       dma.o
    0x08004240   0x08004240   0x000000c8   Code   RO          242    i.MX_FREERTOS_Init  freertos.o
    0x08004308   0x08004308   0x00000094   Code   RO          312    i.MX_FSMC_Init      fsmc.o
    0x0800439c   0x0800439c   0x000000e8   Code   RO          218    i.MX_GPIO_Init      gpio.o
    0x08004484   0x08004484   0x0000006c   Code   RO          362    i.MX_TIM4_Init      tim.o
    0x080044f0   0x080044f0   0x00000114   Code   RO          363    i.MX_TIM8_Init      tim.o
    0x08004604   0x08004604   0x00000038   Code   RO          425    i.MX_USART1_UART_Init  usart.o
    0x0800463c   0x0800463c   0x00000002   Code   RO          470    i.MemManage_Handler  stm32f1xx_it.o
    0x0800463e   0x0800463e   0x00000002   Code   RO          471    i.NMI_Handler       stm32f1xx_it.o
    0x08004640   0x08004640   0x00000170   Code   RO         5523    i.Read_remote_data  remote.o
    0x080047b0   0x080047b0   0x00000064   Code   RO         5496    i.StartBeepWorkTaskFunction  beep.o
    0x08004814   0x08004814   0x00000258   Code   RO         5076    i.StartLCDDisplayTaskFunction  mytask.o
    0x08004a6c   0x08004a6c   0x0000013c   Code   RO         5077    i.StartLEDProcessedTaskFunction  mytask.o
    0x08004ba8   0x08004ba8   0x00000078   Code   RO         5472    i.StartLEDWorkTaskFunction  led.o
    0x08004c20   0x08004c20   0x0000004c   Code   RO         5078    i.StartTimeSetTaskFunction  mytask.o
    0x08004c6c   0x08004c6c   0x000000a4   Code   RO         5420    i.StartUART1_recv_TaskFunction  myprintf.o
    0x08004d10   0x08004d10   0x00000008   Code   RO          243    i.StartdefauleTask  freertos.o
    0x08004d18   0x08004d18   0x0000001a   Code   RO         4428    i.SysTick_Handler   cmsis_os2.o
    0x08004d32   0x08004d32   0x0000005e   Code   RO           15    i.SystemClock_Config  main.o
    0x08004d90   0x08004d90   0x00000002   Code   RO         3281    i.SystemInit        system_stm32f1xx.o
    0x08004d92   0x08004d92   0x00000002   PAD
    0x08004d94   0x08004d94   0x0000000c   Code   RO         5524    i.TIM4_IRQHandler   remote.o
    0x08004da0   0x08004da0   0x0000000c   Code   RO          473    i.TIM6_IRQHandler   stm32f1xx_it.o
    0x08004dac   0x08004dac   0x0000009c   Code   RO          747    i.TIM_Base_SetConfig  stm32f1xx_hal_tim.o
    0x08004e48   0x08004e48   0x0000001a   Code   RO          748    i.TIM_CCxChannelCmd  stm32f1xx_hal_tim.o
    0x08004e62   0x08004e62   0x00000014   Code   RO          758    i.TIM_ETR_SetConfig  stm32f1xx_hal_tim.o
    0x08004e76   0x08004e76   0x00000010   Code   RO          759    i.TIM_ITRx_SetConfig  stm32f1xx_hal_tim.o
    0x08004e86   0x08004e86   0x00000002   PAD
    0x08004e88   0x08004e88   0x00000060   Code   RO          760    i.TIM_OC1_SetConfig  stm32f1xx_hal_tim.o
    0x08004ee8   0x08004ee8   0x0000006c   Code   RO          761    i.TIM_OC2_SetConfig  stm32f1xx_hal_tim.o
    0x08004f54   0x08004f54   0x00000068   Code   RO          762    i.TIM_OC3_SetConfig  stm32f1xx_hal_tim.o
    0x08004fbc   0x08004fbc   0x00000050   Code   RO          763    i.TIM_OC4_SetConfig  stm32f1xx_hal_tim.o
    0x0800500c   0x0800500c   0x00000022   Code   RO          765    i.TIM_TI1_ConfigInputStage  stm32f1xx_hal_tim.o
    0x0800502e   0x0800502e   0x00000002   PAD
    0x08005030   0x08005030   0x0000006c   Code   RO          766    i.TIM_TI1_SetConfig  stm32f1xx_hal_tim.o
    0x0800509c   0x0800509c   0x00000024   Code   RO          767    i.TIM_TI2_ConfigInputStage  stm32f1xx_hal_tim.o
    0x080050c0   0x080050c0   0x00000036   Code   RO          768    i.TIM_TI2_SetConfig  stm32f1xx_hal_tim.o
    0x080050f6   0x080050f6   0x00000010   Code   RO         2960    i.UART_DMAAbortOnError  stm32f1xx_hal_uart.o
    0x08005106   0x08005106   0x0000004a   Code   RO         2961    i.UART_DMAError     stm32f1xx_hal_uart.o
    0x08005150   0x08005150   0x00000086   Code   RO         2962    i.UART_DMAReceiveCplt  stm32f1xx_hal_uart.o
    0x080051d6   0x080051d6   0x0000001e   Code   RO         2964    i.UART_DMARxHalfCplt  stm32f1xx_hal_uart.o
    0x080051f4   0x080051f4   0x0000004e   Code   RO         2970    i.UART_EndRxTransfer  stm32f1xx_hal_uart.o
    0x08005242   0x08005242   0x0000001c   Code   RO         2971    i.UART_EndTxTransfer  stm32f1xx_hal_uart.o
    0x0800525e   0x0800525e   0x000000c2   Code   RO         2972    i.UART_Receive_IT   stm32f1xx_hal_uart.o
    0x08005320   0x08005320   0x000000b8   Code   RO         2973    i.UART_SetConfig    stm32f1xx_hal_uart.o
    0x080053d8   0x080053d8   0x00000090   Code   RO         2974    i.UART_Start_Receive_DMA  stm32f1xx_hal_uart.o
    0x08005468   0x08005468   0x00000014   Code   RO          474    i.USART1_IRQHandler  stm32f1xx_it.o
    0x0800547c   0x0800547c   0x00000002   Code   RO          475    i.UsageFault_Handler  stm32f1xx_it.o
    0x0800547e   0x0800547e   0x00000028   Code   RO         5832    i.__ARM_fpclassify  m_ws.l(fpclassify.o)
    0x080054a6   0x080054a6   0x00000020   Code   RO         2115    i.__NVIC_SetPriority  stm32f1xx_hal_cortex.o
    0x080054c6   0x080054c6   0x0000000e   Code   RO         5630    i._is_digit         c_w.l(__printf_wp.o)
    0x080054d4   0x080054d4   0x0000000c   Code   RO         5376    i.delay_init        delay.o
    0x080054e0   0x080054e0   0x0000000a   Code   RO         5377    i.delay_ms          delay.o
    0x080054ea   0x080054ea   0x00000002   PAD
    0x080054ec   0x080054ec   0x00000034   Code   RO         5378    i.delay_us          delay.o
    0x08005520   0x08005520   0x00000030   Code   RO         5136    i.lcd_clear         lcd.o
    0x08005550   0x08005550   0x000000ec   Code   RO         5138    i.lcd_display_dir   lcd.o
    0x0800563c   0x0800563c   0x00000018   Code   RO         5144    i.lcd_draw_point    lcd.o
    0x08005654   0x08005654   0x0000022e   Code   RO         5146    i.lcd_ex_ili9341_reginit  lcd.o
    0x08005882   0x08005882   0x00000342   Code   RO         5147    i.lcd_ex_ili9806_reginit  lcd.o
    0x08005bc4   0x08005bc4   0x00000ef4   Code   RO         5148    i.lcd_ex_nt35310_reginit  lcd.o
    0x08006ab8   0x08006ab8   0x00000efa   Code   RO         5149    i.lcd_ex_nt35510_reginit  lcd.o
    0x080079b2   0x080079b2   0x00000170   Code   RO         5150    i.lcd_ex_ssd1963_reginit  lcd.o
    0x08007b22   0x08007b22   0x000001aa   Code   RO         5151    i.lcd_ex_st7789_reginit  lcd.o
    0x08007ccc   0x08007ccc   0x000001c8   Code   RO         5152    i.lcd_ex_st7796_reginit  lcd.o
    0x08007e94   0x08007e94   0x00000048   Code   RO         5153    i.lcd_fill          lcd.o
    0x08007edc   0x08007edc   0x00000314   Code   RO         5155    i.lcd_init          lcd.o
    0x080081f0   0x080081f0   0x00000010   Code   RO         5156    i.lcd_pow           lcd.o
    0x08008200   0x08008200   0x0000001c   Code   RO         5157    i.lcd_rd_data       lcd.o
    0x0800821c   0x0800821c   0x00000180   Code   RO         5159    i.lcd_scan_dir      lcd.o
    0x0800839c   0x0800839c   0x000000f4   Code   RO         5160    i.lcd_set_cursor    lcd.o
    0x08008490   0x08008490   0x000000e0   Code   RO         5162    i.lcd_show_char     lcd.o
    0x08008570   0x08008570   0x00000072   Code   RO         5163    i.lcd_show_num      lcd.o
    0x080085e2   0x080085e2   0x00000056   Code   RO         5164    i.lcd_show_string   lcd.o
    0x08008638   0x08008638   0x0000008a   Code   RO         5165    i.lcd_show_xnum     lcd.o
    0x080086c2   0x080086c2   0x00000002   PAD
    0x080086c4   0x080086c4   0x0000004c   Code   RO         5166    i.lcd_ssd_backlight_set  lcd.o
    0x08008710   0x08008710   0x00000018   Code   RO         5167    i.lcd_wr_data       lcd.o
    0x08008728   0x08008728   0x00000018   Code   RO         5168    i.lcd_wr_regno      lcd.o
    0x08008740   0x08008740   0x00000014   Code   RO         5169    i.lcd_write_ram_prepare  lcd.o
    0x08008754   0x08008754   0x00000010   Code   RO         5170    i.lcd_write_reg     lcd.o
    0x08008764   0x08008764   0x0000002e   Code   RO           16    i.main              main.o
    0x08008792   0x08008792   0x00000002   PAD
    0x08008794   0x08008794   0x00000048   Code   RO         5421    i.myprintf          myprintf.o
    0x080087dc   0x080087dc   0x0000001a   Code   RO         4430    i.osDelay           cmsis_os2.o
    0x080087f6   0x080087f6   0x00000002   PAD
    0x080087f8   0x080087f8   0x00000024   Code   RO         4444    i.osKernelInitialize  cmsis_os2.o
    0x0800881c   0x0800881c   0x00000038   Code   RO         4447    i.osKernelStart     cmsis_os2.o
    0x08008854   0x08008854   0x0000005c   Code   RO         4472    i.osSemaphoreAcquire  cmsis_os2.o
    0x080088b0   0x080088b0   0x00000098   Code   RO         4475    i.osSemaphoreNew    cmsis_os2.o
    0x08008948   0x08008948   0x00000054   Code   RO         4476    i.osSemaphoreRelease  cmsis_os2.o
    0x0800899c   0x0800899c   0x00000088   Code   RO         4489    i.osThreadNew       cmsis_os2.o
    0x08008a24   0x08008a24   0x0000005c   Code   RO         3889    i.prvAddCurrentTaskToDelayedList  tasks.o
    0x08008a80   0x08008a80   0x000000d0   Code   RO         3890    i.prvAddNewTaskToReadyList  tasks.o
    0x08008b50   0x08008b50   0x00000058   Code   RO         4254    i.prvCheckForValidListAndQueue  timers.o
    0x08008ba8   0x08008ba8   0x00000026   Code   RO         3486    i.prvCopyDataFromQueue  queue.o
    0x08008bce   0x08008bce   0x0000006c   Code   RO         3487    i.prvCopyDataToQueue  queue.o
    0x08008c3a   0x08008c3a   0x00000034   Code   RO         3891    i.prvDeleteTCB      tasks.o
    0x08008c6e   0x08008c6e   0x00000002   PAD
    0x08008c70   0x08008c70   0x0000004c   Code   RO         4941    i.prvHeapInit       heap_4.o
    0x08008cbc   0x08008cbc   0x00000060   Code   RO         3892    i.prvIdleTask       tasks.o
    0x08008d1c   0x08008d1c   0x00000022   Code   RO         3489    i.prvInitialiseNewQueue  queue.o
    0x08008d3e   0x08008d3e   0x00000002   PAD
    0x08008d40   0x08008d40   0x000000b0   Code   RO         3893    i.prvInitialiseNewTask  tasks.o
    0x08008df0   0x08008df0   0x0000004c   Code   RO         4942    i.prvInsertBlockIntoFreeList  heap_4.o
    0x08008e3c   0x08008e3c   0x00000038   Code   RO         4256    i.prvInsertTimerInActiveList  timers.o
    0x08008e74   0x08008e74   0x0000001c   Code   RO         3490    i.prvIsQueueEmpty   queue.o
    0x08008e90   0x08008e90   0x000000fc   Code   RO         4257    i.prvProcessReceivedCommands  timers.o
    0x08008f8c   0x08008f8c   0x000000c0   Code   RO         4258    i.prvProcessTimerOrBlockTask  timers.o
    0x0800904c   0x0800904c   0x00000020   Code   RO         3895    i.prvResetNextTaskUnblockTime  tasks.o
    0x0800906c   0x0800906c   0x00000028   Code   RO         4259    i.prvSampleTimeNow  timers.o
    0x08009094   0x08009094   0x0000006c   Code   RO         4260    i.prvSwitchTimerLists  timers.o
    0x08009100   0x08009100   0x00000028   Code   RO         4997    i.prvTaskExitError  port.o
    0x08009128   0x08009128   0x00000024   Code   RO         4261    i.prvTimerTask      timers.o
    0x0800914c   0x0800914c   0x0000006a   Code   RO         3491    i.prvUnlockQueue    queue.o
    0x080091b6   0x080091b6   0x00000002   PAD
    0x080091b8   0x080091b8   0x000000dc   Code   RO         4943    i.pvPortMalloc      heap_4.o
    0x08009294   0x08009294   0x00000018   Code   RO         3898    i.pvTaskIncrementMutexHeldCount  tasks.o
    0x080092ac   0x080092ac   0x00000024   Code   RO         4998    i.pxPortInitialiseStack  port.o
    0x080092d0   0x080092d0   0x00000050   Code   RO         5525    i.remote_init       remote.o
    0x08009320   0x08009320   0x00000044   Code   RO         5526    i.remote_scan       remote.o
    0x08009364   0x08009364   0x0000002c   Code   RO         5422    i.uart1_data_in     myprintf.o
    0x08009390   0x08009390   0x00000026   Code   RO         3446    i.uxListRemove      list.o
    0x080093b6   0x080093b6   0x00000002   PAD
    0x080093b8   0x080093b8   0x00000014   Code   RO         4501    i.vApplicationGetIdleTaskMemory  cmsis_os2.o
    0x080093cc   0x080093cc   0x00000018   Code   RO         4502    i.vApplicationGetTimerTaskMemory  cmsis_os2.o
    0x080093e4   0x080093e4   0x00000016   Code   RO         3447    i.vListInitialise   list.o
    0x080093fa   0x080093fa   0x00000006   Code   RO         3448    i.vListInitialiseItem  list.o
    0x08009400   0x08009400   0x00000030   Code   RO         3449    i.vListInsert       list.o
    0x08009430   0x08009430   0x00000018   Code   RO         3450    i.vListInsertEnd    list.o
    0x08009448   0x08009448   0x00000040   Code   RO         5000    i.vPortEnterCritical  port.o
    0x08009488   0x08009488   0x00000028   Code   RO         5001    i.vPortExitCritical  port.o
    0x080094b0   0x080094b0   0x00000064   Code   RO         4944    i.vPortFree         heap_4.o
    0x08009514   0x08009514   0x00000024   Code   RO         5002    i.vPortSetupTimerInterrupt  port.o
    0x08009538   0x08009538   0x00000054   Code   RO         5003    i.vPortValidateInterruptPriority  port.o
    0x0800958c   0x0800958c   0x00000028   Code   RO         3497    i.vQueueAddToRegistry  queue.o
    0x080095b4   0x080095b4   0x0000002e   Code   RO         3498    i.vQueueDelete      queue.o
    0x080095e2   0x080095e2   0x00000002   PAD
    0x080095e4   0x080095e4   0x00000028   Code   RO         3500    i.vQueueUnregisterQueue  queue.o
    0x0800960c   0x0800960c   0x00000044   Code   RO         3501    i.vQueueWaitForMessageRestricted  queue.o
    0x08009650   0x08009650   0x0000004c   Code   RO         3908    i.vTaskDelay        tasks.o
    0x0800969c   0x0800969c   0x00000010   Code   RO         3913    i.vTaskInternalSetTimeOutState  tasks.o
    0x080096ac   0x080096ac   0x0000000c   Code   RO         3914    i.vTaskMissedYield  tasks.o
    0x080096b8   0x080096b8   0x00000030   Code   RO         3916    i.vTaskPlaceOnEventList  tasks.o
    0x080096e8   0x080096e8   0x00000038   Code   RO         3917    i.vTaskPlaceOnEventListRestricted  tasks.o
    0x08009720   0x08009720   0x00000090   Code   RO         3919    i.vTaskPriorityDisinheritAfterTimeout  tasks.o
    0x080097b0   0x080097b0   0x00000088   Code   RO         3925    i.vTaskStartScheduler  tasks.o
    0x08009838   0x08009838   0x00000010   Code   RO         3927    i.vTaskSuspendAll   tasks.o
    0x08009848   0x08009848   0x00000064   Code   RO         3928    i.vTaskSwitchContext  tasks.o
    0x080098ac   0x080098ac   0x000000a8   Code   RO         5004    i.xPortStartScheduler  port.o
    0x08009954   0x08009954   0x0000002c   Code   RO         5005    i.xPortSysTickHandler  port.o
    0x08009980   0x08009980   0x0000003a   Code   RO         3502    i.xQueueCreateCountingSemaphore  queue.o
    0x080099ba   0x080099ba   0x00000040   Code   RO         3503    i.xQueueCreateCountingSemaphoreStatic  queue.o
    0x080099fa   0x080099fa   0x00000042   Code   RO         3506    i.xQueueGenericCreate  queue.o
    0x08009a3c   0x08009a3c   0x00000066   Code   RO         3507    i.xQueueGenericCreateStatic  queue.o
    0x08009aa2   0x08009aa2   0x00000002   PAD
    0x08009aa4   0x08009aa4   0x00000088   Code   RO         3508    i.xQueueGenericReset  queue.o
    0x08009b2c   0x08009b2c   0x00000160   Code   RO         3509    i.xQueueGenericSend  queue.o
    0x08009c8c   0x08009c8c   0x000000be   Code   RO         3510    i.xQueueGenericSendFromISR  queue.o
    0x08009d4a   0x08009d4a   0x0000009c   Code   RO         3513    i.xQueueGiveFromISR  queue.o
    0x08009de6   0x08009de6   0x00000002   PAD
    0x08009de8   0x08009de8   0x00000138   Code   RO         3519    i.xQueueReceive     queue.o
    0x08009f20   0x08009f20   0x0000009a   Code   RO         3520    i.xQueueReceiveFromISR  queue.o
    0x08009fba   0x08009fba   0x00000002   PAD
    0x08009fbc   0x08009fbc   0x00000178   Code   RO         3521    i.xQueueSemaphoreTake  queue.o
    0x0800a134   0x0800a134   0x00000074   Code   RO         3930    i.xTaskCheckForTimeOut  tasks.o
    0x0800a1a8   0x0800a1a8   0x0000005a   Code   RO         3931    i.xTaskCreate       tasks.o
    0x0800a202   0x0800a202   0x00000056   Code   RO         3932    i.xTaskCreateStatic  tasks.o
    0x0800a258   0x0800a258   0x0000001c   Code   RO         3936    i.xTaskGetSchedulerState  tasks.o
    0x0800a274   0x0800a274   0x0000000c   Code   RO         3937    i.xTaskGetTickCount  tasks.o
    0x0800a280   0x0800a280   0x000000c8   Code   RO         3939    i.xTaskIncrementTick  tasks.o
    0x0800a348   0x0800a348   0x00000080   Code   RO         3942    i.xTaskPriorityDisinherit  tasks.o
    0x0800a3c8   0x0800a3c8   0x00000078   Code   RO         3943    i.xTaskPriorityInherit  tasks.o
    0x0800a440   0x0800a440   0x00000070   Code   RO         3944    i.xTaskRemoveFromEventList  tasks.o
    0x0800a4b0   0x0800a4b0   0x000000c4   Code   RO         3945    i.xTaskResumeAll    tasks.o
    0x0800a574   0x0800a574   0x00000060   Code   RO         4270    i.xTimerCreateTimerTask  timers.o
    0x0800a5d4   0x0800a5d4   0x00000068   Code   RO         4271    i.xTimerGenericCommand  timers.o
    0x0800a63c   0x0800a63c   0x0000002c   Code   RO         5820    locale$$code        c_w.l(lc_numeric_c.o)
    0x0800a668   0x0800a668   0x0000002c   Code   RO         5840    locale$$code        c_w.l(lc_ctype_c.o)
    0x0800a694   0x0800a694   0x0000005a   Code   RO         5668    x$fpl$dfixu         fz_ws.l(dfixu.o)
    0x0800a6ee   0x0800a6ee   0x00000026   Code   RO         5672    x$fpl$dfltu         fz_ws.l(dflt_clz.o)
    0x0800a714   0x0800a714   0x00000154   Code   RO         5678    x$fpl$dmul          fz_ws.l(dmul.o)
    0x0800a868   0x0800a868   0x0000009c   Code   RO         5736    x$fpl$dnaninf       fz_ws.l(dnaninf.o)
    0x0800a904   0x0800a904   0x0000000c   Code   RO         5738    x$fpl$dretinf       fz_ws.l(dretinf.o)
    0x0800a910   0x0800a910   0x00000004   Code   RO         5740    x$fpl$printf1       fz_ws.l(printf1.o)
    0x0800a914   0x0800a914   0x00000004   Code   RO         5742    x$fpl$printf2       fz_ws.l(printf2.o)
    0x0800a918   0x0800a918   0x00000000   Code   RO         5748    x$fpl$usenofp       fz_ws.l(usenofp.o)
    0x0800a918   0x0800a918   0x0000013c   Data   RO          244    .constdata          freertos.o
    0x0800aa54   0x0800aa54   0x00000012   Data   RO         1813    .constdata          stm32f1xx_hal_rcc.o
    0x0800aa66   0x0800aa66   0x00000010   Data   RO         3282    .constdata          system_stm32f1xx.o
    0x0800aa76   0x0800aa76   0x00000008   Data   RO         3283    .constdata          system_stm32f1xx.o
    0x0800aa7e   0x0800aa7e   0x00002f80   Data   RO         5172    .constdata          lcd.o
    0x0800d9fe   0x0800d9fe   0x00000028   Data   RO         5618    .constdata          c_w.l(_printf_hex_int_ll_ptr.o)
    0x0800da26   0x0800da26   0x00000011   Data   RO         5638    .constdata          c_w.l(__printf_flags_ss_wp.o)
    0x0800da37   0x0800da37   0x00000001   PAD
    0x0800da38   0x0800da38   0x00000008   Data   RO         5696    .constdata          c_w.l(_printf_wctomb.o)
    0x0800da40   0x0800da40   0x00000026   Data   RO         5771    .constdata          c_w.l(_printf_fp_hex.o)
    0x0800da66   0x0800da66   0x00000002   PAD
    0x0800da68   0x0800da68   0x00000094   Data   RO         5795    .constdata          c_w.l(bigflt0.o)
    0x0800dafc   0x0800dafc   0x000000b4   Data   RO          245    .conststring        freertos.o
    0x0800dbb0   0x0800dbb0   0x00000020   Data   RO         5963    Region$$Table       anon$$obj.o
    0x0800dbd0   0x0800dbd0   0x0000001c   Data   RO         5819    locale$$data        c_w.l(lc_numeric_c.o)
    0x0800dbec   0x0800dbec   0x00000110   Data   RO         5839    locale$$data        c_w.l(lc_ctype_c.o)


    Execution Region RW_IRAM1 (Exec base: 0x20000000, Load base: 0x0800dcfc, Size: 0x00003ee0, Max: 0x00010000, ABSOLUTE)

    Exec Addr    Load Addr    Size         Type   Attr      Idx    E Section Name        Object

    0x20000000   0x0800dcfc   0x0000002c   Data   RW          246    .data               freertos.o
    0x2000002c   0x0800dd28   0x00000008   Data   RW          314    .data               fsmc.o
    0x20000034   0x0800dd30   0x0000000c   Data   RW         1650    .data               stm32f1xx_hal.o
    0x20000040   0x0800dd3c   0x00000004   Data   RW         3284    .data               system_stm32f1xx.o
    0x20000044   0x0800dd40   0x0000003c   Data   RW         3948    .data               tasks.o
    0x20000080   0x0800dd7c   0x00000014   Data   RW         4279    .data               timers.o
    0x20000094   0x0800dd90   0x00000004   Data   RW         4504    .data               cmsis_os2.o
    0x20000098   0x0800dd94   0x00000020   Data   RW         4950    .data               heap_4.o
    0x200000b8   0x0800ddb4   0x0000000c   Data   RW         5006    .data               port.o
    0x200000c4   0x0800ddc0   0x00000004   Data   RW         5174    .data               lcd.o
    0x200000c8   0x0800ddc4   0x00000004   Data   RW         5379    .data               delay.o
    0x200000cc   0x0800ddc8   0x00000008   Data   RW         5528    .data               remote.o
    0x200000d4        -       0x00000048   Zero   RW          313    .bss                fsmc.o
    0x2000011c        -       0x00000090   Zero   RW          364    .bss                tim.o
    0x200001ac        -       0x000000d0   Zero   RW          426    .bss                usart.o
    0x2000027c        -       0x00000048   Zero   RW          580    .bss                stm32f1xx_hal_timebase_tim.o
    0x200002c4        -       0x00000040   Zero   RW         3523    .bss                queue.o
    0x20000304        -       0x000004c4   Zero   RW         3947    .bss                tasks.o
    0x200007c8        -       0x00000118   Zero   RW         4278    .bss                timers.o
    0x200008e0        -       0x000006b8   Zero   RW         4503    .bss                cmsis_os2.o
    0x20000f98        -       0x00002800   Zero   RW         4949    .bss                heap_4.o
    0x20003798        -       0x00000056   Zero   RW         5171    .bss                lcd.o
    0x200037ee        -       0x00000046   Zero   RW         5423    .bss                myprintf.o
    0x20003834        -       0x00000048   Zero   RW         5527    .bss                remote.o
    0x2000387c        -       0x00000060   Zero   RW         5835    .bss                c_w.l(libspace.o)
    0x200038dc   0x0800ddd0   0x00000004   PAD
    0x200038e0        -       0x00000200   Zero   RW            2    HEAP                startup_stm32f103xe.o
    0x20003ae0        -       0x00000400   Zero   RW            1    STACK               startup_stm32f103xe.o


==============================================================================

Image component sizes


      Code (inc. data)   RO Data    RW Data    ZI Data      Debug   Object Name

       100          6          0          0          0       1032   beep.o
       652         32          0          4       1720      60174   cmsis_os2.o
        74         10          0          4          0       1971   delay.o
        60          4          0          0          0        726   dma.o
         0          0          0          0          0      19564   event_groups.o
       208         38        496         44          0       3047   freertos.o
       280         36          0          8         72       2103   fsmc.o
       232         14          0          0          0       1015   gpio.o
       472         24          0         32      10240       4423   heap_4.o
     12866        136      12160          4         86      24101   lcd.o
       120          8          0          0          0       1031   led.o
       138          0          0          0          0       3106   list.o
       144          0          0          0          0     512448   main.o
       308         54          0          0         70       3993   myprintf.o
       992        254          0          0          0       2727   mytask.o
       662         70          0         12          0      10421   port.o
      2474         28          0          0         64      22692   queue.o
       936        210          0          8         72       5592   remote.o
        64         26        304          0       1536        792   startup_stm32f103xe.o
        64         14          0         12          0       5126   stm32f1xx_hal.o
       158         14          0          0          0      27766   stm32f1xx_hal_cortex.o
      1236         52          0          0          0       4506   stm32f1xx_hal_dma.o
       540         42          0          0          0       3592   stm32f1xx_hal_gpio.o
        72         10          0          0          0        830   stm32f1xx_hal_msp.o
      1304         94         18          0          0       5301   stm32f1xx_hal_rcc.o
       100          0          0          0          0       1076   stm32f1xx_hal_sram.o
      2714        138          0          0          0      18688   stm32f1xx_hal_tim.o
       212         20          0          0          0       2981   stm32f1xx_hal_tim_ex.o
       152         20          0          0         72       1367   stm32f1xx_hal_timebase_tim.o
      1688         24          0          0          0      11471   stm32f1xx_hal_uart.o
        68         22          0          0          0       4189   stm32f1xx_it.o
       224         14          0          0          0       3587   stm32f1xx_ll_fsmc.o
         0          0          0          0          0        428   stream_buffer.o
         2          0         24          4          0       1059   system_stm32f1xx.o
      2372        192          0         60       1220      26325   tasks.o
       500         38          0          0        144       2861   tim.o
       972         80          0         20        280      31055   timers.o
       276         28          0          0        208       1752   usart.o

    ----------------------------------------------------------------------
     33482       1752      13034        212      15784     834918   Object Totals
         0          0         32          0          0          0   (incl. Generated)
        46          0          0          0          0          0   (incl. Padding)

    ----------------------------------------------------------------------

      Code (inc. data)   RO Data    RW Data    ZI Data      Debug   Library Member Name

        60          8          0          0          0         84   __0sscanf.o
        44          6          0          0          0         84   __2sprintf.o
         8          0          0          0          0         68   __main.o
       392          4         17          0          0         92   __printf_flags_ss_wp.o
        14          0          0          0          0         68   __printf_wp.o
         0          0          0          0          0          0   __rtentry.o
        12          0          0          0          0          0   __rtentry2.o
         6          0          0          0          0          0   __rtentry4.o
        52          8          0          0          0          0   __scatter.o
        26          0          0          0          0          0   __scatter_copy.o
        28          0          0          0          0          0   __scatter_zi.o
        28          0          0          0          0         68   _chval.o
         6          0          0          0          0          0   _printf_a.o
         6          0          0          0          0          0   _printf_c.o
        44          0          0          0          0        108   _printf_char.o
        48          6          0          0          0         96   _printf_char_common.o
        40          0          0          0          0         68   _printf_charcount.o
         6          0          0          0          0          0   _printf_d.o
       120         16          0          0          0         92   _printf_dec.o
         6          0          0          0          0          0   _printf_e.o
         6          0          0          0          0          0   _printf_f.o
      1050          0          0          0          0        216   _printf_fp_dec.o
       764         10         38          0          0        100   _printf_fp_hex.o
       128         16          0          0          0         84   _printf_fp_infnan.o
         6          0          0          0          0          0   _printf_g.o
       148          4         40          0          0        160   _printf_hex_int_ll_ptr.o
         6          0          0          0          0          0   _printf_i.o
       178          0          0          0          0         88   _printf_intcommon.o
        10          0          0          0          0          0   _printf_l.o
         6          0          0          0          0          0   _printf_lc.o
        10          0          0          0          0          0   _printf_ll.o
         6          0          0          0          0          0   _printf_lld.o
         6          0          0          0          0          0   _printf_lli.o
         6          0          0          0          0          0   _printf_llo.o
         6          0          0          0          0          0   _printf_llu.o
         6          0          0          0          0          0   _printf_llx.o
       124         16          0          0          0         92   _printf_longlong_dec.o
         6          0          0          0          0          0   _printf_ls.o
         6          0          0          0          0          0   _printf_n.o
         6          0          0          0          0          0   _printf_o.o
       112          8          0          0          0        124   _printf_oct_int_ll.o
         6          0          0          0          0          0   _printf_p.o
        78          0          0          0          0        108   _printf_pad.o
         0          0          0          0          0          0   _printf_percent.o
         4          0          0          0          0          0   _printf_percent_end.o
         6          0          0          0          0          0   _printf_s.o
        82          0          0          0          0         80   _printf_str.o
        36          0          0          0          0         84   _printf_truncate.o
         6          0          0          0          0          0   _printf_u.o
        44          0          0          0          0        108   _printf_wchar.o
       188          6          8          0          0         92   _printf_wctomb.o
         6          0          0          0          0          0   _printf_x.o
       884          6          0          0          0        100   _scanf.o
       332          0          0          0          0         96   _scanf_int.o
        64          0          0          0          0         84   _sgetc.o
        10          0          0          0          0         68   _sputc.o
        64          0          0          0          0         92   _wcrtomb.o
        16          0          0          0          0         68   aeabi_memset.o
       220          4        148          0          0         96   bigflt0.o
      1910        128          0          0          0        672   btod.o
        12          0          0          0          0         72   exit.o
         6          0          0          0          0        152   heapauxi.o
         0          0          0          0          0          0   indicate_semi.o
        18          0          0          0          0         76   isspace.o
        44         10        272          0          0         76   lc_ctype_c.o
        44         10         28          0          0         76   lc_numeric_c.o
         2          0          0          0          0          0   libinit.o
        30          0          0          0          0          0   libinit2.o
         2          0          0          0          0          0   libshutdown.o
         2          0          0          0          0          0   libshutdown2.o
         8          4          0          0         96         68   libspace.o
       138          0          0          0          0         80   lludiv10.o
        16          4          0          0          0         76   rt_ctype_table.o
         8          4          0          0          0         68   rt_locale_intlibspace.o
        68          0          0          0          0         68   rt_memclr.o
        78          0          0          0          0         80   rt_memclr_w.o
       138          0          0          0          0         68   rt_memcpy_v6.o
       100          0          0          0          0         80   rt_memcpy_w.o
         2          0          0          0          0          0   rtexit.o
        10          0          0          0          0          0   rtexit2.o
        44          8          0          0          0         84   scanf_char.o
       128          0          0          0          0         68   strcmpv7m.o
        72          0          0          0          0         80   strcpy.o
        62          0          0          0          0         76   strlen.o
       150          0          0          0          0         80   strncmp.o
        12          4          0          0          0         68   sys_exit.o
        74          0          0          0          0         80   sys_stackheap_outer.o
         2          0          0          0          0         68   use_no_semi.o
        36          4          0          0          0         76   vsprintf.o
        90          4          0          0          0         92   dfixu.o
        38          0          0          0          0         68   dflt_clz.o
       340         12          0          0          0        104   dmul.o
       156          4          0          0          0         92   dnaninf.o
        12          0          0          0          0         68   dretinf.o
         4          0          0          0          0         68   printf1.o
         4          0          0          0          0         68   printf2.o
         0          0          0          0          0          0   usenofp.o
        40          0          0          0          0         68   fpclassify.o

    ----------------------------------------------------------------------
      9502        314        554          0        100       5788   Library Totals
        14          0          3          0          4          0   (incl. Padding)

    ----------------------------------------------------------------------

      Code (inc. data)   RO Data    RW Data    ZI Data      Debug   Library Name

      8804        294        551          0         96       5160   c_w.l
       644         20          0          0          0        560   fz_ws.l
        40          0          0          0          0         68   m_ws.l

    ----------------------------------------------------------------------
      9502        314        554          0        100       5788   Library Totals

    ----------------------------------------------------------------------

==============================================================================


      Code (inc. data)   RO Data    RW Data    ZI Data      Debug   

     42984       2066      13588        212      15884     825674   Grand Totals
     42984       2066      13588        212      15884     825674   ELF Image Totals
     42984       2066      13588        212          0          0   ROM Totals

==============================================================================

    Total RO  Size (Code + RO Data)                56572 (  55.25kB)
    Total RW  Size (RW Data + ZI Data)             16096 (  15.72kB)
    Total ROM Size (Code + RO Data + RW Data)      56784 (  55.45kB)

==============================================================================

